CROSS ccomp 2 18 3 1 1 0 19 4 1 | 0 1 0 1 0 1 0 1 0 1 # 10 30
CROSS ccomp 3 12 6 1 1 0 19 0 2 | 0 1 2 0 1 2 # 6 25
CROSS ccomp 4 6 9 1 1 0 19 5 16 | 0 1 2 3 0 1 2 3 # 8 64
CROSS ccomp 5 0 12 1 1 19 19 19 1 | # 0 0
CROSS ccomp 6 18 15 1 1 19 19 5 5 | 0 1 2 3 4 5 0 1 2 3 4 5 0 1 2 3 4 5 0 1 2 3 4 5 # 24 820
CROSS ccomp 2 12 19 1 1 19 19 19 16 | 0 1 # 2 2
CROSS ccomp 3 6 22 1 1 22 19 2 22 | 0 1 2 0 1 2 0 1 2 # 9 51
CROSS ccomp 4 1 1 1 1 22 19 22 5 | 0 1 2 3 0 1 2 3 # 8 64
CROSS ccomp 5 19 4 1 1 22 19 2 9 | 0 1 2 3 4 # 5 40
CROSS ccomp 6 13 7 1 1 1 19 22 22 | 0 1 2 3 4 5 0 1 2 3 4 5 0 1 2 3 4 5 0 1 2 3 4 5 # 24 820
CROSS ccomp 2 7 11 1 1 1 19 9 4 | 0 1 0 1 # 4 6
CROSS ccomp 3 1 14 1 1 1 19 1 9 | 0 1 2 0 1 2 0 1 2 # 9 51
CROSS ccomp 4 19 17 1 1 4 19 9 19 | 0 1 2 3 0 1 2 3 0 1 2 3 # 12 132
CROSS ccomp 5 13 20 1 1 4 19 1 4 | 0 1 2 3 4 0 1 2 3 4 0 1 2 3 4 # 15 270
CROSS ccomp 6 7 23 1 1 4 19 16 2 | 0 1 2 3 4 5 # 6 70
CROSS ccomp 2 2 3 1 1 5 19 4 19 | 0 1 0 1 0 1 0 1 0 1 # 10 30
CROSS ccomp 3 20 6 1 1 5 19 16 1 | 0 1 2 0 1 2 # 6 25
CROSS ccomp 4 14 9 1 1 5 19 4 2 | 0 1 2 3 0 1 2 3 0 1 2 3 0 1 2 3 # 16 224
CROSS ccomp 5 8 12 1 1 2 19 0 19 | 0 1 2 3 4 0 1 2 3 4 # 10 130
CROSS ccomp 6 2 15 1 1 2 19 5 1 | 0 1 2 3 4 5 0 1 2 3 4 5 0 1 2 3 4 5 0 1 2 3 4 5 # 24 820
CROSS ccomp 2 20 19 1 1 2 19 0 2 | # 0 0
CROSS ccomp 3 14 22 1 1 2 19 5 16 | 0 1 2 0 1 2 0 1 2 0 1 2 # 12 86
CROSS ccomp 4 9 1 1 1 9 19 19 1 | 0 1 2 3 0 1 2 3 # 8 64
CROSS ccomp 5 3 4 1 1 9 19 2 5 | 0 1 2 3 4 0 1 2 3 4 0 1 2 3 4 0 1 2 3 4 # 20 460
CROSS ccomp 6 21 7 1 1 9 19 19 16 | 0 1 2 3 4 5 0 1 2 3 4 5 0 1 2 3 4 5 # 18 480
CROSS ccomp 2 15 11 1 1 16 19 2 22 | 0 1 0 1 0 1 0 1 0 1 0 1 0 1 0 1 0 1 # 18 90
CROSS ccomp 3 9 14 1 1 16 19 22 5 | 0 1 2 0 1 2 0 1 2 0 1 2 # 12 86
CROSS ccomp 4 3 17 1 1 16 19 9 9 | 0 1 2 3 0 1 2 3 0 1 2 3 0 1 2 3 0 1 2 3 # 20 340
CROSS ccomp 5 21 20 1 1 0 22 22 22 | # 0 0
CROSS ccomp 6 15 23 1 1 0 22 9 4 | 0 1 2 3 4 5 0 1 2 3 4 5 # 12 230
CROSS ccomp 2 10 3 1 1 0 22 1 9 | 0 1 0 1 0 1 0 1 # 8 20
CROSS ccomp 3 4 6 1 1 19 22 16 19 | 0 1 2 0 1 2 0 1 2 0 1 2 0 1 2 0 1 2 # 18 183
CROSS ccomp 4 22 9 1 1 19 22 1 4 | 0 1 2 3 # 4 20
CROSS ccomp 5 16 12 1 1 19 22 16 2 | 0 1 2 3 4 0 1 2 3 4 0 1 2 3 4 # 15 270
CROSS ccomp 6 10 15 1 1 22 22 4 19 | 0 1 2 3 4 5 0 1 2 3 4 5 0 1 2 3 4 5 0 1 2 3 4 5 0 1 2 3 4 5 # 30 1250
CROSS ccomp 2 4 19 1 1 22 22 0 4 | 0 1 # 2 2
CROSS ccomp 3 22 22 1 1 22 22 4 2 | # 0 0
CROSS ccomp 4 17 1 1 1 1 22 0 19 | 0 1 2 3 0 1 2 3 0 1 2 3 # 12 132
CROSS ccomp 5 11 4 1 1 1 22 5 1 | 0 1 2 3 4 0 1 2 3 4 0 1 2 3 4 # 15 270
CROSS ccomp 6 5 7 1 1 1 22 19 2 | 0 1 2 3 4 5 0 1 2 3 4 5 # 12 230
CROSS ccomp 2 23 11 1 1 1 22 5 16 | 0 1 # 2 2
CROSS ccomp 3 17 14 1 1 4 22 19 1 | 0 1 2 0 1 2 # 6 25
CROSS ccomp 4 11 17 1 1 4 22 2 5 | 0 1 2 3 0 1 2 3 0 1 2 3 0 1 2 3 # 16 224
CROSS ccomp 5 5 20 1 1 4 22 22 16 | 0 1 2 3 4 # 5 40
CROSS ccomp 6 23 23 1 1 5 22 2 22 | # 0 0
CROSS ccomp 2 18 3 1 1 5 22 22 5 | 0 1 0 1 0 1 0 1 0 1 # 10 30
CROSS ccomp 3 12 6 1 1 5 22 9 9 | 0 1 2 0 1 2 0 1 2 # 9 51
CROSS ccomp 4 6 9 1 1 2 22 1 22 | 0 1 2 3 0 1 2 3 # 8 64
CROSS ccomp 5 0 12 1 1 2 22 16 4 | 0 1 2 3 4 # 5 40
CROSS ccomp 6 18 15 1 1 2 22 1 9 | 0 1 2 3 4 5 0 1 2 3 4 5 0 1 2 3 4 5 0 1 2 3 4 5 # 24 820
CROSS ccomp 2 12 19 1 1 9 22 16 19 | 0 1 0 1 0 1 0 1 # 8 20
CROSS ccomp 3 6 22 1 1 9 22 4 4 | 0 1 2 # 3 8
CROSS ccomp 4 1 1 1 1 9 22 0 9 | 0 1 2 3 0 1 2 3 # 8 64
CROSS ccomp 5 19 4 1 1 16 22 4 19 | 0 1 2 3 4 0 1 2 3 4 # 10 130
CROSS ccomp 6 13 7 1 1 16 22 0 4 | 0 1 2 3 4 5 0 1 2 3 4 5 0 1 2 3 4 5 # 18 480
CROSS ccomp 2 7 11 1 1 16 22 5 2 | 0 1 0 1 # 4 6
CROSS ccomp 3 1 14 1 1 0 1 19 19 | 0 1 2 0 1 2 # 6 25
CROSS ccomp 4 19 17 1 1 0 1 5 1 | 0 1 2 3 0 1 2 3 # 8 64
CROSS ccomp 5 13 20 1 1 0 1 19 2 | # 0 0
CROSS ccomp 6 7 23 1 1 0 1 2 16 | # 0 0
CROSS ccomp 2 2 3 1 1 19 1 22 1 | # 0 0
CROSS ccomp 3 20 6 1 1 19 1 2 5 | 0 1 2 0 1 2 # 6 25
CROSS ccomp 4 14 9 1 1 19 1 22 16 | 0 1 2 3 # 4 20
CROSS ccomp 5 8 12 1 1 22 1 9 22 | 0 1 2 3 4 0 1 2 3 4 # 10 130
CROSS ccomp 6 2 15 1 1 22 1 1 5 | 0 1 2 3 4 5 0 1 2 3 4 5 # 12 230
CROSS ccomp 2 20 19 1 1 22 1 9 9 | # 0 0
CROSS ccomp 3 14 22 1 1 1 1 1 22 | 0 1 2 0 1 2 0 1 2 # 9 51
CROSS ccomp 4 9 1 1 1 1 1 16 4 | 0 1 2 3 0 1 2 3 # 8 64
CROSS ccomp 5 3 4 1 1 1 1 4 9 | 0 1 2 3 4 0 1 2 3 4 0 1 2 3 4 0 1 2 3 4 # 20 460
CROSS ccomp 6 21 7 1 1 4 1 16 19 | 0 1 2 3 4 5 # 6 70
CROSS ccomp 2 15 11 1 1 4 1 4 4 | 0 1 0 1 0 1 # 6 12
CROSS ccomp 3 9 14 1 1 4 1 0 9 | 0 1 2 0 1 2 0 1 2 # 9 51
CROSS ccomp 4 3 17 1 1 5 1 5 19 | 0 1 2 3 0 1 2 3 0 1 2 3 0 1 2 3 0 1 2 3 # 20 340
CROSS ccomp 5 21 20 1 1 5 1 0 4 | # 0 0
CROSS ccomp 6 15 23 1 1 5 1 5 2 | 0 1 2 3 4 5 0 1 2 3 4 5 # 12 230
CROSS ccomp 2 10 3 1 1 2 1 19 19 | 0 1 0 1 0 1 0 1 0 1 # 10 30
CROSS ccomp 3 4 6 1 1 2 1 2 1 | 0 1 2 0 1 2 0 1 2 0 1 2 # 12 86
CROSS ccomp 4 22 9 1 1 2 1 19 2 | 0 1 2 3 # 4 20
CROSS ccomp 5 16 12 1 1 2 1 2 16 | 0 1 2 3 4 0 1 2 3 4 0 1 2 3 4 0 1 2 3 4 0 1 2 3 4 # 25 700
CROSS ccomp 6 10 15 1 1 9 1 22 1 | 0 1 2 3 4 5 # 6 70
CROSS ccomp 2 4 19 1 1 9 1 9 5 | 0 1 # 2 2
CROSS ccomp 3 22 22 1 1 9 1 22 16 | # 0 0
CROSS ccomp 4 17 1 1 1 16 1 9 22 | 0 1 2 3 0 1 2 3 0 1 2 3 0 1 2 3 0 1 2 3 # 20 340
CROSS ccomp 5 11 4 1 1 16 1 1 5 | 0 1 2 3 4 0 1 2 3 4 0 1 2 3 4 # 15 270
CROSS ccomp 6 5 7 1 1 16 1 16 9 | 0 1 2 3 4 5 0 1 2 3 4 5 0 1 2 3 4 5 # 18 480
CROSS ccomp 2 23 11 1 1 0 4 1 22 | 0 1 0 1 # 4 6
CROSS ccomp 3 17 14 1 1 0 4 16 4 | 0 1 2 0 1 2 0 1 2 0 1 2 # 12 86
CROSS ccomp 4 11 17 1 1 0 4 4 9 | 0 1 2 3 0 1 2 3 0 1 2 3 # 12 132
CROSS ccomp 5 5 20 1 1 19 4 0 22 | 0 1 2 3 4 # 5 40
CROSS ccomp 6 23 23 1 1 19 4 4 4 | # 0 0
CROSS ccomp 2 18 3 1 1 19 4 0 9 | 0 1 0 1 0 1 0 1 # 8 20
CROSS ccomp 3 12 6 1 1 22 4 5 19 | 0 1 2 0 1 2 0 1 2 0 1 2 # 12 86
CROSS ccomp 4 6 9 1 1 22 4 19 4 | # 0 0
CROSS ccomp 5 0 12 1 1 22 4 2 2 | 0 1 2 3 4 # 5 40
CROSS ccomp 6 18 15 1 1 1 4 19 19 | 0 1 2 3 4 5 0 1 2 3 4 5 0 1 2 3 4 5 0 1 2 3 4 5 # 24 820
CROSS ccomp 2 12 19 1 1 1 4 2 1 | 0 1 # 2 2
CROSS ccomp 3 6 22 1 1 1 4 22 2 | 0 1 2 # 3 8
CROSS ccomp 4 1 1 1 1 1 4 9 16 | 0 1 2 3 0 1 2 3 # 8 64
CROSS ccomp 5 19 4 1 1 4 4 22 1 | # 0 0
CROSS ccomp 6 13 7 1 1 4 4 9 5 | 0 1 2 3 4 5 0 1 2 3 4 5 0 1 2 3 4 5 # 18 480
CROSS ccomp 2 7 11 1 1 4 4 1 16 | 0 1 0 1 # 4 6
CROSS ccomp 3 1 14 1 1 5 4 16 22 | 0 1 2 0 1 2 0 1 2 # 9 51
CROSS ccomp 4 19 17 1 1 5 4 1 5 | 0 1 2 3 0 1 2 3 # 8 64
CROSS ccomp 5 13 20 1 1 5 4 16 9 | 0 1 2 3 4 0 1 2 3 4 # 10 130
CROSS ccomp 6 7 23 1 1 2 4 4 22 | 0 1 2 3 4 5 # 6 70
CROSS ccomp 2 2 3 1 1 2 4 0 5 | 0 1 0 1 0 1 0 1 0 1 # 10 30
CROSS ccomp 3 20 6 1 1 2 4 4 9 | 0 1 2 # 3 8
CROSS ccomp 4 14 9 1 1 9 4 0 22 | 0 1 2 3 0 1 2 3 0 1 2 3 # 12 132
CROSS ccomp 5 8 12 1 1 9 4 5 4 | 0 1 2 3 4 0 1 2 3 4 # 10 130
CROSS ccomp 6 2 15 1 1 9 4 19 9 | 0 1 2 3 4 5 0 1 2 3 4 5 0 1 2 3 4 5 0 1 2 3 4 5 # 24 820
CROSS ccomp 2 20 19 1 1 16 4 5 19 | 0 1 # 2 2
CROSS ccomp 3 14 22 1 1 16 4 19 4 | 0 1 2 0 1 2 # 6 25
CROSS ccomp 4 9 1 1 1 16 4 2 2 | 0 1 2 3 0 1 2 3 0 1 2 3 # 12 132
CROSS ccomp 5 3 4 1 1 0 5 22 19 | 0 1 2 3 4 0 1 2 3 4 0 1 2 3 4 0 1 2 3 4 # 20 460
CROSS ccomp 6 21 7 1 1 0 5 2 1 | 0 1 2 3 4 5 0 1 2 3 4 5 # 12 230
CROSS ccomp 2 15 11 1 1 0 5 22 2 | 0 1 0 1 # 4 6
CROSS ccomp 3 9 14 1 1 0 5 9 16 | 0 1 2 0 1 2 0 1 2 # 9 51
CROSS ccomp 4 3 17 1 1 19 5 1 1 | 0 1 2 3 0 1 2 3 0 1 2 3 0 1 2 3 0 1 2 3 # 20 340
CROSS ccomp 5 21 20 1 1 19 5 9 5 | # 0 0
CROSS ccomp 6 15 23 1 1 19 5 1 16 | 0 1 2 3 4 5 # 6 70
CROSS ccomp 2 10 3 1 1 22 5 16 22 | 0 1 0 1 0 1 # 6 12
CROSS ccomp 3 4 6 1 1 22 5 4 5 | 0 1 2 0 1 2 # 6 25
CROSS ccomp 4 22 9 1 1 22 5 16 9 | 0 1 2 3 0 1 2 3 # 8 64
CROSS ccomp 5 16 12 1 1 1 5 4 22 | 0 1 2 3 4 0 1 2 3 4 0 1 2 3 4 0 1 2 3 4 # 20 460
CROSS ccomp 6 10 15 1 1 1 5 0 5 | 0 1 2 3 4 5 0 1 2 3 4 5 # 12 230
CROSS ccomp 2 4 19 1 1 1 5 5 9 | 0 1 # 2 2
CROSS ccomp 3 22 22 1 1 4 5 0 22 | # 0 0
CROSS ccomp 4 17 1 1 1 4 5 5 4 | 0 1 2 3 0 1 2 3 0 1 2 3 # 12 132
CROSS ccomp 5 11 4 1 1 4 5 19 9 | 0 1 2 3 4 0 1 2 3 4 # 10 130
CROSS ccomp 6 5 7 1 1 5 5 2 19 | 0 1 2 3 4 5 0 1 2 3 4 5 # 12 230
CROSS ccomp 2 23 11 1 1 5 5 19 4 | 0 1 # 2 2
CROSS ccomp 3 17 14 1 1 5 5 2 2 | 0 1 2 0 1 2 0 1 2 0 1 2 # 12 86
CROSS ccomp 4 11 17 1 1 2 5 22 19 | 0 1 2 3 0 1 2 3 0 1 2 3 # 12 132
CROSS ccomp 5 5 20 1 1 2 5 9 1 | 0 1 2 3 4 0 1 2 3 4 # 10 130
CROSS ccomp 6 23 23 1 1 2 5 22 2 | # 0 0
CROSS ccomp 2 18 3 1 1 2 5 9 16 | 0 1 0 1 0 1 0 1 0 1 0 1 # 12 42
CROSS ccomp 3 12 6 1 1 9 5 1 1 | 0 1 2 0 1 2 # 6 25
CROSS ccomp 4 6 9 1 1 9 5 16 5 | 0 1 2 3 0 1 2 3 # 8 64
CROSS ccomp 5 0 12 1 1 9 5 4 16 | 0 1 2 3 4 # 5 40
CROSS ccomp 6 18 15 1 1 16 5 16 22 | 0 1 2 3 4 5 0 1 2 3 4 5 0 1 2 3 4 5 0 1 2 3 4 5 0 1 2 3 4 5 # 30 1250
CROSS ccomp 2 12 19 1 1 16 5 4 5 | 0 1 0 1 # 4 6
CROSS ccomp 3 6 22 1 1 16 5 0 16 | 0 1 2 0 1 2 # 6 25
CROSS ccomp 4 1 1 1 1 0 2 5 22 | 0 1 2 3 0 1 2 3 # 8 64
CROSS ccomp 5 19 4 1 1 0 2 0 5 | 0 1 2 3 4 # 5 40
CROSS ccomp 6 13 7 1 1 0 2 5 9 | 0 1 2 3 4 5 # 6 70
CROSS ccomp 2 7 11 1 1 19 2 19 22 | 0 1 0 1 # 4 6
CROSS ccomp 3 1 14 1 1 19 2 2 4 | 0 1 2 0 1 2 0 1 2 # 9 51
CROSS ccomp 4 19 17 1 1 19 2 19 9 | 0 1 2 3 0 1 2 3 # 8 64
CROSS ccomp 5 13 20 1 1 22 2 2 19 | # 0 0
CROSS ccomp 6 7 23 1 1 22 2 22 4 | 0 1 2 3 4 5 # 6 70
CROSS ccomp 2 2 3 1 1 22 2 9 2 | 0 1 0 1 # 4 6
CROSS ccomp 3 20 6 1 1 1 2 22 19 | 0 1 2 # 3 8
CROSS ccomp 4 14 9 1 1 1 2 9 1 | 0 1 2 3 0 1 2 3 # 8 64
CROSS ccomp 5 8 12 1 1 1 2 1 2 | 0 1 2 3 4 0 1 2 3 4 # 10 130
CROSS ccomp 6 2 15 1 1 1 2 16 16 | 0 1 2 3 4 5 0 1 2 3 4 5 0 1 2 3 4 5 # 18 480
CROSS ccomp 2 20 19 1 1 4 2 1 1 | # 0 0
CROSS ccomp 3 14 22 1 1 4 2 16 5 | 0 1 2 # 3 8
CROSS ccomp 4 9 1 1 1 4 2 4 16 | 0 1 2 3 0 1 2 3 # 8 64
CROSS ccomp 5 3 4 1 1 5 2 0 1 | 0 1 2 3 4 0 1 2 3 4 # 10 130
CROSS ccomp 6 21 7 1 1 5 2 4 5 | 0 1 2 3 4 5 # 6 70
CROSS ccomp 2 15 11 1 1 5 2 0 16 | 0 1 0 1 # 4 6
CROSS ccomp 3 9 14 1 1 2 2 5 22 | 0 1 2 0 1 2 0 1 2 # 9 51
CROSS ccomp 4 3 17 1 1 2 2 19 5 | 0 1 2 3 0 1 2 3 0 1 2 3 0 1 2 3 0 1 2 3 # 20 340
CROSS ccomp 5 21 20 1 1 2 2 5 9 | # 0 0
CROSS ccomp 6 15 23 1 1 9 2 19 22 | 0 1 2 3 4 5 # 6 70
CROSS ccomp 2 10 3 1 1 9 2 2 4 | 0 1 0 1 0 1 0 1 # 8 20
CROSS ccomp 3 4 6 1 1 9 2 22 9 | 0 1 2 0 1 2 # 6 25
CROSS ccomp 4 22 9 1 1 16 2 2 19 | 0 1 2 3 0 1 2 3 0 1 2 3 # 12 132
CROSS ccomp 5 16 12 1 1 16 2 22 4 | 0 1 2 3 4 0 1 2 3 4 0 1 2 3 4 # 15 270
CROSS ccomp 6 10 15 1 1 16 2 9 2 | 0 1 2 3 4 5 0 1 2 3 4 5 # 12 230
CROSS ccomp 2 4 19 1 1 0 9 1 19 | 0 1 0 1 # 4 6
CROSS ccomp 3 22 22 1 1 0 9 9 1 | # 0 0
CROSS ccomp 4 17 1 1 1 0 9 1 2 | 0 1 2 3 0 1 2 3 0 1 2 3 # 12 132
CROSS ccomp 5 11 4 1 1 0 9 16 16 | 0 1 2 3 4 0 1 2 3 4 # 10 130
CROSS ccomp 6 5 7 1 1 19 9 4 1 | 0 1 2 3 4 5 0 1 2 3 4 5 # 12 230
CROSS ccomp 2 23 11 1 1 19 9 16 5 | 0 1 # 2 2
CROSS ccomp 3 17 14 1 1 19 9 4 16 | 0 1 2 0 1 2 0 1 2 0 1 2 # 12 86
CROSS ccomp 4 11 17 1 1 22 9 0 1 | 0 1 2 3 # 4 20
CROSS ccomp 5 5 20 1 1 22 9 5 5 | 0 1 2 3 4 # 5 40
CROSS ccomp 6 23 23 1 1 22 9 0 16 | # 0 0
CROSS ccomp 2 18 3 1 1 1 9 5 22 | 0 1 0 1 0 1 0 1 0 1 # 10 30
CROSS ccomp 3 12 6 1 1 1 9 19 5 | 0 1 2 # 3 8
CROSS ccomp 4 6 9 1 1 1 9 2 9 | 0 1 2 3 0 1 2 3 0 1 2 3 # 12 132
CROSS ccomp 5 0 12 1 1 4 9 22 22 | 0 1 2 3 4 # 5 40
CROSS ccomp 6 18 15 1 1 4 9 2 4 | 0 1 2 3 4 5 0 1 2 3 4 5 0 1 2 3 4 5 0 1 2 3 4 5 0 1 2 3 4 5 # 30 1250
CROSS ccomp 2 12 19 1 1 4 9 22 9 | 0 1 # 2 2
CROSS ccomp 3 6 22 1 1 5 9 9 19 | 0 1 2 0 1 2 # 6 25
CROSS ccomp 4 1 1 1 1 5 9 1 4 | 0 1 2 3 0 1 2 3 # 8 64
CROSS ccomp 5 19 4 1 1 5 9 9 2 | 0 1 2 3 4 # 5 40
CROSS ccomp 6 13 7 1 1 2 9 1 19 | 0 1 2 3 4 5 0 1 2 3 4 5 0 1 2 3 4 5 # 18 480
CROSS ccomp 2 7 11 1 1 2 9 16 1 | 0 1 0 1 0 1 # 6 12
CROSS ccomp 3 1 14 1 1 2 9 4 2 | 0 1 2 0 1 2 # 6 25
CROSS ccomp 4 19 17 1 1 2 9 16 16 | 0 1 2 3 0 1 2 3 # 8 64
CROSS ccomp 5 13 20 1 1 9 9 4 1 | 0 1 2 3 4 0 1 2 3 4 # 10 130
CROSS ccomp 6 7 23 1 1 9 9 0 2 | 0 1 2 3 4 5 # 6 70
CROSS ccomp 2 2 3 1 1 9 9 5 16 | 0 1 0 1 0 1 0 1 0 1 # 10 30
CROSS ccomp 3 20 6 1 1 16 9 0 1 | # 0 0
CROSS ccomp 4 14 9 1 1 16 9 5 5 | 0 1 2 3 0 1 2 3 0 1 2 3 # 12 132
CROSS ccomp 5 8 12 1 1 16 9 19 16 | 0 1 2 3 4 0 1 2 3 4 # 10 130
CROSS ccomp 6 2 15 1 1 0 16 2 22 | 0 1 2 3 4 5 0 1 2 3 4 5 0 1 2 3 4 5 0 1 2 3 4 5 # 24 820
CROSS ccomp 2 20 19 1 1 0 16 19 5 | # 0 0
CROSS ccomp 3 14 22 1 1 0 16 2 9 | 0 1 2 0 1 2 # 6 25
CROSS ccomp 4 9 1 1 1 19 16 22 22 | 0 1 2 3 0 1 2 3 # 8 64
CROSS ccomp 5 3 4 1 1 19 16 9 4 | 0 1 2 3 4 0 1 2 3 4 0 1 2 3 4 0 1 2 3 4 # 20 460
CROSS ccomp 6 21 7 1 1 19 16 22 9 | 0 1 2 3 4 5 # 6 70
CROSS ccomp 2 15 11 1 1 22 16 9 19 | 0 1 0 1 0 1 0 1 # 8 20
CROSS ccomp 3 9 14 1 1 22 16 1 4 | 0 1 2 0 1 2 0 1 2 # 9 51
CROSS ccomp 4 3 17 1 1 22 16 16 2 | 0 1 2 3 0 1 2 3 0 1 2 3 0 1 2 3 0 1 2 3 # 20 340
CROSS ccomp 5 21 20 1 1 1 16 1 19 | # 0 0
CROSS ccomp 6 15 23 1 1 1 16 16 1 | 0 1 2 3 4 5 0 1 2 3 4 5 # 12 230
CROSS ccomp 2 10 3 1 1 1 16 4 2 | 0 1 0 1 0 1 # 6 12
CROSS ccomp 3 4 6 1 1 4 16 0 19 | 0 1 2 0 1 2 # 6 25
CROSS ccomp 4 22 9 1 1 4 16 4 1 | 0 1 2 3 # 4 20
CROSS ccomp 5 16 12 1 1 4 16 0 2 | 0 1 2 3 4 0 1 2 3 4 # 10 130
CROSS ccomp 6 10 15 1 1 4 16 5 16 | 0 1 2 3 4 5 0 1 2 3 4 5 0 1 2 3 4 5 # 18 480
CROSS ccomp 2 4 19 1 1 5 16 19 1 | 0 1 # 2 2
CROSS ccomp 3 22 22 1 1 5 16 5 5 | # 0 0
CROSS ccomp 4 17 1 1 1 5 16 19 16 | 0 1 2 3 0 1 2 3 0 1 2 3 # 12 132
CROSS ccomp 5 11 4 1 1 2 16 2 22 | 0 1 2 3 4 0 1 2 3 4 # 10 130
CROSS ccomp 6 5 7 1 1 2 16 22 5 | 0 1 2 3 4 5 0 1 2 3 4 5 # 12 230
CROSS ccomp 2 23 11 1 1 2 16 2 9 | 0 1 # 2 2
CROSS ccomp 3 17 14 1 1 9 16 22 22 | 0 1 2 0 1 2 0 1 2 0 1 2 # 12 86
CROSS ccomp 4 11 17 1 1 9 16 9 4 | 0 1 2 3 0 1 2 3 0 1 2 3 # 12 132
CROSS ccomp 5 5 20 1 1 9 16 1 9 | 0 1 2 3 4 # 5 40
CROSS ccomp 6 23 23 1 1 16 16 9 19 | 0 1 2 3 4 5 # 6 70
CROSS ccomp 2 18 3 1 1 16 16 1 4 | 0 1 0 1 0 1 0 1 0 1 # 10 30
CROSS ccomp 3 12 6 1 1 16 16 16 2 | 0 1 2 0 1 2 # 6 25
[C(a+b<=2) done] sims 14929920
CROSS ccomp 3 22 22 1 1 4 19 9 19 | 0 1 2 0 1 2 # 6 25
CROSS ccomp 3 22 22 1 1 1 2 19 1 | # 0 0
CROSS ccomp 3 22 22 1 2 0 19 4 1 19 1 | # 0 0
CROSS ccomp 3 22 22 1 2 0 19 9 1 0 9 | # 0 0
CROSS ccomp 3 22 22 1 2 19 19 19 4 9 1 | # 0 0
CROSS ccomp 3 22 22 1 2 19 19 4 4 2 9 | # 0 0
CROSS ccomp 3 22 22 1 2 1 19 9 4 4 4 | 0 1 2 # 3 8
CROSS ccomp 3 22 22 1 2 4 19 19 2 1 19 | 0 1 2 0 1 2 # 6 25
CROSS ccomp 3 22 22 1 2 4 19 4 2 19 2 | 0 1 2 # 3 8
CROSS ccomp 3 22 22 1 2 2 19 9 2 0 1 | 0 1 2 0 1 2 # 6 25
CROSS ccomp 3 22 22 1 2 2 19 19 9 9 2 | 0 1 2 0 1 2 # 6 25
CROSS ccomp 3 22 22 1 2 9 19 4 9 2 1 | 0 1 2 # 3 8
CROSS ccomp 3 22 22 1 2 9 19 9 9 4 9 | 0 1 2 # 3 8
CROSS ccomp 3 22 22 1 2 0 1 19 19 4 4 | # 0 0
CROSS ccomp 3 22 22 1 2 19 1 4 19 1 19 | 0 1 2 0 1 2 # 6 25
CROSS ccomp 3 22 22 1 2 19 1 9 19 19 2 | 0 1 2 # 3 8
CROSS ccomp 3 22 22 1 2 1 1 19 1 0 1 | # 0 0
CROSS ccomp 3 22 22 1 2 1 1 4 1 9 2 | # 0 0
CROSS ccomp 3 22 22 1 2 4 1 9 1 2 1 | # 0 0
CROSS ccomp 3 22 22 1 2 4 1 19 4 4 9 | # 0 0
CROSS ccomp 3 22 22 1 2 2 1 4 4 1 4 | # 0 0
CROSS ccomp 3 22 22 1 2 9 1 9 4 19 19 | # 0 0
CROSS ccomp 3 22 22 1 2 9 1 19 2 0 2 | # 0 0
CROSS ccomp 3 22 22 1 2 0 4 4 2 9 19 | 0 1 2 # 3 8
CROSS ccomp 3 22 22 1 2 0 4 9 2 2 2 | # 0 0
CROSS ccomp 3 22 22 1 2 19 4 19 9 4 1 | # 0 0
CROSS ccomp 3 22 22 1 2 19 4 4 9 1 9 | # 0 0
CROSS ccomp 3 22 22 1 2 1 4 9 9 19 4 | # 0 0
CROSS ccomp 3 22 22 1 2 4 4 19 19 19 19 | # 0 0
CROSS ccomp 3 22 22 1 2 4 4 4 19 0 2 | 0 1 2 # 3 8
CROSS ccomp 3 22 22 1 2 2 4 9 19 9 19 | 0 1 2 0 1 2 # 6 25
CROSS ccomp 3 22 22 1 2 2 4 19 1 2 2 | # 0 0
CROSS ccomp 3 22 22 1 2 9 4 4 1 4 1 | # 0 0
CROSS ccomp 3 22 22 1 2 9 4 9 1 1 9 | # 0 0
CROSS ccomp 3 22 22 1 2 0 2 19 4 19 4 | # 0 0
CROSS ccomp 3 22 22 1 2 19 2 4 4 0 19 | # 0 0
CROSS ccomp 3 22 22 1 2 19 2 9 4 9 4 | # 0 0
CROSS ccomp 3 22 22 1 2 1 2 19 2 2 19 | 0 1 2 0 1 2 # 6 25
CROSS ccomp 3 22 22 1 2 1 2 4 2 4 2 | # 0 0
CROSS ccomp 3 22 22 1 2 4 2 9 2 1 1 | # 0 0
CROSS ccomp 3 22 22 1 2 4 2 19 9 19 9 | # 0 0
CROSS ccomp 3 22 22 1 2 2 2 4 9 0 4 | # 0 0
CROSS ccomp 3 22 22 1 2 2 2 9 9 9 9 | # 0 0
CROSS ccomp 3 22 22 1 2 9 2 19 19 9 4 | # 0 0
CROSS ccomp 3 22 22 1 2 0 9 4 19 2 19 | 0 1 2 0 1 2 0 1 2 # 9 51
CROSS ccomp 3 22 22 1 2 0 9 9 19 4 2 | 0 1 2 # 3 8
CROSS ccomp 3 22 22 1 2 19 9 19 1 1 1 | # 0 0
CROSS ccomp 3 22 22 1 2 19 9 4 1 19 9 | # 0 0
CROSS ccomp 3 22 22 1 2 1 9 9 1 0 4 | # 0 0
CROSS ccomp 3 22 22 1 2 1 9 19 4 9 9 | # 0 0
CROSS ccomp 3 22 22 1 2 4 9 4 4 2 4 | # 0 0
CROSS ccomp 3 22 22 1 2 2 9 9 4 4 19 | 0 1 2 # 3 8
CROSS ccomp 3 22 22 1 2 2 9 19 2 1 2 | # 0 0
CROSS ccomp 3 22 22 1 2 9 9 4 2 19 1 | # 0 0
CROSS ccomp 3 22 22 1 2 9 9 9 2 0 9 | # 0 0
CROSS ccomp 3 22 22 2 1 9 1 0 19 19 9 | # 0 0
CROSS ccomp 3 22 22 2 1 2 9 0 19 4 9 | # 0 0
CROSS ccomp 3 22 22 2 1 4 4 19 19 9 9 | # 0 0
CROSS ccomp 3 22 22 2 1 4 19 1 19 19 19 | 0 1 2 0 1 2 # 6 25
CROSS ccomp 3 22 22 2 1 1 2 1 19 4 19 | 0 1 2 0 1 2 # 6 25
CROSS ccomp 3 22 22 2 1 19 1 4 19 9 19 | 0 1 2 0 1 2 # 6 25
CROSS ccomp 3 22 22 2 1 0 9 4 19 19 1 | 0 1 2 # 3 8
CROSS ccomp 3 22 22 2 1 9 1 2 19 4 1 | 0 1 2 0 1 2 # 6 25
CROSS ccomp 3 22 22 2 1 2 9 2 19 9 1 | 0 1 2 0 1 2 # 6 25
CROSS ccomp 3 22 22 2 1 4 4 9 19 19 4 | 0 1 2 # 3 8
CROSS ccomp 3 22 22 2 1 1 19 0 1 4 4 | # 0 0
CROSS ccomp 3 22 22 2 1 19 2 0 1 9 4 | # 0 0
CROSS ccomp 3 22 22 2 1 0 1 19 1 19 2 | # 0 0
CROSS ccomp 3 22 22 2 1 9 2 19 1 4 2 | # 0 0
CROSS ccomp 3 22 22 2 1 2 1 1 1 9 2 | # 0 0
CROSS ccomp 3 22 22 2 1 4 9 1 1 19 9 | # 0 0
CROSS ccomp 3 22 22 2 1 1 4 4 1 4 9 | # 0 0
CROSS ccomp 3 22 22 2 1 19 19 2 1 9 9 | # 0 0
CROSS ccomp 3 22 22 2 1 19 2 2 1 19 19 | # 0 0
CROSS ccomp 3 22 22 2 1 0 1 9 1 4 19 | 0 1 2 # 3 8
CROSS ccomp 3 22 22 2 1 9 2 9 1 9 19 | 0 1 2 # 3 8
CROSS ccomp 3 22 22 2 1 2 1 0 4 19 1 | # 0 0
CROSS ccomp 3 22 22 2 1 4 9 0 4 4 1 | # 0 0
CROSS ccomp 3 22 22 2 1 1 4 19 4 9 1 | # 0 0
CROSS ccomp 3 22 22 2 1 19 19 1 4 19 4 | # 0 0
CROSS ccomp 3 22 22 2 1 0 2 1 4 4 4 | # 0 0
CROSS ccomp 3 22 22 2 1 9 19 4 4 9 4 | 0 1 2 # 3 8
CROSS ccomp 3 22 22 2 1 2 2 4 4 19 2 | # 0 0
CROSS ccomp 3 22 22 2 1 4 1 2 4 4 2 | # 0 0
CROSS ccomp 3 22 22 2 1 1 9 2 4 9 2 | # 0 0
CROSS ccomp 3 22 22 2 1 19 4 9 4 19 9 | # 0 0
CROSS ccomp 3 22 22 2 1 0 19 0 2 4 9 | # 0 0
CROSS ccomp 3 22 22 2 1 9 4 0 2 9 9 | # 0 0
CROSS ccomp 3 22 22 2 1 9 19 19 2 19 19 | 0 1 2 # 3 8
CROSS ccomp 3 22 22 2 1 2 2 19 2 4 19 | 0 1 2 # 3 8
CROSS ccomp 3 22 22 2 1 4 1 1 2 9 19 | 0 1 2 # 3 8
CROSS ccomp 3 22 22 2 1 1 9 1 2 19 1 | # 0 0
CROSS ccomp 3 22 22 2 1 19 4 4 2 4 1 | # 0 0
CROSS ccomp 3 22 22 2 1 0 19 2 2 9 1 | # 0 0
CROSS ccomp 3 22 22 2 1 9 4 2 2 19 4 | # 0 0
CROSS ccomp 3 22 22 2 1 2 19 9 2 4 4 | 0 1 2 # 3 8
CROSS ccomp 3 22 22 2 1 4 2 9 2 9 4 | # 0 0
CROSS ccomp 3 22 22 2 1 1 1 0 9 19 2 | # 0 0
CROSS ccomp 3 22 22 2 1 19 9 0 9 4 2 | # 0 0
CROSS ccomp 3 22 22 2 1 0 4 19 9 9 2 | # 0 0
CROSS ccomp 3 22 22 2 1 9 9 19 9 19 9 | # 0 0
CROSS ccomp 3 22 22 2 1 2 4 1 9 4 9 | # 0 0
CROSS ccomp 3 22 22 2 1 4 19 4 9 9 9 | 0 1 2 # 3 8
CROSS ccomp 3 22 22 2 1 4 2 4 9 19 19 | # 0 0
CROSS ccomp 3 22 22 2 1 1 1 2 9 4 19 | 0 1 2 # 3 8
CROSS ccomp 3 22 22 2 1 19 9 2 9 9 19 | 0 1 2 # 3 8
CROSS ccomp 3 22 22 2 1 0 4 9 9 19 1 | # 0 0
CROSS ccomp 3 22 22 2 1 9 9 9 9 4 1 | # 0 0
[C(a+b<=3) done] sims 21957120

=== SEPARABLE HUNT (mode 5) SUMMARY ===
pipelines evaluated : 21957120 (undef 9048384, capped 0)
cut windows (instances) : 0
split/bad instances     : 0 / 0
bad prov block form     : 0
bad content form        : 0
DB hits (n>=2)          : 0
FDI hits (len>=2)      : 0
rev hits                : 0
TOTAL VIOLATIONS: 0 -> SEPARABLE RIGIDITY CONFIRMED ON THIS DOMAIN
