CROSS chain 8 9 15 13 | 0 1 2 3 4 5 6 7 # 8 168
[chain1 done] sims 119232
CROSS chain 4 11 9 16 0 19 | 0 1 2 3 # 4 20
CROSS chain 6 13 19 4 2 19 | 0 1 2 3 4 5 0 1 2 3 4 5 0 1 2 3 4 5 # 18 480
CROSS chain 8 15 4 9 22 22 | 0 1 2 3 4 5 6 7 0 1 2 3 4 5 6 7 # 16 560
CROSS chain 3 18 9 22 16 22 | 0 1 2 0 1 2 # 6 25
CROSS chain 5 20 19 2 4 1 | # 0 0
CROSS chain 7 22 4 19 19 4 | # 0 0
CROSS chain 2 1 16 4 2 4 | 0 1 # 2 2
CROSS chain 4 3 22 16 22 5 | 0 1 2 3 0 1 2 3 0 1 2 3 # 12 132
CROSS chain 6 5 5 1 16 5 | 0 1 2 3 4 5 0 1 2 3 4 5 # 12 230
CROSS chain 8 7 16 2 4 2 | 0 1 2 3 4 5 6 7 # 8 168
CROSS chain 3 10 22 22 19 9 | 0 1 2 # 3 8
CROSS chain 5 12 5 5 2 9 | 0 1 2 3 4 # 5 40
CROSS chain 7 14 16 16 22 16 | 0 1 2 3 4 5 6 0 1 2 3 4 5 6 # 14 371
CROSS chain 2 17 22 4 16 16 | 0 1 0 1 # 4 6
[chain2 done] sims 990144
CROSS chain 3 22 0 9 2 19 0 19 | 0 1 2 0 1 2 # 6 25
CROSS chain 4 1 9 1 5 22 0 19 | 0 1 2 3 # 4 20
CROSS chain 5 4 4 16 1 1 0 19 | 0 1 2 3 4 # 5 40
CROSS chain 6 7 19 5 22 4 0 19 | 0 1 2 3 4 5 # 6 70
CROSS chain 2 11 9 19 19 5 0 19 | 0 1 0 1 # 4 6
CROSS chain 3 14 4 2 16 5 0 19 | 0 1 2 0 1 2 # 6 25
CROSS chain 4 17 19 1 9 2 0 19 | # 0 0
CROSS chain 5 20 9 9 5 9 0 19 | # 0 0
CROSS chain 6 23 4 4 4 16 0 19 | # 0 0
CROSS chain 2 3 22 19 1 19 19 19 | 0 1 0 1 0 1 # 6 12
CROSS chain 3 6 16 5 19 22 19 19 | 0 1 2 0 1 2 # 6 25
CROSS chain 4 9 5 22 0 1 19 19 | # 0 0
CROSS chain 5 12 22 9 9 1 19 19 | 0 1 2 3 4 # 5 40
CROSS chain 6 15 16 1 2 4 19 19 | 0 1 2 3 4 5 0 1 2 3 4 5 0 1 2 3 4 5 0 1 2 3 4 5 0 1 2 3 4 5 0 1 2 3 4 5 0 1 2 3 4 5 # 42 2380
CROSS chain 2 19 5 16 4 5 19 19 | # 0 0
CROSS chain 3 22 22 5 1 2 19 19 | # 0 0
CROSS chain 4 1 0 22 22 9 19 19 | 0 1 2 3 # 4 20
CROSS chain 5 4 2 2 0 16 19 19 | 0 1 2 3 4 # 5 40
CROSS chain 6 7 1 1 16 16 19 19 | 0 1 2 3 4 5 # 6 70
CROSS chain 2 11 0 16 2 19 22 19 | 0 1 0 1 0 1 # 6 12
CROSS chain 3 14 2 4 5 22 22 19 | 0 1 2 0 1 2 # 6 25
CROSS chain 4 17 1 19 4 1 22 19 | 0 1 2 3 0 1 2 3 # 8 64
CROSS chain 5 20 0 2 22 4 22 19 | # 0 0
CROSS chain 6 23 2 22 19 5 22 19 | # 0 0
CROSS chain 2 3 4 9 16 5 22 19 | 0 1 0 1 0 1 # 6 12
CROSS chain 3 6 19 4 9 2 22 19 | # 0 0
CROSS chain 4 9 9 16 5 9 22 19 | 0 1 2 3 # 4 20
CROSS chain 5 12 4 5 4 16 22 19 | 0 1 2 3 4 # 5 40
CROSS chain 6 15 19 22 1 19 1 19 | 0 1 2 3 4 5 0 1 2 3 4 5 0 1 2 3 4 5 0 1 2 3 4 5 # 24 820
CROSS chain 2 19 9 2 19 22 1 19 | 0 1 # 2 2
CROSS chain 3 22 4 1 0 1 1 19 | 0 1 2 # 3 8
CROSS chain 4 1 22 16 9 1 1 19 | 0 1 2 3 0 1 2 3 # 8 64
CROSS chain 5 4 16 4 2 4 1 19 | 0 1 2 3 4 0 1 2 3 4 0 1 2 3 4 # 15 270
CROSS chain 6 7 5 19 5 5 1 19 | 0 1 2 3 4 5 # 6 70
CROSS chain 2 11 22 2 1 2 1 19 | 0 1 0 1 # 4 6
CROSS chain 3 14 16 22 22 9 1 19 | 0 1 2 0 1 2 0 1 2 # 9 51
CROSS chain 4 17 5 9 0 16 1 19 | 0 1 2 3 0 1 2 3 # 8 64
CROSS chain 5 20 22 4 16 16 1 19 | # 0 0
CROSS chain 6 23 16 16 2 19 4 19 | 0 1 2 3 4 5 0 1 2 3 4 5 # 12 230
CROSS chain 2 3 2 5 5 22 4 19 | 0 1 0 1 0 1 # 6 12
CROSS chain 3 6 1 22 4 1 4 19 | 0 1 2 0 1 2 0 1 2 0 1 2 # 12 86
CROSS chain 4 9 0 9 22 4 4 19 | # 0 0
CROSS chain 5 12 2 1 19 5 4 19 | 0 1 2 3 4 0 1 2 3 4 # 10 130
CROSS chain 6 15 1 16 16 5 4 19 | 0 1 2 3 4 5 0 1 2 3 4 5 0 1 2 3 4 5 0 1 2 3 4 5 0 1 2 3 4 5 # 30 1250
CROSS chain 2 19 0 5 9 2 4 19 | 0 1 # 2 2
CROSS chain 3 22 2 19 2 9 4 19 | 0 1 2 0 1 2 # 6 25
CROSS chain 4 1 4 2 4 16 4 19 | 0 1 2 3 # 4 20
CROSS chain 5 4 19 1 1 19 5 19 | 0 1 2 3 4 0 1 2 3 4 # 10 130
CROSS chain 6 7 9 9 19 22 5 19 | 0 1 2 3 4 5 # 6 70
CROSS chain 2 11 4 4 0 1 5 19 | 0 1 # 2 2
CROSS chain 3 14 19 19 16 1 5 19 | 0 1 2 0 1 2 0 1 2 0 1 2 0 1 2 0 1 2 0 1 2 # 21 245
CROSS chain 4 17 9 5 2 4 5 19 | 0 1 2 3 0 1 2 3 # 8 64
CROSS chain 5 20 4 22 5 5 5 19 | # 0 0
CROSS chain 6 23 19 9 1 2 5 19 | 0 1 2 3 4 5 # 6 70
CROSS chain 2 3 16 1 22 9 5 19 | 0 1 0 1 0 1 0 1 0 1 0 1 0 1 0 1 0 1 # 18 90
CROSS chain 3 6 5 16 0 16 5 19 | 0 1 2 0 1 2 0 1 2 # 9 51
CROSS chain 4 9 22 5 16 16 5 19 | 0 1 2 3 0 1 2 3 # 8 64
CROSS chain 5 12 16 19 9 19 2 19 | 0 1 2 3 4 0 1 2 3 4 0 1 2 3 4 0 1 2 3 4 0 1 2 3 4 0 1 2 3 4 # 30 990
CROSS chain 6 15 5 2 5 22 2 19 | 0 1 2 3 4 5 0 1 2 3 4 5 0 1 2 3 4 5 0 1 2 3 4 5 0 1 2 3 4 5 0 1 2 3 4 5 0 1 2 3 4 5 # 42 2380
CROSS chain 2 19 22 1 4 1 2 19 | 0 1 0 1 # 4 6
CROSS chain 3 22 16 9 22 4 2 19 | 0 1 2 0 1 2 # 6 25
CROSS chain 4 1 2 4 19 5 2 19 | 0 1 2 3 # 4 20
CROSS chain 5 4 1 19 0 2 2 19 | # 0 0
CROSS chain 6 7 0 2 9 2 2 19 | 0 1 2 3 4 5 # 6 70
CROSS chain 2 11 2 22 2 9 2 19 | 0 1 0 1 0 1 # 6 12
CROSS chain 3 14 1 9 4 16 2 19 | 0 1 2 0 1 2 0 1 2 0 1 2 # 12 86
CROSS chain 4 17 0 4 1 19 9 19 | 0 1 2 3 0 1 2 3 # 8 64
CROSS chain 5 20 2 16 19 22 9 19 | # 0 0
CROSS chain 6 23 1 5 0 1 9 19 | 0 1 2 3 4 5 # 6 70
CROSS chain 2 3 19 22 16 1 9 19 | 0 1 0 1 0 1 0 1 0 1 0 1 0 1 0 1 0 1 # 18 90
CROSS chain 3 6 9 2 2 4 9 19 | 0 1 2 0 1 2 0 1 2 # 9 51
CROSS chain 4 9 4 1 5 5 9 19 | 0 1 2 3 0 1 2 3 0 1 2 3 # 12 132
CROSS chain 5 12 19 16 1 2 9 19 | 0 1 2 3 4 0 1 2 3 4 # 10 130
CROSS chain 6 15 9 4 22 9 9 19 | 0 1 2 3 4 5 0 1 2 3 4 5 0 1 2 3 4 5 # 18 480
CROSS chain 2 19 4 19 19 16 9 19 | 0 1 0 1 # 4 6
CROSS chain 3 22 19 2 16 16 9 19 | 0 1 2 # 3 8
CROSS chain 4 1 16 22 9 19 16 19 | 0 1 2 3 # 4 20
CROSS chain 5 4 5 9 5 22 16 19 | 0 1 2 3 4 0 1 2 3 4 0 1 2 3 4 # 15 270
CROSS chain 6 7 22 4 4 1 16 19 | 0 1 2 3 4 5 0 1 2 3 4 5 0 1 2 3 4 5 # 18 480
CROSS chain 2 11 16 16 22 4 16 19 | 0 1 0 1 0 1 # 6 12
CROSS chain 3 14 5 5 19 5 16 19 | 0 1 2 0 1 2 0 1 2 # 9 51
CROSS chain 4 17 22 22 0 2 16 19 | 0 1 2 3 0 1 2 3 # 8 64
CROSS chain 5 20 16 2 9 2 16 19 | # 0 0
CROSS chain 6 23 5 1 2 9 16 19 | 0 1 2 3 4 5 0 1 2 3 4 5 # 12 230
CROSS chain 2 3 1 16 4 16 16 19 | 0 1 0 1 0 1 # 6 12
CROSS chain 3 6 0 5 1 19 0 22 | 0 1 2 # 3 8
CROSS chain 4 9 2 19 22 22 0 22 | 0 1 2 3 0 1 2 3 0 1 2 3 # 12 132
CROSS chain 5 12 1 2 0 1 0 22 | # 0 0
CROSS chain 6 15 0 1 16 1 0 22 | # 0 0
CROSS chain 2 19 2 9 2 4 0 22 | # 0 0
CROSS chain 3 22 1 4 5 5 0 22 | # 0 0
CROSS chain 4 1 19 19 4 2 0 22 | 0 1 2 3 # 4 20
CROSS chain 5 4 9 5 22 9 0 22 | 0 1 2 3 4 # 5 40
CROSS chain 6 7 4 22 19 16 0 22 | 0 1 2 3 4 5 # 6 70
CROSS chain 2 11 19 9 16 16 0 22 | 0 1 # 2 2
CROSS chain 3 14 9 1 9 19 19 22 | 0 1 2 0 1 2 0 1 2 0 1 2 0 1 2 # 15 130
CROSS chain 4 17 4 16 5 22 19 22 | 0 1 2 3 0 1 2 3 # 8 64
CROSS chain 5 20 19 5 4 1 19 22 | # 0 0
CROSS chain 6 23 9 19 1 4 19 22 | 0 1 2 3 4 5 # 6 70
CROSS chain 2 3 5 2 19 5 19 22 | 0 1 # 2 2
CROSS chain 3 6 22 1 0 2 19 22 | # 0 0
CROSS chain 4 9 16 9 9 2 19 22 | 0 1 2 3 0 1 2 3 # 8 64
CROSS chain 5 12 5 4 2 9 19 22 | 0 1 2 3 4 # 5 40
CROSS chain 6 15 22 19 5 16 19 22 | 0 1 2 3 4 5 0 1 2 3 4 5 # 12 230
CROSS chain 2 19 16 5 1 19 22 22 | 0 1 # 2 2
CROSS chain 3 22 5 22 22 22 22 22 | 0 1 2 # 3 8
CROSS chain 4 1 1 9 0 1 22 22 | # 0 0
CROSS chain 5 4 0 4 16 1 22 22 | # 0 0
CROSS chain 6 7 2 16 2 4 22 22 | 0 1 2 3 4 5 # 6 70
CROSS chain 2 11 1 5 5 5 22 22 | 0 1 # 2 2
CROSS chain 3 14 0 22 4 2 22 22 | 0 1 2 # 3 8
CROSS chain 4 17 2 2 22 9 22 22 | 0 1 2 3 0 1 2 3 # 8 64
CROSS chain 5 20 1 1 19 16 22 22 | # 0 0
CROSS chain 6 23 0 16 16 16 22 22 | # 0 0
CROSS chain 2 3 9 4 9 19 1 22 | 0 1 0 1 0 1 # 6 12
CROSS chain 3 6 4 19 2 22 1 22 | 0 1 2 0 1 2 0 1 2 # 9 51
CROSS chain 4 9 19 2 4 1 1 22 | 0 1 2 3 # 4 20
CROSS chain 5 12 9 22 1 4 1 22 | 0 1 2 3 4 0 1 2 3 4 # 10 130
CROSS chain 6 15 4 9 19 5 1 22 | 0 1 2 3 4 5 # 6 70
CROSS chain 2 19 19 4 0 2 1 22 | # 0 0
CROSS chain 3 22 9 16 9 2 1 22 | 0 1 2 # 3 8
CROSS chain 4 1 5 5 2 9 1 22 | 0 1 2 3 # 4 20
CROSS chain 5 4 22 22 5 16 1 22 | 0 1 2 3 4 # 5 40
CROSS chain 6 7 16 2 1 19 4 22 | 0 1 2 3 4 5 # 6 70
CROSS chain 2 11 5 1 22 22 4 22 | 0 1 0 1 # 4 6
CROSS chain 3 14 22 16 0 1 4 22 | # 0 0
CROSS chain 4 17 16 4 16 1 4 22 | 0 1 2 3 0 1 2 3 0 1 2 3 0 1 2 3 # 16 224
CROSS chain 5 20 5 19 9 4 4 22 | # 0 0
CROSS chain 6 23 22 2 5 5 4 22 | # 0 0
CROSS chain 2 3 0 1 4 2 4 22 | # 0 0
CROSS chain 3 6 2 9 22 9 4 22 | 0 1 2 # 3 8
CROSS chain 4 9 1 4 19 16 4 22 | 0 1 2 3 # 4 20
CROSS chain 5 12 0 19 0 19 5 22 | 0 1 2 3 4 # 5 40
CROSS chain 6 15 2 5 9 19 5 22 | 0 1 2 3 4 5 0 1 2 3 4 5 0 1 2 3 4 5 0 1 2 3 4 5 # 24 820
CROSS chain 2 19 1 22 2 22 5 22 | # 0 0
CROSS chain 3 22 0 9 4 1 5 22 | 0 1 2 # 3 8
CROSS chain 4 1 9 1 1 4 5 22 | 0 1 2 3 # 4 20
CROSS chain 5 4 4 16 19 5 5 22 | 0 1 2 3 4 # 5 40
CROSS chain 6 7 19 5 0 2 5 22 | 0 1 2 3 4 5 # 6 70
CROSS chain 2 11 9 19 16 2 5 22 | 0 1 0 1 # 4 6
CROSS chain 3 14 4 2 2 9 5 22 | 0 1 2 # 3 8
CROSS chain 4 17 19 1 5 16 5 22 | 0 1 2 3 # 4 20
CROSS chain 5 20 9 9 1 19 2 22 | # 0 0
CROSS chain 6 23 4 4 22 22 2 22 | # 0 0
CROSS chain 2 3 22 19 19 1 2 22 | # 0 0
CROSS chain 3 6 16 5 16 1 2 22 | 0 1 2 0 1 2 0 1 2 0 1 2 # 12 86
CROSS chain 4 9 5 22 9 4 2 22 | 0 1 2 3 # 4 20
CROSS chain 5 12 22 9 5 5 2 22 | 0 1 2 3 4 0 1 2 3 4 0 1 2 3 4 # 15 270
CROSS chain 6 15 16 1 4 2 2 22 | 0 1 2 3 4 5 0 1 2 3 4 5 0 1 2 3 4 5 # 18 480
CROSS chain 2 19 5 16 22 9 2 22 | # 0 0
CROSS chain 3 22 22 5 19 16 2 22 | 0 1 2 0 1 2 # 6 25
CROSS chain 4 1 0 22 0 19 9 22 | 0 1 2 3 # 4 20
CROSS chain 5 4 2 2 9 19 9 22 | 0 1 2 3 4 0 1 2 3 4 # 10 130
CROSS chain 6 7 1 1 2 22 9 22 | 0 1 2 3 4 5 # 6 70
CROSS chain 2 11 0 16 4 1 9 22 | 0 1 0 1 # 4 6
CROSS chain 3 14 2 4 1 4 9 22 | 0 1 2 0 1 2 # 6 25
CROSS chain 4 17 1 19 22 5 9 22 | 0 1 2 3 0 1 2 3 # 8 64
CROSS chain 5 20 0 2 0 2 9 22 | # 0 0
CROSS chain 6 23 2 22 16 2 9 22 | # 0 0
CROSS chain 2 3 4 9 2 9 9 22 | 0 1 0 1 0 1 # 6 12
CROSS chain 3 6 19 4 5 16 9 22 | # 0 0
CROSS chain 4 9 9 16 1 19 16 22 | 0 1 2 3 0 1 2 3 # 8 64
CROSS chain 5 12 4 5 22 22 16 22 | 0 1 2 3 4 # 5 40
CROSS chain 6 15 19 22 19 1 16 22 | # 0 0
CROSS chain 2 19 9 2 16 1 16 22 | # 0 0
CROSS chain 3 22 4 1 9 4 16 22 | 0 1 2 0 1 2 # 6 25
CROSS chain 4 1 22 16 5 5 16 22 | 0 1 2 3 # 4 20
CROSS chain 5 4 16 4 4 2 16 22 | 0 1 2 3 4 0 1 2 3 4 # 10 130
CROSS chain 6 7 5 19 1 9 16 22 | 0 1 2 3 4 5 # 6 70
CROSS chain 2 11 22 2 19 16 16 22 | 0 1 0 1 0 1 # 6 12
CROSS chain 3 14 16 22 0 19 0 1 | # 0 0
CROSS chain 4 17 5 9 9 19 0 1 | # 0 0
CROSS chain 5 20 22 4 2 22 0 1 | # 0 0
CROSS chain 6 23 16 16 4 1 0 1 | # 0 0
CROSS chain 2 3 2 5 1 4 0 1 | # 0 0
CROSS chain 3 6 1 22 22 5 0 1 | # 0 0
CROSS chain 4 9 0 9 0 2 0 1 | # 0 0
CROSS chain 5 12 2 1 16 2 0 1 | # 0 0
CROSS chain 6 15 1 16 2 9 0 1 | # 0 0
CROSS chain 2 19 0 5 5 16 0 1 | # 0 0
CROSS chain 3 22 2 19 4 19 19 1 | # 0 0
CROSS chain 4 1 4 2 22 22 19 1 | # 0 0
CROSS chain 5 4 19 1 19 1 19 1 | # 0 0
CROSS chain 6 7 9 9 16 1 19 1 | # 0 0
CROSS chain 2 11 4 4 9 4 19 1 | # 0 0
CROSS chain 3 14 19 19 2 5 19 1 | # 0 0
CROSS chain 4 17 9 5 4 2 19 1 | # 0 0
CROSS chain 5 20 4 22 1 9 19 1 | # 0 0
CROSS chain 6 23 19 9 19 16 19 1 | # 0 0
CROSS chain 2 3 16 1 0 19 22 1 | # 0 0
CROSS chain 3 6 5 16 9 19 22 1 | # 0 0
CROSS chain 4 9 22 5 2 22 22 1 | # 0 0
CROSS chain 5 12 16 19 5 1 22 1 | # 0 0
CROSS chain 6 15 5 2 1 4 22 1 | # 0 0
CROSS chain 2 19 22 1 22 5 22 1 | # 0 0
CROSS chain 3 22 16 9 0 2 22 1 | # 0 0
CROSS chain 4 1 2 4 16 2 22 1 | # 0 0
CROSS chain 5 4 1 19 9 9 22 1 | # 0 0
CROSS chain 6 7 0 2 5 16 22 1 | # 0 0
CROSS chain 2 11 2 22 4 19 1 1 | 0 1 0 1 0 1 # 6 12
CROSS chain 3 14 1 9 22 22 1 1 | 0 1 2 0 1 2 # 6 25
CROSS chain 4 17 0 4 19 1 1 1 | # 0 0
CROSS chain 5 20 2 16 16 1 1 1 | # 0 0
CROSS chain 6 23 1 5 9 4 1 1 | # 0 0
CROSS chain 2 3 19 22 2 5 1 1 | 0 1 0 1 0 1 # 6 12
CROSS chain 3 6 9 2 4 2 1 1 | 0 1 2 # 3 8
CROSS chain 4 9 4 1 1 9 1 1 | 0 1 2 3 # 4 20
CROSS chain 5 12 19 16 19 16 1 1 | 0 1 2 3 4 # 5 40
CROSS chain 6 15 9 4 0 19 4 1 | 0 1 2 3 4 5 0 1 2 3 4 5 # 12 230
CROSS chain 2 19 4 19 16 19 4 1 | 0 1 0 1 0 1 # 6 12
CROSS chain 3 22 19 2 2 22 4 1 | 0 1 2 0 1 2 # 6 25
CROSS chain 4 1 16 22 5 1 4 1 | 0 1 2 3 # 4 20
CROSS chain 5 4 5 9 1 4 4 1 | 0 1 2 3 4 # 5 40
CROSS chain 6 7 22 4 22 5 4 1 | 0 1 2 3 4 5 # 6 70
CROSS chain 2 11 16 16 0 2 4 1 | 0 1 # 2 2
CROSS chain 3 14 5 5 16 2 4 1 | 0 1 2 0 1 2 # 6 25
CROSS chain 4 17 22 22 9 9 4 1 | 0 1 2 3 0 1 2 3 # 8 64
CROSS chain 5 20 16 2 5 16 4 1 | # 0 0
CROSS chain 6 23 5 1 4 19 5 1 | 0 1 2 3 4 5 # 6 70
CROSS chain 2 3 1 16 22 22 5 1 | 0 1 0 1 0 1 # 6 12
CROSS chain 3 6 0 5 19 1 5 1 | # 0 0
CROSS chain 4 9 2 19 0 4 5 1 | 0 1 2 3 0 1 2 3 0 1 2 3 # 12 132
CROSS chain 5 12 1 2 9 4 5 1 | 0 1 2 3 4 # 5 40
CROSS chain 6 15 0 1 2 5 5 1 | # 0 0
CROSS chain 2 19 2 9 4 2 5 1 | # 0 0
CROSS chain 3 22 1 4 1 9 5 1 | # 0 0
CROSS chain 4 1 19 19 22 16 5 1 | 0 1 2 3 # 4 20
CROSS chain 5 4 9 5 0 19 2 1 | 0 1 2 3 4 0 1 2 3 4 # 10 130
CROSS chain 6 7 4 22 16 19 2 1 | 0 1 2 3 4 5 0 1 2 3 4 5 # 12 230
CROSS chain 2 11 19 9 2 22 2 1 | 0 1 0 1 0 1 0 1 0 1 0 1 # 12 42
CROSS chain 3 14 9 1 5 1 2 1 | 0 1 2 0 1 2 0 1 2 0 1 2 # 12 86
CROSS chain 4 17 4 16 1 4 2 1 | 0 1 2 3 0 1 2 3 0 1 2 3 0 1 2 3 # 16 224
CROSS chain 5 20 19 5 22 5 2 1 | # 0 0
CROSS chain 6 23 9 19 19 2 2 1 | 0 1 2 3 4 5 0 1 2 3 4 5 # 12 230
CROSS chain 2 3 5 2 16 2 2 1 | 0 1 0 1 0 1 0 1 # 8 20
CROSS chain 3 6 22 1 9 9 2 1 | # 0 0
CROSS chain 4 9 16 9 5 16 2 1 | 0 1 2 3 0 1 2 3 # 8 64
CROSS chain 5 12 5 4 4 19 9 1 | 0 1 2 3 4 0 1 2 3 4 # 10 130
CROSS chain 6 15 22 19 1 22 9 1 | 0 1 2 3 4 5 0 1 2 3 4 5 0 1 2 3 4 5 0 1 2 3 4 5 # 24 820
CROSS chain 2 19 16 5 19 1 9 1 | # 0 0
CROSS chain 3 22 5 22 0 4 9 1 | 0 1 2 # 3 8
CROSS chain 4 1 1 9 9 4 9 1 | 0 1 2 3 # 4 20
CROSS chain 5 4 0 4 2 5 9 1 | # 0 0
CROSS chain 6 7 2 16 4 2 9 1 | 0 1 2 3 4 5 # 6 70
CROSS chain 2 11 1 5 1 9 9 1 | 0 1 # 2 2
CROSS chain 3 14 0 22 22 16 9 1 | 0 1 2 0 1 2 # 6 25
CROSS chain 4 17 2 2 0 19 16 1 | 0 1 2 3 0 1 2 3 0 1 2 3 0 1 2 3 # 16 224
CROSS chain 5 20 1 1 16 19 16 1 | # 0 0
CROSS chain 6 23 0 16 2 22 16 1 | # 0 0
CROSS chain 2 3 9 4 5 1 16 1 | 0 1 0 1 0 1 0 1 0 1 0 1 # 12 42
CROSS chain 3 6 4 19 4 4 16 1 | 0 1 2 0 1 2 0 1 2 0 1 2 0 1 2 0 1 2 # 18 183
CROSS chain 4 9 19 2 22 5 16 1 | 0 1 2 3 0 1 2 3 # 8 64
CROSS chain 5 12 9 22 19 2 16 1 | 0 1 2 3 4 0 1 2 3 4 0 1 2 3 4 0 1 2 3 4 # 20 460
CROSS chain 6 15 4 9 16 2 16 1 | 0 1 2 3 4 5 0 1 2 3 4 5 0 1 2 3 4 5 0 1 2 3 4 5 # 24 820
CROSS chain 2 19 19 4 9 9 16 1 | # 0 0
CROSS chain 3 22 9 16 5 16 16 1 | # 0 0
CROSS chain 4 1 5 5 4 19 0 4 | 0 1 2 3 # 4 20
CROSS chain 5 4 22 22 1 22 0 4 | # 0 0
CROSS chain 6 7 16 2 19 1 0 4 | # 0 0
CROSS chain 2 11 5 1 0 4 0 4 | 0 1 # 2 2
CROSS chain 3 14 22 16 9 4 0 4 | 0 1 2 0 1 2 # 6 25
CROSS chain 4 17 16 4 2 5 0 4 | 0 1 2 3 0 1 2 3 # 8 64
CROSS chain 5 20 5 19 5 2 0 4 | # 0 0
CROSS chain 6 23 22 2 1 9 0 4 | # 0 0
CROSS chain 2 3 0 1 22 16 0 4 | # 0 0
CROSS chain 3 6 2 9 0 19 19 4 | 0 1 2 # 3 8
CROSS chain 4 9 1 4 16 19 19 4 | 0 1 2 3 # 4 20
CROSS chain 5 12 0 19 9 22 19 4 | 0 1 2 3 4 # 5 40
CROSS chain 6 15 2 5 5 1 19 4 | # 0 0
CROSS chain 2 19 1 22 4 4 19 4 | # 0 0
CROSS chain 3 22 0 9 22 5 19 4 | # 0 0
CROSS chain 4 1 9 1 19 2 19 4 | # 0 0
CROSS chain 5 4 4 16 16 2 19 4 | # 0 0
CROSS chain 6 7 19 5 9 9 19 4 | 0 1 2 3 4 5 # 6 70
CROSS chain 2 11 9 19 2 16 19 4 | 0 1 # 2 2
CROSS chain 3 14 4 2 4 19 22 4 | 0 1 2 # 3 8
CROSS chain 4 17 19 1 1 22 22 4 | 0 1 2 3 # 4 20
CROSS chain 5 20 9 9 19 1 22 4 | # 0 0
CROSS chain 6 23 4 4 0 4 22 4 | # 0 0
CROSS chain 2 3 22 19 16 4 22 4 | 0 1 0 1 0 1 # 6 12
CROSS chain 3 6 16 5 2 5 22 4 | 0 1 2 0 1 2 # 6 25
CROSS chain 4 9 5 22 5 2 22 4 | # 0 0
CROSS chain 5 12 22 9 1 9 22 4 | 0 1 2 3 4 # 5 40
CROSS chain 6 15 16 1 22 16 22 4 | # 0 0
CROSS chain 2 19 5 16 0 19 1 4 | # 0 0
CROSS chain 3 22 22 5 16 19 1 4 | 0 1 2 0 1 2 # 6 25
CROSS chain 4 1 0 22 9 22 1 4 | 0 1 2 3 # 4 20
CROSS chain 5 4 2 2 5 1 1 4 | 0 1 2 3 4 # 5 40
CROSS chain 6 7 1 1 4 4 1 4 | 0 1 2 3 4 5 # 6 70
CROSS chain 2 11 0 16 22 5 1 4 | 0 1 # 2 2
CROSS chain 3 14 2 4 19 2 1 4 | # 0 0
CROSS chain 4 17 1 19 0 9 1 4 | 0 1 2 3 0 1 2 3 # 8 64
CROSS chain 5 20 0 2 9 9 1 4 | # 0 0
CROSS chain 6 23 2 22 2 16 1 4 | # 0 0
CROSS chain 2 3 4 9 4 19 4 4 | 0 1 0 1 0 1 # 6 12
CROSS chain 3 6 19 4 1 22 4 4 | # 0 0
CROSS chain 4 9 9 16 19 1 4 4 | # 0 0
CROSS chain 5 12 4 5 0 4 4 4 | # 0 0
CROSS chain 6 15 19 22 16 4 4 4 | 0 1 2 3 4 5 0 1 2 3 4 5 0 1 2 3 4 5 # 18 480
CROSS chain 2 19 9 2 2 5 4 4 | # 0 0
CROSS chain 3 22 4 1 5 2 4 4 | # 0 0
CROSS chain 4 1 22 16 1 9 4 4 | 0 1 2 3 # 4 20
CROSS chain 5 4 16 4 22 16 4 4 | # 0 0
CROSS chain 6 7 5 19 19 19 5 4 | 0 1 2 3 4 5 # 6 70
CROSS chain 2 11 22 2 16 19 5 4 | 0 1 0 1 0 1 # 6 12
CROSS chain 3 14 16 22 9 22 5 4 | 0 1 2 0 1 2 # 6 25
CROSS chain 4 17 5 9 5 1 5 4 | 0 1 2 3 0 1 2 3 # 8 64
CROSS chain 5 20 22 4 4 4 5 4 | # 0 0
CROSS chain 6 23 16 16 22 5 5 4 | # 0 0
CROSS chain 2 3 2 5 19 2 5 4 | 0 1 # 2 2
CROSS chain 3 6 1 22 0 9 5 4 | 0 1 2 # 3 8
CROSS chain 4 9 0 9 9 9 5 4 | # 0 0
CROSS chain 5 12 2 1 2 16 5 4 | 0 1 2 3 4 0 1 2 3 4 # 10 130
CROSS chain 6 15 1 16 4 19 2 4 | 0 1 2 3 4 5 0 1 2 3 4 5 0 1 2 3 4 5 0 1 2 3 4 5 0 1 2 3 4 5 0 1 2 3 4 5 # 36 1770
CROSS chain 2 19 0 5 1 22 2 4 | # 0 0
CROSS chain 3 22 2 19 22 1 2 4 | # 0 0
CROSS chain 4 1 4 2 0 4 2 4 | 0 1 2 3 # 4 20
CROSS chain 5 4 19 1 16 4 2 4 | # 0 0
CROSS chain 6 7 9 9 2 5 2 4 | 0 1 2 3 4 5 # 6 70
CROSS chain 2 11 4 4 5 2 2 4 | 0 1 # 2 2
CROSS chain 3 14 19 19 4 9 2 4 | 0 1 2 0 1 2 # 6 25
CROSS chain 4 17 9 5 22 16 2 4 | 0 1 2 3 0 1 2 3 # 8 64
CROSS chain 5 20 4 22 19 19 9 4 | # 0 0
CROSS chain 6 23 19 9 16 19 9 4 | 0 1 2 3 4 5 0 1 2 3 4 5 # 12 230
CROSS chain 2 3 16 1 9 22 9 4 | 0 1 0 1 0 1 0 1 0 1 0 1 # 12 42
CROSS chain 3 6 5 16 5 1 9 4 | 0 1 2 # 3 8
CROSS chain 4 9 22 5 4 4 9 4 | 0 1 2 3 # 4 20
CROSS chain 5 12 16 19 1 5 9 4 | 0 1 2 3 4 0 1 2 3 4 0 1 2 3 4 # 15 270
CROSS chain 6 15 5 2 19 2 9 4 | 0 1 2 3 4 5 # 6 70
CROSS chain 2 19 22 1 0 9 9 4 | # 0 0
CROSS chain 3 22 16 9 9 9 9 4 | # 0 0
CROSS chain 4 1 2 4 2 16 9 4 | 0 1 2 3 # 4 20
CROSS chain 5 4 1 19 5 19 16 4 | 0 1 2 3 4 0 1 2 3 4 # 10 130
CROSS chain 6 7 0 2 1 22 16 4 | 0 1 2 3 4 5 # 6 70
CROSS chain 2 11 2 22 22 1 16 4 | # 0 0
CROSS chain 3 14 1 9 0 4 16 4 | 0 1 2 0 1 2 # 6 25
CROSS chain 4 17 0 4 16 4 16 4 | 0 1 2 3 0 1 2 3 # 8 64
CROSS chain 5 20 2 16 2 5 16 4 | # 0 0
CROSS chain 6 23 1 5 5 2 16 4 | # 0 0
CROSS chain 2 3 19 22 4 9 16 4 | 0 1 0 1 0 1 # 6 12
CROSS chain 3 6 9 2 22 16 16 4 | 0 1 2 0 1 2 # 6 25
CROSS chain 4 9 4 1 19 19 0 5 | 0 1 2 3 # 4 20
CROSS chain 5 12 19 16 16 19 0 5 | 0 1 2 3 4 0 1 2 3 4 # 10 130
CROSS chain 6 15 9 4 9 22 0 5 | 0 1 2 3 4 5 # 6 70
CROSS chain 2 19 4 19 2 1 0 5 | 0 1 0 1 # 4 6
CROSS chain 3 22 19 2 4 4 0 5 | # 0 0
CROSS chain 4 1 16 22 1 5 0 5 | 0 1 2 3 # 4 20
CROSS chain 5 4 5 9 19 2 0 5 | 0 1 2 3 4 # 5 40
CROSS chain 6 7 22 4 0 9 0 5 | 0 1 2 3 4 5 # 6 70
CROSS chain 2 11 16 16 9 9 0 5 | 0 1 # 2 2
CROSS chain 3 14 5 5 2 16 0 5 | 0 1 2 # 3 8
CROSS chain 4 17 22 22 5 19 19 5 | 0 1 2 3 0 1 2 3 # 8 64
CROSS chain 5 20 16 2 1 22 19 5 | # 0 0
CROSS chain 6 23 5 1 22 1 19 5 | # 0 0
CROSS chain 2 3 1 16 0 4 19 5 | 0 1 0 1 0 1 # 6 12
CROSS chain 3 6 0 5 16 4 19 5 | # 0 0
CROSS chain 4 9 2 19 9 5 19 5 | 0 1 2 3 0 1 2 3 0 1 2 3 # 12 132
CROSS chain 5 12 1 2 5 2 19 5 | # 0 0
CROSS chain 6 15 0 1 4 9 19 5 | # 0 0
CROSS chain 2 19 2 9 22 16 19 5 | # 0 0
CROSS chain 3 22 1 4 19 19 22 5 | # 0 0
CROSS chain 4 1 19 19 0 22 22 5 | 0 1 2 3 # 4 20
CROSS chain 5 4 9 5 9 22 22 5 | 0 1 2 3 4 # 5 40
CROSS chain 6 7 4 22 2 1 22 5 | 0 1 2 3 4 5 0 1 2 3 4 5 # 12 230
CROSS chain 2 11 19 9 4 4 22 5 | 0 1 # 2 2
CROSS chain 3 14 9 1 1 5 22 5 | 0 1 2 0 1 2 # 6 25
CROSS chain 4 17 4 16 19 2 22 5 | 0 1 2 3 0 1 2 3 # 8 64
CROSS chain 5 20 19 5 0 9 22 5 | # 0 0
CROSS chain 6 23 9 19 16 9 22 5 | 0 1 2 3 4 5 # 6 70
CROSS chain 2 3 5 2 2 16 22 5 | 0 1 0 1 # 4 6
CROSS chain 3 6 22 1 5 19 1 5 | 0 1 2 0 1 2 0 1 2 # 9 51
CROSS chain 4 9 16 9 1 22 1 5 | 0 1 2 3 0 1 2 3 # 8 64
CROSS chain 5 12 5 4 22 1 1 5 | # 0 0
CROSS chain 6 15 22 19 19 4 1 5 | 0 1 2 3 4 5 0 1 2 3 4 5 # 12 230
CROSS chain 2 19 16 5 16 4 1 5 | # 0 0
CROSS chain 3 22 5 22 9 5 1 5 | 0 1 2 # 3 8
CROSS chain 4 1 1 9 5 2 1 5 | 0 1 2 3 # 4 20
CROSS chain 5 4 0 4 4 9 1 5 | # 0 0
CROSS chain 6 7 2 16 22 16 1 5 | 0 1 2 3 4 5 # 6 70
CROSS chain 2 11 1 5 19 19 4 5 | 0 1 # 2 2
CROSS chain 3 14 0 22 0 22 4 5 | 0 1 2 0 1 2 # 6 25
CROSS chain 4 17 2 2 9 22 4 5 | 0 1 2 3 0 1 2 3 # 8 64
CROSS chain 5 20 1 1 2 1 4 5 | # 0 0
CROSS chain 6 23 0 16 4 4 4 5 | # 0 0
CROSS chain 2 3 9 4 1 5 4 5 | 0 1 0 1 0 1 # 6 12
CROSS chain 3 6 4 19 22 2 4 5 | 0 1 2 # 3 8
CROSS chain 4 9 19 2 0 9 4 5 | # 0 0
CROSS chain 5 12 9 22 16 9 4 5 | 0 1 2 3 4 0 1 2 3 4 0 1 2 3 4 # 15 270
CROSS chain 6 15 4 9 2 16 4 5 | 0 1 2 3 4 5 0 1 2 3 4 5 # 12 230
CROSS chain 2 19 19 4 5 19 5 5 | 0 1 # 2 2
CROSS chain 3 22 9 16 1 22 5 5 | 0 1 2 # 3 8
CROSS chain 4 1 5 5 22 1 5 5 | # 0 0
CROSS chain 5 4 22 22 19 4 5 5 | # 0 0
CROSS chain 6 7 16 2 16 4 5 5 | 0 1 2 3 4 5 # 6 70
CROSS chain 2 11 5 1 9 5 5 5 | 0 1 # 2 2
CROSS chain 3 14 22 16 5 2 5 5 | 0 1 2 # 3 8
CROSS chain 4 17 16 4 4 9 5 5 | 0 1 2 3 0 1 2 3 # 8 64
CROSS chain 5 20 5 19 1 16 5 5 | # 0 0
CROSS chain 6 23 22 2 19 19 2 5 | # 0 0
CROSS chain 2 3 0 1 0 22 2 5 | # 0 0
CROSS chain 3 6 2 9 9 22 2 5 | 0 1 2 0 1 2 # 6 25
CROSS chain 4 9 1 4 2 1 2 5 | 0 1 2 3 0 1 2 3 # 8 64
CROSS chain 5 12 0 19 5 4 2 5 | 0 1 2 3 4 # 5 40
CROSS chain 6 15 2 5 1 5 2 5 | 0 1 2 3 4 5 0 1 2 3 4 5 0 1 2 3 4 5 # 18 480
CROSS chain 2 19 1 22 22 2 2 5 | # 0 0
CROSS chain 3 22 0 9 0 9 2 5 | # 0 0
CROSS chain 4 1 9 1 16 9 2 5 | 0 1 2 3 0 1 2 3 0 1 2 3 # 12 132
CROSS chain 5 4 4 16 2 16 2 5 | 0 1 2 3 4 # 5 40
CROSS chain 6 7 19 5 5 19 9 5 | 0 1 2 3 4 5 # 6 70
CROSS chain 2 11 9 19 4 22 9 5 | 0 1 0 1 # 4 6
CROSS chain 3 14 4 2 22 1 9 5 | # 0 0
CROSS chain 4 17 19 1 19 4 9 5 | # 0 0
CROSS chain 5 20 9 9 16 4 9 5 | # 0 0
CROSS chain 6 23 4 4 9 5 9 5 | # 0 0
CROSS chain 2 3 22 19 2 2 9 5 | 0 1 0 1 0 1 # 6 12
CROSS chain 3 6 16 5 4 9 9 5 | 0 1 2 0 1 2 # 6 25
CROSS chain 4 9 5 22 1 16 9 5 | 0 1 2 3 # 4 20
CROSS chain 5 12 22 9 19 19 16 5 | 0 1 2 3 4 0 1 2 3 4 # 10 130
CROSS chain 6 15 16 1 0 22 16 5 | 0 1 2 3 4 5 0 1 2 3 4 5 0 1 2 3 4 5 0 1 2 3 4 5 0 1 2 3 4 5 0 1 2 3 4 5 0 1 2 3 4 5 # 42 2380
CROSS chain 2 19 5 16 9 22 16 5 | # 0 0
CROSS chain 3 22 22 5 2 1 16 5 | # 0 0
CROSS chain 4 1 0 22 5 4 16 5 | 0 1 2 3 # 4 20
CROSS chain 5 4 2 2 1 5 16 5 | 0 1 2 3 4 # 5 40
CROSS chain 6 7 1 1 22 2 16 5 | 0 1 2 3 4 5 # 6 70
CROSS chain 2 11 0 16 0 9 16 5 | 0 1 # 2 2
CROSS chain 3 14 2 4 16 9 16 5 | 0 1 2 0 1 2 0 1 2 # 9 51
CROSS chain 4 17 1 19 9 16 16 5 | 0 1 2 3 0 1 2 3 # 8 64
CROSS chain 5 20 0 2 5 19 0 2 | # 0 0
CROSS chain 6 23 2 22 4 22 0 2 | # 0 0
CROSS chain 2 3 4 9 22 1 0 2 | # 0 0
CROSS chain 3 6 19 4 19 4 0 2 | # 0 0
CROSS chain 4 9 9 16 16 4 0 2 | 0 1 2 3 0 1 2 3 # 8 64
CROSS chain 5 12 4 5 9 5 0 2 | 0 1 2 3 4 # 5 40
CROSS chain 6 15 19 22 2 2 0 2 | # 0 0
CROSS chain 2 19 9 2 4 9 0 2 | # 0 0
CROSS chain 3 22 4 1 1 16 0 2 | # 0 0
CROSS chain 4 1 22 16 19 19 19 2 | 0 1 2 3 # 4 20
CROSS chain 5 4 16 4 0 22 19 2 | 0 1 2 3 4 0 1 2 3 4 # 10 130
CROSS chain 6 7 5 19 16 22 19 2 | 0 1 2 3 4 5 # 6 70
CROSS chain 2 11 22 2 2 1 19 2 | # 0 0
CROSS chain 3 14 16 22 5 4 19 2 | # 0 0
CROSS chain 4 17 5 9 1 5 19 2 | 0 1 2 3 0 1 2 3 # 8 64
CROSS chain 5 20 22 4 22 2 19 2 | # 0 0
CROSS chain 6 23 16 16 0 9 19 2 | # 0 0
CROSS chain 2 3 2 5 16 9 19 2 | 0 1 # 2 2
CROSS chain 3 6 1 22 9 16 19 2 | 0 1 2 # 3 8
CROSS chain 4 9 0 9 5 19 22 2 | # 0 0
CROSS chain 5 12 2 1 4 22 22 2 | 0 1 2 3 4 # 5 40
CROSS chain 6 15 1 16 22 1 22 2 | # 0 0
CROSS chain 2 19 0 5 19 4 22 2 | # 0 0
CROSS chain 3 22 2 19 0 5 22 2 | # 0 0
CROSS chain 4 1 4 2 9 5 22 2 | 0 1 2 3 # 4 20
CROSS chain 5 4 19 1 2 2 22 2 | # 0 0
CROSS chain 6 7 9 9 4 9 22 2 | 0 1 2 3 4 5 # 6 70
CROSS chain 2 11 4 4 1 16 22 2 | 0 1 # 2 2
CROSS chain 3 14 19 19 22 19 1 2 | 0 1 2 # 3 8
CROSS chain 4 17 9 5 0 22 1 2 | 0 1 2 3 0 1 2 3 # 8 64
CROSS chain 5 20 4 22 16 22 1 2 | # 0 0
CROSS chain 6 23 19 9 2 1 1 2 | # 0 0
CROSS chain 2 3 16 1 5 4 1 2 | 0 1 0 1 0 1 # 6 12
CROSS chain 3 6 5 16 1 5 1 2 | 0 1 2 # 3 8
CROSS chain 4 9 22 5 22 2 1 2 | 0 1 2 3 # 4 20
CROSS chain 5 12 16 19 19 9 1 2 | 0 1 2 3 4 # 5 40
CROSS chain 6 15 5 2 16 9 1 2 | 0 1 2 3 4 5 # 6 70
CROSS chain 2 19 22 1 9 16 1 2 | # 0 0
CROSS chain 3 22 16 9 5 19 4 2 | 0 1 2 # 3 8
CROSS chain 4 1 2 4 4 22 4 2 | 0 1 2 3 # 4 20
CROSS chain 5 4 1 19 1 1 4 2 | 0 1 2 3 4 # 5 40
CROSS chain 6 7 0 2 19 4 4 2 | 0 1 2 3 4 5 # 6 70
CROSS chain 2 11 2 22 0 5 4 2 | 0 1 0 1 # 4 6
CROSS chain 3 14 1 9 9 5 4 2 | 0 1 2 0 1 2 # 6 25
CROSS chain 4 17 0 4 2 2 4 2 | 0 1 2 3 0 1 2 3 # 8 64
CROSS chain 5 20 2 16 4 9 4 2 | # 0 0
CROSS chain 6 23 1 5 1 16 4 2 | # 0 0
CROSS chain 2 3 19 22 22 19 5 2 | 0 1 0 1 # 4 6
CROSS chain 3 6 9 2 0 22 5 2 | 0 1 2 # 3 8
CROSS chain 4 9 4 1 16 22 5 2 | 0 1 2 3 # 4 20
CROSS chain 5 12 19 16 2 1 5 2 | 0 1 2 3 4 # 5 40
CROSS chain 6 15 9 4 5 4 5 2 | 0 1 2 3 4 5 0 1 2 3 4 5 # 12 230
CROSS chain 2 19 4 19 4 5 5 2 | 0 1 # 2 2
CROSS chain 3 22 19 2 22 2 5 2 | # 0 0
CROSS chain 4 1 16 22 19 9 5 2 | 0 1 2 3 # 4 20
CROSS chain 5 4 5 9 16 9 5 2 | 0 1 2 3 4 # 5 40
CROSS chain 6 7 22 4 9 16 5 2 | 0 1 2 3 4 5 # 6 70
CROSS chain 2 11 16 16 5 19 2 2 | 0 1 0 1 # 4 6
CROSS chain 3 14 5 5 4 22 2 2 | 0 1 2 0 1 2 # 6 25
CROSS chain 4 17 22 22 1 1 2 2 | 0 1 2 3 0 1 2 3 # 8 64
CROSS chain 5 20 16 2 19 4 2 2 | # 0 0
CROSS chain 6 23 5 1 0 5 2 2 | # 0 0
CROSS chain 2 3 1 16 9 5 2 2 | 0 1 0 1 0 1 # 6 12
CROSS chain 3 6 0 5 2 2 2 2 | # 0 0
CROSS chain 4 9 2 19 5 9 2 2 | 0 1 2 3 0 1 2 3 0 1 2 3 # 12 132
CROSS chain 5 12 1 2 1 16 2 2 | 0 1 2 3 4 # 5 40
CROSS chain 6 15 0 1 22 19 9 2 | # 0 0
CROSS chain 2 19 2 9 0 22 9 2 | # 0 0
CROSS chain 3 22 1 4 16 22 9 2 | 0 1 2 0 1 2 # 6 25
CROSS chain 4 1 19 19 9 1 9 2 | 0 1 2 3 # 4 20
CROSS chain 5 4 9 5 5 4 9 2 | 0 1 2 3 4 # 5 40
CROSS chain 6 7 4 22 4 5 9 2 | 0 1 2 3 4 5 # 6 70
CROSS chain 2 11 19 9 22 2 9 2 | 0 1 # 2 2
CROSS chain 3 14 9 1 19 9 9 2 | # 0 0
CROSS chain 4 17 4 16 16 9 9 2 | 0 1 2 3 0 1 2 3 # 8 64
CROSS chain 5 20 19 5 9 16 9 2 | # 0 0
CROSS chain 6 23 9 19 2 19 16 2 | 0 1 2 3 4 5 0 1 2 3 4 5 0 1 2 3 4 5 # 18 480
CROSS chain 2 3 5 2 4 22 16 2 | 0 1 0 1 # 4 6
CROSS chain 3 6 22 1 1 1 16 2 | # 0 0
CROSS chain 4 9 16 9 19 4 16 2 | 0 1 2 3 # 4 20
CROSS chain 5 12 5 4 0 5 16 2 | # 0 0
CROSS chain 6 15 22 19 16 5 16 2 | 0 1 2 3 4 5 0 1 2 3 4 5 0 1 2 3 4 5 # 18 480
CROSS chain 2 19 16 5 2 2 16 2 | # 0 0
CROSS chain 3 22 5 22 5 9 16 2 | 0 1 2 # 3 8
CROSS chain 4 1 1 9 1 16 16 2 | 0 1 2 3 # 4 20
CROSS chain 5 4 0 4 22 19 0 9 | # 0 0
CROSS chain 6 7 2 16 0 22 0 9 | 0 1 2 3 4 5 # 6 70
CROSS chain 2 11 1 5 16 22 0 9 | 0 1 0 1 0 1 # 6 12
CROSS chain 3 14 0 22 9 1 0 9 | # 0 0
CROSS chain 4 17 2 2 5 4 0 9 | 0 1 2 3 0 1 2 3 # 8 64
CROSS chain 5 20 1 1 4 5 0 9 | # 0 0
CROSS chain 6 23 0 16 22 2 0 9 | # 0 0
CROSS chain 2 3 9 4 19 9 0 9 | 0 1 0 1 0 1 # 6 12
CROSS chain 3 6 4 19 0 16 0 9 | 0 1 2 # 3 8
CROSS chain 4 9 19 2 9 16 0 9 | # 0 0
CROSS chain 5 12 9 22 2 19 19 9 | 0 1 2 3 4 0 1 2 3 4 0 1 2 3 4 0 1 2 3 4 # 20 460
CROSS chain 6 15 4 9 4 22 19 9 | 0 1 2 3 4 5 0 1 2 3 4 5 # 12 230
CROSS chain 2 19 19 4 1 1 19 9 | # 0 0
CROSS chain 3 22 9 16 19 4 19 9 | # 0 0
CROSS chain 4 1 5 5 0 5 19 9 | 0 1 2 3 # 4 20
CROSS chain 5 4 22 22 16 5 19 9 | 0 1 2 3 4 # 5 40
CROSS chain 6 7 16 2 2 2 19 9 | 0 1 2 3 4 5 # 6 70
CROSS chain 2 11 5 1 5 9 19 9 | 0 1 # 2 2
CROSS chain 3 14 22 16 1 16 19 9 | 0 1 2 0 1 2 # 6 25
CROSS chain 4 17 16 4 22 19 22 9 | 0 1 2 3 0 1 2 3 # 8 64
CROSS chain 5 20 5 19 19 22 22 9 | # 0 0
CROSS chain 6 23 22 2 16 22 22 9 | # 0 0
CROSS chain 2 3 0 1 9 1 22 9 | # 0 0
CROSS chain 3 6 2 9 5 4 22 9 | 0 1 2 # 3 8
CROSS chain 4 9 1 4 4 5 22 9 | 0 1 2 3 # 4 20
CROSS chain 5 12 0 19 1 2 22 9 | 0 1 2 3 4 # 5 40
CROSS chain 6 15 2 5 19 9 22 9 | 0 1 2 3 4 5 0 1 2 3 4 5 0 1 2 3 4 5 # 18 480
CROSS chain 2 19 1 22 0 16 22 9 | # 0 0
CROSS chain 3 22 0 9 9 16 22 9 | # 0 0
CROSS chain 4 1 9 1 2 19 1 9 | 0 1 2 3 0 1 2 3 0 1 2 3 # 12 132
CROSS chain 5 4 4 16 4 22 1 9 | 0 1 2 3 4 # 5 40
CROSS chain 6 7 19 5 1 1 1 9 | 0 1 2 3 4 5 # 6 70
CROSS chain 2 11 9 19 22 4 1 9 | 0 1 # 2 2
CROSS chain 3 14 4 2 0 5 1 9 | # 0 0
CROSS chain 4 17 19 1 16 5 1 9 | # 0 0
CROSS chain 5 20 9 9 2 2 1 9 | # 0 0
CROSS chain 6 23 4 4 5 9 1 9 | # 0 0
CROSS chain 2 3 22 19 4 16 1 9 | 0 1 0 1 0 1 # 6 12
CROSS chain 3 6 16 5 22 19 4 9 | 0 1 2 0 1 2 # 6 25
CROSS chain 4 9 5 22 19 22 4 9 | 0 1 2 3 # 4 20
CROSS chain 5 12 22 9 16 22 4 9 | 0 1 2 3 4 0 1 2 3 4 0 1 2 3 4 # 15 270
CROSS chain 6 15 16 1 9 1 4 9 | 0 1 2 3 4 5 0 1 2 3 4 5 0 1 2 3 4 5 0 1 2 3 4 5 # 24 820
CROSS chain 2 19 5 16 5 4 4 9 | # 0 0
CROSS chain 3 22 22 5 4 5 4 9 | # 0 0
CROSS chain 4 1 0 22 1 2 4 9 | 0 1 2 3 # 4 20
CROSS chain 5 4 2 2 19 9 4 9 | 0 1 2 3 4 # 5 40
CROSS chain 6 7 1 1 0 16 4 9 | 0 1 2 3 4 5 # 6 70
CROSS chain 2 11 0 16 9 16 4 9 | 0 1 # 2 2
CROSS chain 3 14 2 4 2 19 5 9 | 0 1 2 0 1 2 0 1 2 0 1 2 # 12 86
CROSS chain 4 17 1 19 5 22 5 9 | 0 1 2 3 0 1 2 3 # 8 64
CROSS chain 5 20 0 2 1 1 5 9 | # 0 0
CROSS chain 6 23 2 22 22 4 5 9 | # 0 0
CROSS chain 2 3 4 9 0 5 5 9 | 0 1 0 1 0 1 # 6 12
CROSS chain 3 6 19 4 16 5 5 9 | # 0 0
CROSS chain 4 9 9 16 2 2 5 9 | 0 1 2 3 # 4 20
CROSS chain 5 12 4 5 5 9 5 9 | 0 1 2 3 4 # 5 40
CROSS chain 6 15 19 22 4 16 5 9 | 0 1 2 3 4 5 0 1 2 3 4 5 # 12 230
CROSS chain 2 19 9 2 22 19 2 9 | # 0 0
CROSS chain 3 22 4 1 19 22 2 9 | # 0 0
CROSS chain 4 1 22 16 16 22 2 9 | 0 1 2 3 # 4 20
CROSS chain 5 4 16 4 9 1 2 9 | 0 1 2 3 4 0 1 2 3 4 0 1 2 3 4 0 1 2 3 4 # 20 460
CROSS chain 6 7 5 19 2 4 2 9 | 0 1 2 3 4 5 # 6 70
CROSS chain 2 11 22 2 4 5 2 9 | 0 1 # 2 2
CROSS chain 3 14 16 22 1 2 2 9 | 0 1 2 # 3 8
CROSS chain 4 17 5 9 19 9 2 9 | 0 1 2 3 0 1 2 3 # 8 64
CROSS chain 5 20 22 4 0 16 2 9 | # 0 0
CROSS chain 6 23 16 16 9 16 2 9 | # 0 0
CROSS chain 2 3 2 5 2 19 9 9 | 0 1 0 1 0 1 # 6 12
CROSS chain 3 6 1 22 5 22 9 9 | 0 1 2 # 3 8
CROSS chain 4 9 0 9 1 1 9 9 | # 0 0
CROSS chain 5 12 2 1 22 4 9 9 | 0 1 2 3 4 0 1 2 3 4 # 10 130
CROSS chain 6 15 1 16 0 5 9 9 | 0 1 2 3 4 5 # 6 70
CROSS chain 2 19 0 5 16 5 9 9 | # 0 0
CROSS chain 3 22 2 19 9 2 9 9 | 0 1 2 # 3 8
CROSS chain 4 1 4 2 5 9 9 9 | 0 1 2 3 # 4 20
CROSS chain 5 4 19 1 4 16 9 9 | # 0 0
CROSS chain 6 7 9 9 22 19 16 9 | 0 1 2 3 4 5 # 6 70
CROSS chain 2 11 4 4 19 22 16 9 | 0 1 # 2 2
CROSS chain 3 14 19 19 0 1 16 9 | # 0 0
CROSS chain 4 17 9 5 9 1 16 9 | 0 1 2 3 0 1 2 3 0 1 2 3 0 1 2 3 # 16 224
CROSS chain 5 20 4 22 2 4 16 9 | # 0 0
CROSS chain 6 23 19 9 4 5 16 9 | # 0 0
CROSS chain 2 3 16 1 1 2 16 9 | 0 1 0 1 0 1 0 1 # 8 20
CROSS chain 3 6 5 16 19 9 16 9 | 0 1 2 # 3 8
CROSS chain 4 9 22 5 0 16 16 9 | 0 1 2 3 0 1 2 3 # 8 64
CROSS chain 5 12 16 19 16 16 16 9 | 0 1 2 3 4 0 1 2 3 4 0 1 2 3 4 0 1 2 3 4 # 20 460
CROSS chain 6 15 5 2 2 19 0 16 | 0 1 2 3 4 5 0 1 2 3 4 5 0 1 2 3 4 5 0 1 2 3 4 5 0 1 2 3 4 5 0 1 2 3 4 5 0 1 2 3 4 5 # 42 2380
CROSS chain 2 19 22 1 5 22 0 16 | # 0 0
CROSS chain 3 22 16 9 1 1 0 16 | # 0 0
CROSS chain 4 1 2 4 22 4 0 16 | 0 1 2 3 # 4 20
CROSS chain 5 4 1 19 19 5 0 16 | 0 1 2 3 4 0 1 2 3 4 # 10 130
CROSS chain 6 7 0 2 16 5 0 16 | 0 1 2 3 4 5 # 6 70
CROSS chain 2 11 2 22 9 2 0 16 | 0 1 0 1 # 4 6
CROSS chain 3 14 1 9 5 9 0 16 | 0 1 2 0 1 2 # 6 25
CROSS chain 4 17 0 4 4 16 0 16 | 0 1 2 3 0 1 2 3 # 8 64
CROSS chain 5 20 2 16 22 19 19 16 | # 0 0
CROSS chain 6 23 1 5 19 22 19 16 | # 0 0
CROSS chain 2 3 19 22 0 1 19 16 | # 0 0
CROSS chain 3 6 9 2 9 1 19 16 | 0 1 2 # 3 8
CROSS chain 4 9 4 1 2 4 19 16 | 0 1 2 3 0 1 2 3 # 8 64
CROSS chain 5 12 19 16 4 5 19 16 | 0 1 2 3 4 # 5 40
CROSS chain 6 15 9 4 1 2 19 16 | 0 1 2 3 4 5 0 1 2 3 4 5 # 12 230
CROSS chain 2 19 4 19 22 9 19 16 | 0 1 # 2 2
CROSS chain 3 22 19 2 0 16 19 16 | # 0 0
CROSS chain 4 1 16 22 16 16 19 16 | 0 1 2 3 # 4 20
CROSS chain 5 4 5 9 2 19 22 16 | 0 1 2 3 4 0 1 2 3 4 0 1 2 3 4 # 15 270
CROSS chain 6 7 22 4 5 22 22 16 | 0 1 2 3 4 5 # 6 70
CROSS chain 2 11 16 16 1 1 22 16 | 0 1 # 2 2
CROSS chain 3 14 5 5 22 4 22 16 | 0 1 2 0 1 2 # 6 25
CROSS chain 4 17 22 22 19 5 22 16 | 0 1 2 3 0 1 2 3 # 8 64
CROSS chain 5 20 16 2 16 5 22 16 | # 0 0
CROSS chain 6 23 5 1 9 2 22 16 | # 0 0
CROSS chain 2 3 1 16 5 9 22 16 | 0 1 0 1 0 1 # 6 12
CROSS chain 3 6 0 5 4 16 22 16 | # 0 0
CROSS chain 4 9 2 19 1 19 1 16 | 0 1 2 3 0 1 2 3 0 1 2 3 # 12 132
CROSS chain 5 12 1 2 19 22 1 16 | 0 1 2 3 4 # 5 40
CROSS chain 6 15 0 1 0 1 1 16 | # 0 0
CROSS chain 2 19 2 9 9 1 1 16 | # 0 0
CROSS chain 3 22 1 4 2 4 1 16 | # 0 0
CROSS chain 4 1 19 19 5 5 1 16 | 0 1 2 3 # 4 20
CROSS chain 5 4 9 5 1 2 1 16 | 0 1 2 3 4 # 5 40
CROSS chain 6 7 4 22 22 9 1 16 | 0 1 2 3 4 5 # 6 70
CROSS chain 2 11 19 9 0 16 1 16 | 0 1 # 2 2
CROSS chain 3 14 9 1 16 16 1 16 | 0 1 2 0 1 2 # 6 25
CROSS chain 4 17 4 16 2 19 4 16 | 0 1 2 3 0 1 2 3 # 8 64
CROSS chain 5 20 19 5 5 22 4 16 | # 0 0
CROSS chain 6 23 9 19 4 1 4 16 | 0 1 2 3 4 5 # 6 70
CROSS chain 2 3 5 2 22 4 4 16 | 0 1 # 2 2
CROSS chain 3 6 22 1 19 5 4 16 | # 0 0
CROSS chain 4 9 16 9 16 5 4 16 | 0 1 2 3 0 1 2 3 # 8 64
CROSS chain 5 12 5 4 9 2 4 16 | 0 1 2 3 4 # 5 40
CROSS chain 6 15 22 19 2 9 4 16 | 0 1 2 3 4 5 0 1 2 3 4 5 # 12 230
CROSS chain 2 19 16 5 4 16 4 16 | # 0 0
CROSS chain 3 22 5 22 1 19 5 16 | 0 1 2 0 1 2 # 6 25
CROSS chain 4 1 1 9 19 22 5 16 | 0 1 2 3 # 4 20
CROSS chain 5 4 0 4 0 1 5 16 | # 0 0
CROSS chain 6 7 2 16 9 1 5 16 | 0 1 2 3 4 5 # 6 70
CROSS chain 2 11 1 5 2 4 5 16 | 0 1 # 2 2
CROSS chain 3 14 0 22 5 5 5 16 | 0 1 2 0 1 2 # 6 25
CROSS chain 4 17 2 2 1 2 5 16 | 0 1 2 3 0 1 2 3 # 8 64
CROSS chain 5 20 1 1 22 9 5 16 | # 0 0
CROSS chain 6 23 0 16 0 16 5 16 | # 0 0
CROSS chain 2 3 9 4 16 16 5 16 | 0 1 0 1 0 1 # 6 12
CROSS chain 3 6 4 19 9 19 2 16 | 0 1 2 0 1 2 0 1 2 0 1 2 0 1 2 # 15 130
CROSS chain 4 9 19 2 5 22 2 16 | 0 1 2 3 # 4 20
CROSS chain 5 12 9 22 4 1 2 16 | 0 1 2 3 4 0 1 2 3 4 # 10 130
CROSS chain 6 15 4 9 22 4 2 16 | 0 1 2 3 4 5 # 6 70
CROSS chain 2 19 19 4 19 5 2 16 | # 0 0
CROSS chain 3 22 9 16 16 5 2 16 | # 0 0
CROSS chain 4 1 5 5 9 2 2 16 | 0 1 2 3 # 4 20
CROSS chain 5 4 22 22 2 9 2 16 | 0 1 2 3 4 # 5 40
CROSS chain 6 7 16 2 4 16 2 16 | 0 1 2 3 4 5 # 6 70
CROSS chain 2 11 5 1 1 19 9 16 | 0 1 0 1 0 1 # 6 12
CROSS chain 3 14 22 16 19 22 9 16 | 0 1 2 0 1 2 # 6 25
CROSS chain 4 17 16 4 0 1 9 16 | # 0 0
CROSS chain 5 20 5 19 16 1 9 16 | # 0 0
CROSS chain 6 23 22 2 2 4 9 16 | # 0 0
CROSS chain 2 3 0 1 5 5 9 16 | # 0 0
CROSS chain 3 6 2 9 1 2 9 16 | 0 1 2 # 3 8
CROSS chain 4 9 1 4 22 9 9 16 | 0 1 2 3 # 4 20
CROSS chain 5 12 0 19 19 16 9 16 | 0 1 2 3 4 # 5 40
CROSS chain 6 15 2 5 16 16 9 16 | 0 1 2 3 4 5 0 1 2 3 4 5 0 1 2 3 4 5 # 18 480
CROSS chain 2 19 1 22 9 19 16 16 | 0 1 # 2 2
CROSS chain 3 22 0 9 5 22 16 16 | 0 1 2 # 3 8
CROSS chain 4 1 9 1 4 1 16 16 | 0 1 2 3 # 4 20
CROSS chain 5 4 4 16 22 4 16 16 | # 0 0
CROSS chain 6 7 19 5 19 5 16 16 | 0 1 2 3 4 5 # 6 70
CROSS chain 2 11 9 19 0 2 16 16 | 0 1 0 1 # 4 6
CROSS chain 3 14 4 2 9 2 16 16 | 0 1 2 # 3 8
CROSS chain 4 17 19 1 2 9 16 16 | # 0 0
CROSS chain 5 20 9 9 4 16 16 16 | # 0 0
[chain3 done] sims 45779904

=== SEPARABLE HUNT (mode 1) SUMMARY ===
pipelines evaluated : 45779904 (undef 19219680, capped 0)
cut windows (instances) : 0
split/bad instances     : 0 / 0
bad prov block form     : 0
bad content form        : 0
DB hits (n>=2)          : 0
FDI hits (len>=2)      : 0
rev hits                : 0
TOTAL VIOLATIONS: 0 -> SEPARABLE RIGIDITY CONFIRMED ON THIS DOMAIN
