INVOCATION: ./gram8 gram   [mode=gram kforce=0]
=== [gram] ROUND 8: two-color profiles + periodic index masks ===
  mrg       :  1 directives, k=3..12, expansion 1 entries at k=12
  half      :  1 directives, k=3..13, expansion 27 entries at k=13
  third     :  2 directives, k=3..13, expansion 27 entries at k=13
  dbl       :  1 directives, k=3..12, expansion 25 entries at k=12
  shave     :  2 directives, k=3..12, expansion 25 entries at k=12
  dropab    :  1 directives, k=3..12, expansion 1 entries at k=12
  Eleak     :  2 directives, k=3..10, expansion 21 entries at k=10
  Eprod     :  2 directives, k=3..6, expansion 13 entries at k=6
  dlast     :  2 directives, k=3..12, expansion 23 entries at k=12
  dfirst    :  2 directives, k=3..12, expansion 23 entries at k=12
  Elast     :  1 directives, k=3..13, expansion 1 entries at k=13
  Ecbox     :  2 directives, k=3..8, expansion 3 entries at k=8
  Esmm      :  1 directives, k=3..8, expansion 1 entries at k=8
  Eh2       :  1 directives, k=3..8, expansion 1 entries at k=8
  dblmerge  :  1 directives, k=3..12, expansion 1 entries at k=12
  decb      :  6 directives, k=3..10, expansion 201 entries at k=10
  thresh    :  9 directives, k=3..10, expansion 183 entries at k=10
    tile4 k=12 profile head: 1 1 3 3 1 7 3 21 1 61 3 183 1 ...
    tile4 k=12: two-color profile 25 entries vs a-run-only view 199297 entries (exponential: the round-7 view cannot be pinned by a V-fixed grammar)
  tile4     :  4 directives, k=3..12, expansion 25 entries at k=12
    mod2 k=12 profile head: 1 1 3 9 3 81 3 729 3 6561 3 59049 3 ...
  mod2      :  6 directives (both cells k-independent), k=3..12, expansion 15 entries at k=12
    mod2 cells: k-odd 6 directives, k-even 8 directives (per-cell selection by k mod 2)
  total: 19 expressions (17 round-7 regression + tile4 + mod2), 0 with mismatches
== total: 478 checks, 0 failures ==
elapsed 0.5s
