=== w: python-level exactness ===
w: W == [a/b]_1 and guarded-tail(W) == [eps/b]_1 on all 4095 binary strings <= 11: 0 failures
w: 400000 random binary strings <= 59: 0 failures
w: tail-trim lemma (tail([a/b]_1 X) == [eps/b]_1 X when b occurs): 0 failures over 4095 strings <= 11
=== ast: genuine L-AST verification (ev_eager) ===
ast: W as a genuine L-AST (5 nested S-nodes, no guards) == [a/b]_1 on all 2047 binary strings <= 10 (ev_eager)
ast: 20000 random binary strings <= 49 (ev_eager): 0 failures
ast: del1b = if(contains b, tail(W), X) as a genuine L-AST (toolkit guards) == [eps/b]_1 on all 511 binary strings <= 8 (ev_eager), 0s
ast: 3000 random binary strings <= 39 (ev_eager): 0 failures
=== mech: mechanism documentation ===
mech: stage table on X = aa b aa b a (n0=2,n1=2,t=1):
    X            aabaaba
    1 [a->aa]    aaaabaaaabaa
    2 [b->ab]    aaaaabaaaaabaa
    3 [ba->b]    aaaaabaaaaba
    4 [aa->ab]   abababababba
    5 [ab->a]    aaaaaba
    rep1b(X)  = aaaaaba   del1b(X) = aaaaba
mech: gap parities after stage 3 (gap 0 the unique ODD pre-b gap; the trailing gap is 2n_t-1, odd but harmless -- it is never before a b, so its residue pairs with nothing and the halving nets identity there):
    n=(0,0,0): T3='abb' gaps=[1, 0, 0] expected=[1, 0, 0] OK
    n=(1,0,2): T3='aaabbaaa' gaps=[3, 0, 3] expected=[3, 0, 3] OK
    n=(0,3,1): T3='abaaaaaaba' gaps=[1, 6, 1] expected=[1, 6, 1] OK
    n=(2,2,2): T3='aaaaabaaaabaaa' gaps=[5, 4, 3] expected=[5, 4, 3] OK
    n=(5,1,0): T3='aaaaaaaaaaabaab' gaps=[11, 2, 0] expected=[11, 2, 0] OK
    n=(3,0,0): T3='aaaaaaabb' gaps=[7, 0, 0] expected=[7, 0, 0] OK
    n=(0,0,3): T3='abbaaaaa' gaps=[1, 0, 5] expected=[1, 0, 5] OK
    n=(4,3,2): T3='aaaaaaaaabaaaaaabaaa' gaps=[9, 6, 3] expected=[9, 6, 3] OK
mech: parity account verified on the 8 sampled gap vectors: True
=== lift: alphabet dependence ===
lift: W over abc <= 7: 2256/3280 strings fail (c-chars interrupt the gap runs: pass-4 pairing misaligns the residue away from the junction)
lift: W over abcd <= 6: 3402/5461 strings fail (c-chars interrupt the gap runs: pass-4 pairing misaligns the residue away from the junction)
total 6s