pass types: 36 (R<={2} chars, P in 1..2 chars)
search: pipelines of depth <= 5 on 4 battery texts
CANDIDATE depth 5: [a/aa] [/aa] [aa/a] [/ba] [ab/b]
  (failed extended verification)
CANDIDATE depth 5: [a/aa] [a/aa] [aa/a] [/ba] [ab/b]
  (failed extended verification)
CANDIDATE depth 5: [a/aa] [b/aa] [aa/a] [/ba] [ab/b]
  (failed extended verification)
CANDIDATE depth 5: [a/aa] [aa/a] [/ba] [/bb] [ab/b]
  (failed extended verification)
CANDIDATE depth 5: [a/aa] [aa/a] [/ba] [a/bb] [ab/b]
  (failed extended verification)
CANDIDATE depth 5: [a/aa] [aa/a] [/ba] [b/bb] [ab/b]
  (failed extended verification)
CANDIDATE depth 5: [a/aa] [aa/a] [/ba] [aa/bb] [ab/b]
  (failed extended verification)
CANDIDATE depth 4: [a/aa] [aa/a] [/ba] [ab/b]
  (failed extended verification)
CANDIDATE depth 5: [a/aa] [aa/a] [/ba] [ab/bb] [ab/b]
  (failed extended verification)
CANDIDATE depth 5: [a/aa] [aa/a] [/ba] [ba/b] [ab/ba]
  (failed extended verification)
CANDIDATE depth 5: [a/aa] [aa/a] [/ba] [ba/bb] [ab/b]
  (failed extended verification)
CANDIDATE depth 5: [a/aa] [aa/a] [/ba] [bb/b] [ab/bb]
  (failed extended verification)
CANDIDATE depth 5: [a/aa] [aa/a] [b/ba] [a/ba] [ab/b]
  (failed extended verification)
CANDIDATE depth 5: [a/aa] [aa/a] [bb/ba] [/bb] [ab/b]
  (failed extended verification)
CANDIDATE depth 5: [a/aa] [ab/a] [aa/ab] [/ba] [ab/b]
  (failed extended verification)
CANDIDATE depth 5: [a/aa] [ab/aa] [aa/a] [/ba] [ab/b]
  (failed extended verification)
CANDIDATE depth 5: [a/aa] [ba/a] [aa/ba] [/ba] [ab/b]
  (failed extended verification)
CANDIDATE depth 5: [a/aa] [ba/aa] [aa/a] [/ba] [ab/b]
  (failed extended verification)
CANDIDATE depth 5: [a/aa] [bb/aa] [aa/a] [/ba] [ab/b]
  (failed extended verification)
CANDIDATE depth 5: [a/ba] [aa/a] [b/ba] [ab/b] [a/aa]
  (failed extended verification)
CANDIDATE depth 5: [a/ba] [aa/a] [ab/b] [b/ba] [a/aa]
  (failed extended verification)
CANDIDATE depth 5: [a/ba] [aa/a] [ab/b] [ab/ba] [a/aa]
  (failed extended verification)
CANDIDATE depth 5: [a/ba] [aa/a] [ab/ba] [ab/b] [a/aa]
  (failed extended verification)
CANDIDATE depth 5: [a/ba] [ab/b] [bb/ba] [a/ba] [ba/bb]
  (failed extended verification)
CANDIDATE depth 5: [a/ba] [ab/b] [bb/ba] [b/ba] [ba/bb]
  (failed extended verification)
CANDIDATE depth 5: [a/ba] [bb/ba] [a/ba] [ba/bb] [ab/b]
  (failed extended verification)
CANDIDATE depth 5: [a/ba] [bb/ba] [b/ba] [ba/bb] [ab/b]
  (failed extended verification)
CANDIDATE depth 5: [a/ba] [bb/ba] [ab/b] [b/ba] [ba/bb]
  (failed extended verification)
CANDIDATE depth 5: [aa/a] [a/aa] [aa/ba] [/bb] [ab/ba]
  (failed extended verification)
CANDIDATE depth 5: [aa/a] [a/aa] [aa/ba] [a/bb] [ab/ba]
  (failed extended verification)
CANDIDATE depth 5: [aa/a] [a/aa] [aa/ba] [b/bb] [ab/ba]
  (failed extended verification)
CANDIDATE depth 5: [aa/a] [a/aa] [aa/ba] [aa/bb] [ab/ba]
  (failed extended verification)
CANDIDATE depth 4: [aa/a] [a/aa] [aa/ba] [ab/ba]
  (failed extended verification)
CANDIDATE depth 5: [aa/a] [a/aa] [aa/ba] [ab/bb] [ab/ba]
  (failed extended verification)
CANDIDATE depth 5: [aa/a] [a/aa] [aa/ba] [ba/bb] [ab/ba]
  (failed extended verification)
CANDIDATE depth 5: [aa/a] [a/aa] [aa/ba] [bb/ba] [ab/bb]
  (failed extended verification)
CANDIDATE depth 5: [aa/a] [a/aa] [ba/a] [ab/bb] [a/ba]
  (failed extended verification)
CANDIDATE depth 5: [aa/a] [a/ba] [b/ba] [ab/b] [a/aa]
  (failed extended verification)
CANDIDATE depth 5: [aa/a] [a/ba] [ab/b] [b/ba] [a/aa]
  (failed extended verification)
CANDIDATE depth 5: [aa/a] [a/ba] [ab/b] [ab/ba] [a/aa]
  (failed extended verification)
CANDIDATE depth 5: [aa/a] [a/ba] [ab/ba] [ab/b] [a/aa]
  (failed extended verification)
CANDIDATE depth 5: [aa/a] [b/ab] [a/aa] [aa/ba] [ab/ba]
  (failed extended verification)
CANDIDATE depth 5: [aa/a] [b/ba] [a/aa] [aa/ba] [ab/ba]
  (failed extended verification)
CANDIDATE depth 5: [aa/a] [aa/ba] [/bb] [a/aa] [ab/ba]
  (failed extended verification)
CANDIDATE depth 5: [aa/a] [aa/ba] [/bb] [ab/ba] [a/aa]
  (failed extended verification)
CANDIDATE depth 5: [aa/a] [aa/ba] [a/aa] [/bb] [ab/ba]
  (failed extended verification)
CANDIDATE depth 5: [aa/a] [aa/ba] [a/aa] [a/bb] [ab/ba]
  (failed extended verification)
CANDIDATE depth 5: [aa/a] [aa/ba] [a/aa] [b/bb] [ab/ba]
  (failed extended verification)
CANDIDATE depth 5: [aa/a] [aa/ba] [a/aa] [aa/bb] [ab/ba]
  (failed extended verification)
CANDIDATE depth 4: [aa/a] [aa/ba] [a/aa] [ab/ba]
  (failed extended verification)
CANDIDATE depth 5: [aa/a] [aa/ba] [a/aa] [ab/bb] [ab/ba]
  (failed extended verification)
CANDIDATE depth 5: [aa/a] [aa/ba] [a/aa] [ba/bb] [ab/ba]
  (failed extended verification)
CANDIDATE depth 5: [aa/a] [aa/ba] [a/aa] [bb/ba] [ab/bb]
  (failed extended verification)
CANDIDATE depth 5: [aa/a] [aa/ba] [a/bb] [a/aa] [ab/ba]
  (failed extended verification)
CANDIDATE depth 5: [aa/a] [aa/ba] [a/bb] [ab/ba] [a/aa]
  (failed extended verification)
CANDIDATE depth 5: [aa/a] [aa/ba] [b/ba] [ab/ba] [a/aa]
  (failed extended verification)
CANDIDATE depth 5: [aa/a] [aa/ba] [b/bb] [a/aa] [ab/ba]
  (failed extended verification)
CANDIDATE depth 5: [aa/a] [aa/ba] [b/bb] [ab/ba] [a/aa]
  (failed extended verification)
CANDIDATE depth 5: [aa/a] [aa/ba] [aa/bb] [a/aa] [ab/ba]
  (failed extended verification)
CANDIDATE depth 5: [aa/a] [aa/ba] [aa/bb] [ab/ba] [a/aa]
  (failed extended verification)
CANDIDATE depth 5: [aa/a] [aa/ba] [ab/b] [a/aa] [b/ba]
  (failed extended verification)
CANDIDATE depth 5: [aa/a] [aa/ba] [ab/ba] [/bb] [a/aa]
  (failed extended verification)
CANDIDATE depth 4: [aa/a] [aa/ba] [ab/ba] [a/aa]
  (failed extended verification)
CANDIDATE depth 5: [aa/a] [aa/ba] [ab/ba] [a/bb] [a/aa]
  (failed extended verification)
CANDIDATE depth 5: [aa/a] [aa/ba] [ab/ba] [b/ba] [a/aa]
  (failed extended verification)
CANDIDATE depth 5: [aa/a] [aa/ba] [ab/ba] [b/bb] [a/aa]
  (failed extended verification)
CANDIDATE depth 5: [aa/a] [aa/ba] [ab/ba] [aa/bb] [a/aa]
  (failed extended verification)
CANDIDATE depth 5: [aa/a] [aa/ba] [ab/ba] [ab/ba] [a/aa]
  (failed extended verification)
CANDIDATE depth 5: [aa/a] [aa/ba] [ab/ba] [ab/bb] [a/aa]
  (failed extended verification)
CANDIDATE depth 5: [aa/a] [aa/ba] [ab/ba] [ba/aa] [a/ba]
  (failed extended verification)
CANDIDATE depth 5: [aa/a] [aa/ba] [ab/ba] [ba/bb] [a/aa]
  (failed extended verification)
CANDIDATE depth 5: [aa/a] [aa/ba] [ab/bb] [a/aa] [ab/ba]
  (failed extended verification)
CANDIDATE depth 5: [aa/a] [aa/ba] [ab/bb] [ab/ba] [a/aa]
  (failed extended verification)
CANDIDATE depth 5: [aa/a] [aa/ba] [ba/aa] [a/ba] [ab/ba]
  (failed extended verification)
CANDIDATE depth 5: [aa/a] [aa/ba] [ba/bb] [a/aa] [ab/ba]
  (failed extended verification)
CANDIDATE depth 5: [aa/a] [aa/ba] [ba/bb] [ab/ba] [a/aa]
  (failed extended verification)
CANDIDATE depth 5: [aa/a] [aa/ba] [bb/ba] [a/aa] [ab/bb]
  (failed extended verification)
CANDIDATE depth 5: [aa/a] [aa/ba] [bb/ba] [ab/bb] [a/aa]
  (failed extended verification)
CANDIDATE depth 5: [aa/a] [ab/b] [b/ba] [a/aa] [a/ba]
  (failed extended verification)
CANDIDATE depth 5: [aa/a] [ab/b] [b/ba] [a/ba] [a/aa]
  (failed extended verification)
CANDIDATE depth 5: [aa/a] [ab/b] [b/ba] [ab/aa] [a/ab]
  *** VERIFIED ON 10064 RANDOM PLAIN TEXTS ***
CANDIDATE depth 5: [aa/a] [ab/aa] [a/ab] [aa/ba] [ab/ba]
  (failed extended verification)
CANDIDATE depth 5: [aa/a] [ab/aa] [ba/ab] [ab/bb] [a/ba]
  (failed extended verification)
CANDIDATE depth 5: [aa/a] [ab/bb] [ab/ba] [ab/aa] [a/ba]
  (failed extended verification)
CANDIDATE depth 5: [aa/a] [ba/a] [ab/bb] [a/ba] [a/aa]
  (failed extended verification)
CANDIDATE depth 5: [aa/a] [ba/aa] [/aa] [ab/bb] [a/ba]
  (failed extended verification)
CANDIDATE depth 5: [aa/a] [ba/aa] [a/aa] [ab/bb] [a/ba]
  (failed extended verification)
CANDIDATE depth 5: [aa/a] [ba/aa] [a/ba] [aa/ba] [ab/ba]
  (failed extended verification)
CANDIDATE depth 5: [aa/a] [ba/aa] [b/aa] [ab/bb] [a/ba]
  (failed extended verification)
CANDIDATE depth 5: [aa/a] [ba/aa] [aa/a] [ab/bb] [/ba]
  (failed extended verification)
CANDIDATE depth 5: [aa/a] [ba/aa] [ab/aa] [ab/bb] [a/ba]
  (failed extended verification)
CANDIDATE depth 4: [aa/a] [ba/aa] [ab/bb] [a/ba]
  (failed extended verification)
CANDIDATE depth 5: [aa/a] [ba/aa] [ab/bb] [aa/ba] [a/aa]
  (failed extended verification)
CANDIDATE depth 5: [aa/a] [ba/aa] [ba/aa] [ab/bb] [a/ba]
  (failed extended verification)
CANDIDATE depth 5: [aa/a] [ba/aa] [bb/aa] [ab/bb] [a/ba]
  (failed extended verification)
CANDIDATE depth 4: [aa/a] [bb/ba] [a/aa] [a/bb]
  (failed extended verification)
CANDIDATE depth 5: [aa/a] [bb/ba] [a/aa] [ab/bb] [a/ba]
  (failed extended verification)
CANDIDATE depth 5: [aa/a] [bb/ba] [a/bb] [ab/b] [a/aa]
  (failed extended verification)
CANDIDATE depth 5: [aa/a] [bb/ba] [aa/bb] [/bb] [a/aa]
  (failed extended verification)
CANDIDATE depth 4: [aa/a] [bb/ba] [aa/bb] [a/aa]
  (failed extended verification)
CANDIDATE depth 5: [aa/a] [bb/ba] [aa/bb] [a/bb] [a/aa]
  (failed extended verification)
CANDIDATE depth 5: [aa/a] [bb/ba] [aa/bb] [b/bb] [a/aa]
  (failed extended verification)
CANDIDATE depth 5: [aa/a] [bb/ba] [aa/bb] [aa/bb] [a/aa]
  (failed extended verification)
CANDIDATE depth 5: [aa/a] [bb/ba] [aa/bb] [ab/aa] [a/ba]
  (failed extended verification)
CANDIDATE depth 5: [aa/a] [bb/ba] [aa/bb] [ab/bb] [a/aa]
  (failed extended verification)
CANDIDATE depth 5: [aa/a] [bb/ba] [aa/bb] [ba/bb] [a/aa]
  (failed extended verification)
CANDIDATE depth 5: [aa/a] [bb/ba] [ab/bb] [a/aa] [a/ba]
  (failed extended verification)
CANDIDATE depth 5: [aa/a] [bb/ba] [ab/bb] [aa/ba] [a/aa]
  (failed extended verification)
CANDIDATE depth 5: [aa/a] [bb/ba] [ab/bb] [ab/aa] [a/ba]
  (failed extended verification)
CANDIDATE depth 5: [aa/ba] [/bb] [/bb] [/bb] [ab/ba]
  (failed extended verification)
CANDIDATE depth 5: [aa/ba] [/bb] [/bb] [a/bb] [ab/ba]
  (failed extended verification)
CANDIDATE depth 5: [aa/ba] [/bb] [/bb] [b/bb] [ab/ba]
  (failed extended verification)
CANDIDATE depth 5: [aa/ba] [/bb] [/bb] [aa/bb] [ab/ba]
  (failed extended verification)
CANDIDATE depth 4: [aa/ba] [/bb] [/bb] [ab/ba]
  (failed extended verification)
CANDIDATE depth 5: [aa/ba] [/bb] [/bb] [ab/bb] [ab/ba]
  (failed extended verification)
CANDIDATE depth 5: [aa/ba] [/bb] [/bb] [ba/bb] [ab/ba]
  (failed extended verification)
CANDIDATE depth 5: [aa/ba] [/bb] [/bb] [bb/ba] [ab/bb]
  (failed extended verification)
CANDIDATE depth 5: [aa/ba] [/bb] [a/bb] [/bb] [ab/ba]
  (failed extended verification)
CANDIDATE depth 5: [aa/ba] [/bb] [a/bb] [a/bb] [ab/ba]
  (failed extended verification)
CANDIDATE depth 5: [aa/ba] [/bb] [a/bb] [b/bb] [ab/ba]
  (failed extended verification)
CANDIDATE depth 5: [aa/ba] [/bb] [a/bb] [aa/bb] [ab/ba]
  (failed extended verification)
CANDIDATE depth 4: [aa/ba] [/bb] [a/bb] [ab/ba]
  (failed extended verification)
CANDIDATE depth 5: [aa/ba] [/bb] [a/bb] [ab/bb] [ab/ba]
  (failed extended verification)
CANDIDATE depth 5: [aa/ba] [/bb] [a/bb] [ba/bb] [ab/ba]
  (failed extended verification)
CANDIDATE depth 5: [aa/ba] [/bb] [a/bb] [bb/ba] [ab/bb]
  (failed extended verification)
CANDIDATE depth 5: [aa/ba] [/bb] [b/bb] [/bb] [ab/ba]
  (failed extended verification)
CANDIDATE depth 5: [aa/ba] [/bb] [b/bb] [a/bb] [ab/ba]
  (failed extended verification)
CANDIDATE depth 5: [aa/ba] [/bb] [b/bb] [b/bb] [ab/ba]
  (failed extended verification)
CANDIDATE depth 5: [aa/ba] [/bb] [b/bb] [aa/bb] [ab/ba]
  (failed extended verification)
CANDIDATE depth 4: [aa/ba] [/bb] [b/bb] [ab/ba]
  (failed extended verification)
CANDIDATE depth 5: [aa/ba] [/bb] [b/bb] [ab/bb] [ab/ba]
  (failed extended verification)
CANDIDATE depth 5: [aa/ba] [/bb] [b/bb] [ba/bb] [ab/ba]
  (failed extended verification)
CANDIDATE depth 5: [aa/ba] [/bb] [b/bb] [bb/ba] [ab/bb]
  (failed extended verification)
CANDIDATE depth 5: [aa/ba] [/bb] [aa/a] [a/aa] [ab/ba]
  (failed extended verification)
CANDIDATE depth 5: [aa/ba] [/bb] [aa/bb] [/bb] [ab/ba]
  (failed extended verification)
CANDIDATE depth 5: [aa/ba] [/bb] [aa/bb] [a/bb] [ab/ba]
  (failed extended verification)
CANDIDATE depth 5: [aa/ba] [/bb] [aa/bb] [b/bb] [ab/ba]
  (failed extended verification)
CANDIDATE depth 5: [aa/ba] [/bb] [aa/bb] [aa/bb] [ab/ba]
  (failed extended verification)
CANDIDATE depth 4: [aa/ba] [/bb] [aa/bb] [ab/ba]
  (failed extended verification)
CANDIDATE depth 5: [aa/ba] [/bb] [aa/bb] [ab/bb] [ab/ba]
  (failed extended verification)
CANDIDATE depth 5: [aa/ba] [/bb] [aa/bb] [ba/bb] [ab/ba]
  (failed extended verification)
CANDIDATE depth 5: [aa/ba] [/bb] [aa/bb] [bb/ba] [ab/bb]
  (failed extended verification)
CANDIDATE depth 5: [aa/ba] [/bb] [ab/a] [a/ab] [ab/ba]
  (failed extended verification)
CANDIDATE depth 5: [aa/ba] [/bb] [ab/b] [b/ab] [ab/ba]
  (failed extended verification)
CANDIDATE depth 5: [aa/ba] [/bb] [ab/b] [ab/ba] [b/ab]
  (failed extended verification)
CANDIDATE depth 3: [aa/ba] [/bb] [ab/ba]
  (failed extended verification)
CANDIDATE depth 5: [aa/ba] [/bb] [ab/bb] [/bb] [ab/ba]
  (failed extended verification)
CANDIDATE depth 5: [aa/ba] [/bb] [ab/bb] [a/bb] [ab/ba]
  (failed extended verification)
CANDIDATE depth 5: [aa/ba] [/bb] [ab/bb] [b/bb] [ab/ba]
  (failed extended verification)
CANDIDATE depth 5: [aa/ba] [/bb] [ab/bb] [aa/bb] [ab/ba]
  (failed extended verification)
CANDIDATE depth 4: [aa/ba] [/bb] [ab/bb] [ab/ba]
  (failed extended verification)
CANDIDATE depth 5: [aa/ba] [/bb] [ab/bb] [ab/bb] [ab/ba]
  (failed extended verification)
CANDIDATE depth 5: [aa/ba] [/bb] [ab/bb] [ba/bb] [ab/ba]
  (failed extended verification)
CANDIDATE depth 5: [aa/ba] [/bb] [ab/bb] [bb/ba] [ab/bb]
  (failed extended verification)
CANDIDATE depth 5: [aa/ba] [/bb] [ba/a] [a/ba] [ab/ba]
  (failed extended verification)
CANDIDATE depth 5: [aa/ba] [/bb] [ba/b] [b/ba] [ab/ba]
  (failed extended verification)
CANDIDATE depth 5: [aa/ba] [/bb] [ba/aa] [aa/ba] [ab/ba]
  (failed extended verification)
CANDIDATE depth 5: [aa/ba] [/bb] [ba/bb] [/bb] [ab/ba]
  (failed extended verification)
CANDIDATE depth 5: [aa/ba] [/bb] [ba/bb] [a/bb] [ab/ba]
  (failed extended verification)
CANDIDATE depth 5: [aa/ba] [/bb] [ba/bb] [b/bb] [ab/ba]
  (failed extended verification)
CANDIDATE depth 5: [aa/ba] [/bb] [ba/bb] [aa/bb] [ab/ba]
  (failed extended verification)
CANDIDATE depth 4: [aa/ba] [/bb] [ba/bb] [ab/ba]
  (failed extended verification)
CANDIDATE depth 5: [aa/ba] [/bb] [ba/bb] [ab/bb] [ab/ba]
  (failed extended verification)
CANDIDATE depth 5: [aa/ba] [/bb] [ba/bb] [ba/bb] [ab/ba]
  (failed extended verification)
CANDIDATE depth 5: [aa/ba] [/bb] [ba/bb] [bb/ba] [ab/bb]
  (failed extended verification)
CANDIDATE depth 5: [aa/ba] [/bb] [bb/b] [b/bb] [ab/ba]
  (failed extended verification)
CANDIDATE depth 5: [aa/ba] [/bb] [bb/ab] [aa/ab] [ab/ba]
  (failed extended verification)
CANDIDATE depth 5: [aa/ba] [/bb] [bb/ab] [ab/bb] [ab/ba]
  (failed extended verification)
CANDIDATE depth 5: [aa/ba] [/bb] [bb/ba] [aa/ba] [ab/ba]
  (failed extended verification)
CANDIDATE depth 4: [aa/ba] [/bb] [bb/ba] [ab/bb]
  (failed extended verification)
CANDIDATE depth 5: [aa/ba] [/bb] [bb/ba] [ba/bb] [ab/ba]
  (failed extended verification)
CANDIDATE depth 5: [aa/ba] [a/bb] [/bb] [/bb] [ab/ba]
  (failed extended verification)
CANDIDATE depth 5: [aa/ba] [a/bb] [/bb] [a/bb] [ab/ba]
  (failed extended verification)
CANDIDATE depth 5: [aa/ba] [a/bb] [/bb] [b/bb] [ab/ba]
  (failed extended verification)
CANDIDATE depth 5: [aa/ba] [a/bb] [/bb] [aa/bb] [ab/ba]
  (failed extended verification)
CANDIDATE depth 4: [aa/ba] [a/bb] [/bb] [ab/ba]
  (failed extended verification)
CANDIDATE depth 5: [aa/ba] [a/bb] [/bb] [ab/bb] [ab/ba]
  (failed extended verification)
CANDIDATE depth 5: [aa/ba] [a/bb] [/bb] [ba/bb] [ab/ba]
  (failed extended verification)
CANDIDATE depth 5: [aa/ba] [a/bb] [/bb] [bb/ba] [ab/bb]
  (failed extended verification)
CANDIDATE depth 5: [aa/ba] [a/bb] [a/bb] [/bb] [ab/ba]
  (failed extended verification)
CANDIDATE depth 5: [aa/ba] [a/bb] [a/bb] [a/bb] [ab/ba]
  (failed extended verification)
CANDIDATE depth 5: [aa/ba] [a/bb] [a/bb] [b/bb] [ab/ba]
  (failed extended verification)
CANDIDATE depth 5: [aa/ba] [a/bb] [a/bb] [aa/bb] [ab/ba]
  (failed extended verification)
CANDIDATE depth 4: [aa/ba] [a/bb] [a/bb] [ab/ba]
  (failed extended verification)
CANDIDATE depth 5: [aa/ba] [a/bb] [a/bb] [ab/bb] [ab/ba]
  (failed extended verification)
CANDIDATE depth 5: [aa/ba] [a/bb] [a/bb] [ba/bb] [ab/ba]
  (failed extended verification)
CANDIDATE depth 5: [aa/ba] [a/bb] [a/bb] [bb/ba] [ab/bb]
  (failed extended verification)
CANDIDATE depth 5: [aa/ba] [a/bb] [b/bb] [/bb] [ab/ba]
  (failed extended verification)
CANDIDATE depth 5: [aa/ba] [a/bb] [b/bb] [a/bb] [ab/ba]
  (failed extended verification)
CANDIDATE depth 5: [aa/ba] [a/bb] [b/bb] [b/bb] [ab/ba]
  (failed extended verification)
CANDIDATE depth 5: [aa/ba] [a/bb] [b/bb] [aa/bb] [ab/ba]
  (failed extended verification)
CANDIDATE depth 4: [aa/ba] [a/bb] [b/bb] [ab/ba]
  (failed extended verification)
CANDIDATE depth 5: [aa/ba] [a/bb] [b/bb] [ab/bb] [ab/ba]
  (failed extended verification)
CANDIDATE depth 5: [aa/ba] [a/bb] [b/bb] [ba/bb] [ab/ba]
  (failed extended verification)
CANDIDATE depth 5: [aa/ba] [a/bb] [b/bb] [bb/ba] [ab/bb]
  (failed extended verification)
CANDIDATE depth 5: [aa/ba] [a/bb] [aa/a] [a/aa] [ab/ba]
  (failed extended verification)
CANDIDATE depth 5: [aa/ba] [a/bb] [aa/bb] [/bb] [ab/ba]
  (failed extended verification)
CANDIDATE depth 5: [aa/ba] [a/bb] [aa/bb] [a/bb] [ab/ba]
  (failed extended verification)
CANDIDATE depth 5: [aa/ba] [a/bb] [aa/bb] [b/bb] [ab/ba]
  (failed extended verification)
CANDIDATE depth 5: [aa/ba] [a/bb] [aa/bb] [aa/bb] [ab/ba]
  (failed extended verification)
CANDIDATE depth 4: [aa/ba] [a/bb] [aa/bb] [ab/ba]
  (failed extended verification)
CANDIDATE depth 5: [aa/ba] [a/bb] [aa/bb] [ab/bb] [ab/ba]
  (failed extended verification)
CANDIDATE depth 5: [aa/ba] [a/bb] [aa/bb] [ba/bb] [ab/ba]
  (failed extended verification)
CANDIDATE depth 5: [aa/ba] [a/bb] [aa/bb] [bb/ba] [ab/bb]
  (failed extended verification)
CANDIDATE depth 5: [aa/ba] [a/bb] [ab/a] [a/ab] [ab/ba]
  (failed extended verification)
CANDIDATE depth 5: [aa/ba] [a/bb] [ab/b] [b/ab] [ab/ba]
  (failed extended verification)
CANDIDATE depth 5: [aa/ba] [a/bb] [ab/b] [ab/ba] [b/ab]
  (failed extended verification)
CANDIDATE depth 3: [aa/ba] [a/bb] [ab/ba]
  (failed extended verification)
CANDIDATE depth 5: [aa/ba] [a/bb] [ab/bb] [/bb] [ab/ba]
  (failed extended verification)
CANDIDATE depth 5: [aa/ba] [a/bb] [ab/bb] [a/bb] [ab/ba]
  (failed extended verification)
CANDIDATE depth 5: [aa/ba] [a/bb] [ab/bb] [b/bb] [ab/ba]
  (failed extended verification)
CANDIDATE depth 5: [aa/ba] [a/bb] [ab/bb] [aa/bb] [ab/ba]
  (failed extended verification)
CANDIDATE depth 4: [aa/ba] [a/bb] [ab/bb] [ab/ba]
  (failed extended verification)
CANDIDATE depth 5: [aa/ba] [a/bb] [ab/bb] [ab/bb] [ab/ba]
  (failed extended verification)
CANDIDATE depth 5: [aa/ba] [a/bb] [ab/bb] [ba/bb] [ab/ba]
  (failed extended verification)
CANDIDATE depth 5: [aa/ba] [a/bb] [ab/bb] [bb/ba] [ab/bb]
  (failed extended verification)
CANDIDATE depth 5: [aa/ba] [a/bb] [ba/a] [a/ba] [ab/ba]
  (failed extended verification)
CANDIDATE depth 5: [aa/ba] [a/bb] [ba/b] [b/ba] [ab/ba]
  (failed extended verification)
CANDIDATE depth 5: [aa/ba] [a/bb] [ba/aa] [aa/ba] [ab/ba]
  (failed extended verification)
CANDIDATE depth 5: [aa/ba] [a/bb] [ba/bb] [/bb] [ab/ba]
  (failed extended verification)
CANDIDATE depth 5: [aa/ba] [a/bb] [ba/bb] [a/bb] [ab/ba]
  (failed extended verification)
CANDIDATE depth 5: [aa/ba] [a/bb] [ba/bb] [b/bb] [ab/ba]
  (failed extended verification)
CANDIDATE depth 5: [aa/ba] [a/bb] [ba/bb] [aa/bb] [ab/ba]
  (failed extended verification)
CANDIDATE depth 4: [aa/ba] [a/bb] [ba/bb] [ab/ba]
  (failed extended verification)
CANDIDATE depth 5: [aa/ba] [a/bb] [ba/bb] [ab/bb] [ab/ba]
  (failed extended verification)
CANDIDATE depth 5: [aa/ba] [a/bb] [ba/bb] [ba/bb] [ab/ba]
  (failed extended verification)
CANDIDATE depth 5: [aa/ba] [a/bb] [ba/bb] [bb/ba] [ab/bb]
  (failed extended verification)
CANDIDATE depth 5: [aa/ba] [a/bb] [bb/b] [b/bb] [ab/ba]
  (failed extended verification)
CANDIDATE depth 5: [aa/ba] [a/bb] [bb/ab] [aa/ab] [ab/ba]
  (failed extended verification)
CANDIDATE depth 5: [aa/ba] [a/bb] [bb/ab] [ab/bb] [ab/ba]
  (failed extended verification)
CANDIDATE depth 5: [aa/ba] [a/bb] [bb/ba] [aa/ba] [ab/ba]
  (failed extended verification)
CANDIDATE depth 4: [aa/ba] [a/bb] [bb/ba] [ab/bb]
  (failed extended verification)
CANDIDATE depth 5: [aa/ba] [a/bb] [bb/ba] [ba/bb] [ab/ba]
  (failed extended verification)
CANDIDATE depth 5: [aa/ba] [b/ba] [aa/a] [ab/ba] [a/aa]
  (failed extended verification)
CANDIDATE depth 5: [aa/ba] [b/bb] [/bb] [/bb] [ab/ba]
  (failed extended verification)
CANDIDATE depth 5: [aa/ba] [b/bb] [/bb] [a/bb] [ab/ba]
  (failed extended verification)
CANDIDATE depth 5: [aa/ba] [b/bb] [/bb] [b/bb] [ab/ba]
  (failed extended verification)
CANDIDATE depth 5: [aa/ba] [b/bb] [/bb] [aa/bb] [ab/ba]
  (failed extended verification)
CANDIDATE depth 4: [aa/ba] [b/bb] [/bb] [ab/ba]
  (failed extended verification)
CANDIDATE depth 5: [aa/ba] [b/bb] [/bb] [ab/bb] [ab/ba]
  (failed extended verification)
CANDIDATE depth 5: [aa/ba] [b/bb] [/bb] [ba/bb] [ab/ba]
  (failed extended verification)
CANDIDATE depth 5: [aa/ba] [b/bb] [/bb] [bb/ba] [ab/bb]
  (failed extended verification)
CANDIDATE depth 5: [aa/ba] [b/bb] [a/bb] [/bb] [ab/ba]
  (failed extended verification)
CANDIDATE depth 5: [aa/ba] [b/bb] [a/bb] [a/bb] [ab/ba]
  (failed extended verification)
CANDIDATE depth 5: [aa/ba] [b/bb] [a/bb] [b/bb] [ab/ba]
  (failed extended verification)
CANDIDATE depth 5: [aa/ba] [b/bb] [a/bb] [aa/bb] [ab/ba]
  (failed extended verification)
CANDIDATE depth 4: [aa/ba] [b/bb] [a/bb] [ab/ba]
  (failed extended verification)
CANDIDATE depth 5: [aa/ba] [b/bb] [a/bb] [ab/bb] [ab/ba]
  (failed extended verification)
CANDIDATE depth 5: [aa/ba] [b/bb] [a/bb] [ba/bb] [ab/ba]
  (failed extended verification)
CANDIDATE depth 5: [aa/ba] [b/bb] [a/bb] [bb/ba] [ab/bb]
  (failed extended verification)
CANDIDATE depth 5: [aa/ba] [b/bb] [b/bb] [/bb] [ab/ba]
  (failed extended verification)
CANDIDATE depth 5: [aa/ba] [b/bb] [b/bb] [a/bb] [ab/ba]
  (failed extended verification)
CANDIDATE depth 5: [aa/ba] [b/bb] [b/bb] [b/bb] [ab/ba]
  (failed extended verification)
CANDIDATE depth 5: [aa/ba] [b/bb] [b/bb] [aa/bb] [ab/ba]
  (failed extended verification)
CANDIDATE depth 4: [aa/ba] [b/bb] [b/bb] [ab/ba]
  (failed extended verification)
CANDIDATE depth 5: [aa/ba] [b/bb] [b/bb] [ab/bb] [ab/ba]
  (failed extended verification)
CANDIDATE depth 5: [aa/ba] [b/bb] [b/bb] [ba/bb] [ab/ba]
  (failed extended verification)
CANDIDATE depth 5: [aa/ba] [b/bb] [b/bb] [bb/ba] [ab/bb]
  (failed extended verification)
CANDIDATE depth 5: [aa/ba] [b/bb] [aa/a] [a/aa] [ab/ba]
  (failed extended verification)
CANDIDATE depth 5: [aa/ba] [b/bb] [aa/bb] [/bb] [ab/ba]
  (failed extended verification)
CANDIDATE depth 5: [aa/ba] [b/bb] [aa/bb] [a/bb] [ab/ba]
  (failed extended verification)
CANDIDATE depth 5: [aa/ba] [b/bb] [aa/bb] [b/bb] [ab/ba]
  (failed extended verification)
CANDIDATE depth 5: [aa/ba] [b/bb] [aa/bb] [aa/bb] [ab/ba]
  (failed extended verification)
CANDIDATE depth 4: [aa/ba] [b/bb] [aa/bb] [ab/ba]
  (failed extended verification)
CANDIDATE depth 5: [aa/ba] [b/bb] [aa/bb] [ab/bb] [ab/ba]
  (failed extended verification)
CANDIDATE depth 5: [aa/ba] [b/bb] [aa/bb] [ba/bb] [ab/ba]
  (failed extended verification)
CANDIDATE depth 5: [aa/ba] [b/bb] [aa/bb] [bb/ba] [ab/bb]
  (failed extended verification)
CANDIDATE depth 5: [aa/ba] [b/bb] [ab/a] [a/ab] [ab/ba]
  (failed extended verification)
CANDIDATE depth 5: [aa/ba] [b/bb] [ab/b] [b/ab] [ab/ba]
  (failed extended verification)
CANDIDATE depth 5: [aa/ba] [b/bb] [ab/b] [ab/ba] [b/ab]
  (failed extended verification)
CANDIDATE depth 3: [aa/ba] [b/bb] [ab/ba]
  (failed extended verification)
CANDIDATE depth 5: [aa/ba] [b/bb] [ab/bb] [/bb] [ab/ba]
  (failed extended verification)
CANDIDATE depth 5: [aa/ba] [b/bb] [ab/bb] [a/bb] [ab/ba]
  (failed extended verification)
CANDIDATE depth 5: [aa/ba] [b/bb] [ab/bb] [b/bb] [ab/ba]
  (failed extended verification)
CANDIDATE depth 5: [aa/ba] [b/bb] [ab/bb] [aa/bb] [ab/ba]
  (failed extended verification)
CANDIDATE depth 4: [aa/ba] [b/bb] [ab/bb] [ab/ba]
  (failed extended verification)
CANDIDATE depth 5: [aa/ba] [b/bb] [ab/bb] [ab/bb] [ab/ba]
  (failed extended verification)
CANDIDATE depth 5: [aa/ba] [b/bb] [ab/bb] [ba/bb] [ab/ba]
  (failed extended verification)
CANDIDATE depth 5: [aa/ba] [b/bb] [ab/bb] [bb/ba] [ab/bb]
  (failed extended verification)
CANDIDATE depth 5: [aa/ba] [b/bb] [ba/a] [a/ba] [ab/ba]
  (failed extended verification)
CANDIDATE depth 5: [aa/ba] [b/bb] [ba/b] [b/ba] [ab/ba]
  (failed extended verification)
CANDIDATE depth 5: [aa/ba] [b/bb] [ba/aa] [aa/ba] [ab/ba]
  (failed extended verification)
CANDIDATE depth 5: [aa/ba] [b/bb] [ba/bb] [/bb] [ab/ba]
  (failed extended verification)
CANDIDATE depth 5: [aa/ba] [b/bb] [ba/bb] [a/bb] [ab/ba]
  (failed extended verification)
CANDIDATE depth 5: [aa/ba] [b/bb] [ba/bb] [b/bb] [ab/ba]
  (failed extended verification)
CANDIDATE depth 5: [aa/ba] [b/bb] [ba/bb] [aa/bb] [ab/ba]
  (failed extended verification)
CANDIDATE depth 4: [aa/ba] [b/bb] [ba/bb] [ab/ba]
  (failed extended verification)
CANDIDATE depth 5: [aa/ba] [b/bb] [ba/bb] [ab/bb] [ab/ba]
  (failed extended verification)
CANDIDATE depth 5: [aa/ba] [b/bb] [ba/bb] [ba/bb] [ab/ba]
  (failed extended verification)
CANDIDATE depth 5: [aa/ba] [b/bb] [ba/bb] [bb/ba] [ab/bb]
  (failed extended verification)
CANDIDATE depth 5: [aa/ba] [b/bb] [bb/b] [b/bb] [ab/ba]
  (failed extended verification)
CANDIDATE depth 5: [aa/ba] [b/bb] [bb/ab] [aa/ab] [ab/ba]
  (failed extended verification)
CANDIDATE depth 5: [aa/ba] [b/bb] [bb/ab] [ab/bb] [ab/ba]
  (failed extended verification)
CANDIDATE depth 5: [aa/ba] [b/bb] [bb/ba] [aa/ba] [ab/ba]
  (failed extended verification)
CANDIDATE depth 4: [aa/ba] [b/bb] [bb/ba] [ab/bb]
  (failed extended verification)
CANDIDATE depth 5: [aa/ba] [b/bb] [bb/ba] [ba/bb] [ab/ba]
  (failed extended verification)
CANDIDATE depth 5: [aa/ba] [aa/a] [/bb] [a/aa] [ab/ba]
  (failed extended verification)
CANDIDATE depth 5: [aa/ba] [aa/a] [a/aa] [/bb] [ab/ba]
  (failed extended verification)
CANDIDATE depth 5: [aa/ba] [aa/a] [a/aa] [a/bb] [ab/ba]
  (failed extended verification)
CANDIDATE depth 5: [aa/ba] [aa/a] [a/aa] [b/bb] [ab/ba]
  (failed extended verification)
CANDIDATE depth 5: [aa/ba] [aa/a] [a/aa] [aa/bb] [ab/ba]
  (failed extended verification)
CANDIDATE depth 4: [aa/ba] [aa/a] [a/aa] [ab/ba]
  (failed extended verification)
CANDIDATE depth 5: [aa/ba] [aa/a] [a/aa] [ab/bb] [ab/ba]
  (failed extended verification)
CANDIDATE depth 5: [aa/ba] [aa/a] [a/aa] [ba/bb] [ab/ba]
  (failed extended verification)
CANDIDATE depth 5: [aa/ba] [aa/a] [a/aa] [bb/ba] [ab/bb]
  (failed extended verification)
CANDIDATE depth 5: [aa/ba] [aa/a] [a/bb] [a/aa] [ab/ba]
  (failed extended verification)
CANDIDATE depth 5: [aa/ba] [aa/a] [b/ab] [a/aa] [ab/ba]
  (failed extended verification)
CANDIDATE depth 5: [aa/ba] [aa/a] [b/ba] [a/aa] [ab/ba]
  (failed extended verification)
CANDIDATE depth 5: [aa/ba] [aa/a] [b/ba] [ab/ba] [a/aa]
  (failed extended verification)
CANDIDATE depth 5: [aa/ba] [aa/a] [b/bb] [a/aa] [ab/ba]
  (failed extended verification)
CANDIDATE depth 5: [aa/ba] [aa/a] [aa/bb] [a/aa] [ab/ba]
  (failed extended verification)
CANDIDATE depth 5: [aa/ba] [aa/a] [ab/aa] [a/ab] [ab/ba]
  (failed extended verification)
CANDIDATE depth 5: [aa/ba] [aa/a] [ab/ba] [a/aa] [b/ba]
  (failed extended verification)
CANDIDATE depth 5: [aa/ba] [aa/a] [ab/ba] [b/ba] [a/aa]
  (failed extended verification)
CANDIDATE depth 5: [aa/ba] [aa/a] [ab/ba] [ab/ba] [a/aa]
  (failed extended verification)
CANDIDATE depth 5: [aa/ba] [aa/a] [ab/bb] [a/aa] [ab/ba]
  (failed extended verification)
CANDIDATE depth 5: [aa/ba] [aa/a] [ba/aa] [a/ba] [ab/ba]
  (failed extended verification)
CANDIDATE depth 5: [aa/ba] [aa/a] [ba/bb] [a/aa] [ab/ba]
  (failed extended verification)
CANDIDATE depth 5: [aa/ba] [aa/bb] [/bb] [/bb] [ab/ba]
  (failed extended verification)
CANDIDATE depth 5: [aa/ba] [aa/bb] [/bb] [a/bb] [ab/ba]
  (failed extended verification)
CANDIDATE depth 5: [aa/ba] [aa/bb] [/bb] [b/bb] [ab/ba]
  (failed extended verification)
CANDIDATE depth 5: [aa/ba] [aa/bb] [/bb] [aa/bb] [ab/ba]
  (failed extended verification)
CANDIDATE depth 4: [aa/ba] [aa/bb] [/bb] [ab/ba]
  (failed extended verification)
CANDIDATE depth 5: [aa/ba] [aa/bb] [/bb] [ab/bb] [ab/ba]
  (failed extended verification)
CANDIDATE depth 5: [aa/ba] [aa/bb] [/bb] [ba/bb] [ab/ba]
  (failed extended verification)
CANDIDATE depth 5: [aa/ba] [aa/bb] [/bb] [bb/ba] [ab/bb]
  (failed extended verification)
CANDIDATE depth 5: [aa/ba] [aa/bb] [a/bb] [/bb] [ab/ba]
  (failed extended verification)
CANDIDATE depth 5: [aa/ba] [aa/bb] [a/bb] [a/bb] [ab/ba]
  (failed extended verification)
CANDIDATE depth 5: [aa/ba] [aa/bb] [a/bb] [b/bb] [ab/ba]
  (failed extended verification)
CANDIDATE depth 5: [aa/ba] [aa/bb] [a/bb] [aa/bb] [ab/ba]
  (failed extended verification)
CANDIDATE depth 4: [aa/ba] [aa/bb] [a/bb] [ab/ba]
  (failed extended verification)
CANDIDATE depth 5: [aa/ba] [aa/bb] [a/bb] [ab/bb] [ab/ba]
  (failed extended verification)
CANDIDATE depth 5: [aa/ba] [aa/bb] [a/bb] [ba/bb] [ab/ba]
  (failed extended verification)
CANDIDATE depth 5: [aa/ba] [aa/bb] [a/bb] [bb/ba] [ab/bb]
  (failed extended verification)
CANDIDATE depth 5: [aa/ba] [aa/bb] [b/bb] [/bb] [ab/ba]
  (failed extended verification)
CANDIDATE depth 5: [aa/ba] [aa/bb] [b/bb] [a/bb] [ab/ba]
  (failed extended verification)
CANDIDATE depth 5: [aa/ba] [aa/bb] [b/bb] [b/bb] [ab/ba]
  (failed extended verification)
CANDIDATE depth 5: [aa/ba] [aa/bb] [b/bb] [aa/bb] [ab/ba]
  (failed extended verification)
CANDIDATE depth 4: [aa/ba] [aa/bb] [b/bb] [ab/ba]
  (failed extended verification)
CANDIDATE depth 5: [aa/ba] [aa/bb] [b/bb] [ab/bb] [ab/ba]
  (failed extended verification)
CANDIDATE depth 5: [aa/ba] [aa/bb] [b/bb] [ba/bb] [ab/ba]
  (failed extended verification)
CANDIDATE depth 5: [aa/ba] [aa/bb] [b/bb] [bb/ba] [ab/bb]
  (failed extended verification)
CANDIDATE depth 5: [aa/ba] [aa/bb] [aa/a] [a/aa] [ab/ba]
  (failed extended verification)
CANDIDATE depth 5: [aa/ba] [aa/bb] [aa/bb] [/bb] [ab/ba]
  (failed extended verification)
CANDIDATE depth 5: [aa/ba] [aa/bb] [aa/bb] [a/bb] [ab/ba]
  (failed extended verification)
CANDIDATE depth 5: [aa/ba] [aa/bb] [aa/bb] [b/bb] [ab/ba]
  (failed extended verification)
CANDIDATE depth 5: [aa/ba] [aa/bb] [aa/bb] [aa/bb] [ab/ba]
  (failed extended verification)
CANDIDATE depth 4: [aa/ba] [aa/bb] [aa/bb] [ab/ba]
  (failed extended verification)
CANDIDATE depth 5: [aa/ba] [aa/bb] [aa/bb] [ab/bb] [ab/ba]
  (failed extended verification)
CANDIDATE depth 5: [aa/ba] [aa/bb] [aa/bb] [ba/bb] [ab/ba]
  (failed extended verification)
CANDIDATE depth 5: [aa/ba] [aa/bb] [aa/bb] [bb/ba] [ab/bb]
  (failed extended verification)
CANDIDATE depth 5: [aa/ba] [aa/bb] [ab/a] [a/ab] [ab/ba]
  (failed extended verification)
CANDIDATE depth 5: [aa/ba] [aa/bb] [ab/b] [b/ab] [ab/ba]
  (failed extended verification)
CANDIDATE depth 5: [aa/ba] [aa/bb] [ab/b] [ab/ba] [b/ab]
  (failed extended verification)
CANDIDATE depth 3: [aa/ba] [aa/bb] [ab/ba]
  (failed extended verification)
CANDIDATE depth 5: [aa/ba] [aa/bb] [ab/bb] [/bb] [ab/ba]
  (failed extended verification)
CANDIDATE depth 5: [aa/ba] [aa/bb] [ab/bb] [a/bb] [ab/ba]
  (failed extended verification)
CANDIDATE depth 5: [aa/ba] [aa/bb] [ab/bb] [b/bb] [ab/ba]
  (failed extended verification)
CANDIDATE depth 5: [aa/ba] [aa/bb] [ab/bb] [aa/bb] [ab/ba]
  (failed extended verification)
CANDIDATE depth 4: [aa/ba] [aa/bb] [ab/bb] [ab/ba]
  (failed extended verification)
CANDIDATE depth 5: [aa/ba] [aa/bb] [ab/bb] [ab/bb] [ab/ba]
  (failed extended verification)
CANDIDATE depth 5: [aa/ba] [aa/bb] [ab/bb] [ba/bb] [ab/ba]
  (failed extended verification)
CANDIDATE depth 5: [aa/ba] [aa/bb] [ab/bb] [bb/ba] [ab/bb]
  (failed extended verification)
CANDIDATE depth 5: [aa/ba] [aa/bb] [ba/a] [a/ba] [ab/ba]
  (failed extended verification)
CANDIDATE depth 5: [aa/ba] [aa/bb] [ba/b] [b/ba] [ab/ba]
  (failed extended verification)
CANDIDATE depth 5: [aa/ba] [aa/bb] [ba/aa] [aa/ba] [ab/ba]
  (failed extended verification)
CANDIDATE depth 5: [aa/ba] [aa/bb] [ba/bb] [/bb] [ab/ba]
  (failed extended verification)
CANDIDATE depth 5: [aa/ba] [aa/bb] [ba/bb] [a/bb] [ab/ba]
  (failed extended verification)
CANDIDATE depth 5: [aa/ba] [aa/bb] [ba/bb] [b/bb] [ab/ba]
  (failed extended verification)
CANDIDATE depth 5: [aa/ba] [aa/bb] [ba/bb] [aa/bb] [ab/ba]
  (failed extended verification)
CANDIDATE depth 4: [aa/ba] [aa/bb] [ba/bb] [ab/ba]
  (failed extended verification)
CANDIDATE depth 5: [aa/ba] [aa/bb] [ba/bb] [ab/bb] [ab/ba]
  (failed extended verification)
CANDIDATE depth 5: [aa/ba] [aa/bb] [ba/bb] [ba/bb] [ab/ba]
  (failed extended verification)
CANDIDATE depth 5: [aa/ba] [aa/bb] [ba/bb] [bb/ba] [ab/bb]
  (failed extended verification)
CANDIDATE depth 5: [aa/ba] [aa/bb] [bb/b] [b/bb] [ab/ba]
  (failed extended verification)
CANDIDATE depth 5: [aa/ba] [aa/bb] [bb/ab] [aa/ab] [ab/ba]
  (failed extended verification)
CANDIDATE depth 5: [aa/ba] [aa/bb] [bb/ab] [ab/bb] [ab/ba]
  (failed extended verification)
CANDIDATE depth 5: [aa/ba] [aa/bb] [bb/ba] [aa/ba] [ab/ba]
  (failed extended verification)
CANDIDATE depth 4: [aa/ba] [aa/bb] [bb/ba] [ab/bb]
  (failed extended verification)
CANDIDATE depth 5: [aa/ba] [aa/bb] [bb/ba] [ba/bb] [ab/ba]
  (failed extended verification)
CANDIDATE depth 5: [aa/ba] [ab/a] [/aa] [a/ab] [ab/ba]
  (failed extended verification)
CANDIDATE depth 5: [aa/ba] [ab/a] [a/aa] [a/ab] [ab/ba]
  (failed extended verification)
CANDIDATE depth 5: [aa/ba] [ab/a] [a/ab] [/bb] [ab/ba]
  (failed extended verification)
CANDIDATE depth 5: [aa/ba] [ab/a] [a/ab] [a/bb] [ab/ba]
  (failed extended verification)
CANDIDATE depth 5: [aa/ba] [ab/a] [a/ab] [b/bb] [ab/ba]
  (failed extended verification)
CANDIDATE depth 5: [aa/ba] [ab/a] [a/ab] [aa/bb] [ab/ba]
  (failed extended verification)
CANDIDATE depth 4: [aa/ba] [ab/a] [a/ab] [ab/ba]
  (failed extended verification)
CANDIDATE depth 5: [aa/ba] [ab/a] [a/ab] [ab/bb] [ab/ba]
  (failed extended verification)
CANDIDATE depth 5: [aa/ba] [ab/a] [a/ab] [ba/bb] [ab/ba]
  (failed extended verification)
CANDIDATE depth 5: [aa/ba] [ab/a] [a/ab] [bb/ba] [ab/bb]
  (failed extended verification)
CANDIDATE depth 5: [aa/ba] [ab/a] [b/aa] [a/ab] [ab/ba]
  (failed extended verification)
CANDIDATE depth 5: [aa/ba] [ab/a] [aa/a] [/ab] [ab/ba]
  (failed extended verification)
CANDIDATE depth 5: [aa/ba] [ab/a] [aa/ab] [a/aa] [ab/ba]
  (failed extended verification)
CANDIDATE depth 5: [aa/ba] [ab/a] [ab/a] [/bb] [ab/ba]
  (failed extended verification)
CANDIDATE depth 5: [aa/ba] [ab/a] [ab/aa] [a/ab] [ab/ba]
  (failed extended verification)
CANDIDATE depth 5: [aa/ba] [ab/a] [ba/aa] [a/ab] [ab/ba]
  (failed extended verification)
CANDIDATE depth 5: [aa/ba] [ab/a] [ba/ab] [a/ba] [ab/ba]
  (failed extended verification)
CANDIDATE depth 5: [aa/ba] [ab/a] [bb/aa] [a/ab] [ab/ba]
  (failed extended verification)
CANDIDATE depth 5: [aa/ba] [ab/b] [/bb] [b/ab] [ab/ba]
  (failed extended verification)
CANDIDATE depth 5: [aa/ba] [ab/b] [/bb] [ab/ba] [b/ab]
  (failed extended verification)
CANDIDATE depth 5: [aa/ba] [ab/b] [a/bb] [b/ab] [ab/ba]
  (failed extended verification)
CANDIDATE depth 5: [aa/ba] [ab/b] [a/bb] [ab/ba] [b/ab]
  (failed extended verification)
CANDIDATE depth 5: [aa/ba] [ab/b] [b/ab] [/bb] [ab/ba]
  (failed extended verification)
CANDIDATE depth 5: [aa/ba] [ab/b] [b/ab] [a/bb] [ab/ba]
  (failed extended verification)
CANDIDATE depth 5: [aa/ba] [ab/b] [b/ab] [b/bb] [ab/ba]
  (failed extended verification)
CANDIDATE depth 5: [aa/ba] [ab/b] [b/ab] [aa/bb] [ab/ba]
  (failed extended verification)
CANDIDATE depth 4: [aa/ba] [ab/b] [b/ab] [ab/ba]
  (failed extended verification)
CANDIDATE depth 5: [aa/ba] [ab/b] [b/ab] [ab/bb] [ab/ba]
  (failed extended verification)
CANDIDATE depth 5: [aa/ba] [ab/b] [b/ab] [ba/bb] [ab/ba]
  (failed extended verification)
CANDIDATE depth 5: [aa/ba] [ab/b] [b/ab] [bb/ba] [ab/bb]
  (failed extended verification)
CANDIDATE depth 5: [aa/ba] [ab/b] [b/bb] [b/ab] [ab/ba]
  (failed extended verification)
CANDIDATE depth 5: [aa/ba] [ab/b] [b/bb] [ab/ba] [b/ab]
  (failed extended verification)
CANDIDATE depth 5: [aa/ba] [ab/b] [aa/bb] [b/ab] [ab/ba]
  (failed extended verification)
CANDIDATE depth 5: [aa/ba] [ab/b] [aa/bb] [ab/ba] [b/ab]
  (failed extended verification)
CANDIDATE depth 5: [aa/ba] [ab/b] [ab/ba] [/bb] [b/ab]
  (failed extended verification)
CANDIDATE depth 5: [aa/ba] [ab/b] [ab/ba] [a/bb] [b/ab]
  (failed extended verification)
CANDIDATE depth 4: [aa/ba] [ab/b] [ab/ba] [b/ab]
  (failed extended verification)
CANDIDATE depth 5: [aa/ba] [ab/b] [ab/ba] [b/bb] [b/ab]
  (failed extended verification)
CANDIDATE depth 5: [aa/ba] [ab/b] [ab/ba] [aa/bb] [b/ab]
  (failed extended verification)
CANDIDATE depth 5: [aa/ba] [ab/b] [ab/ba] [ab/bb] [b/ab]
  (failed extended verification)
CANDIDATE depth 5: [aa/ba] [ab/b] [ab/ba] [ba/ab] [b/ba]
  (failed extended verification)
CANDIDATE depth 5: [aa/ba] [ab/b] [ab/ba] [ba/bb] [b/ab]
  (failed extended verification)
CANDIDATE depth 5: [aa/ba] [ab/b] [ab/ba] [bb/b] [/ab]
  (failed extended verification)
CANDIDATE depth 5: [aa/ba] [ab/b] [ab/ba] [bb/ab] [a/ab]
  (failed extended verification)
CANDIDATE depth 5: [aa/ba] [ab/b] [ab/ba] [bb/ab] [b/bb]
  (failed extended verification)
CANDIDATE depth 5: [aa/ba] [ab/b] [ab/bb] [b/ab] [ab/ba]
  (failed extended verification)
CANDIDATE depth 5: [aa/ba] [ab/b] [ab/bb] [ab/ba] [b/ab]
  (failed extended verification)
CANDIDATE depth 5: [aa/ba] [ab/b] [ba/ab] [b/ba] [ab/ba]
  (failed extended verification)
CANDIDATE depth 5: [aa/ba] [ab/b] [ba/bb] [b/ab] [ab/ba]
  (failed extended verification)
CANDIDATE depth 5: [aa/ba] [ab/b] [ba/bb] [ab/ba] [b/ab]
  (failed extended verification)
CANDIDATE depth 5: [aa/ba] [ab/b] [bb/b] [/ab] [ab/ba]
  (failed extended verification)
CANDIDATE depth 5: [aa/ba] [ab/b] [bb/ab] [b/bb] [ab/ba]
  (failed extended verification)
CANDIDATE depth 5: [aa/ba] [ab/b] [bb/ba] [b/ab] [ab/bb]
  (failed extended verification)
CANDIDATE depth 5: [aa/ba] [ab/b] [bb/ba] [ab/bb] [b/ab]
  (failed extended verification)
CANDIDATE depth 2: [aa/ba] [ab/ba]
  (failed extended verification)
CANDIDATE depth 5: [aa/ba] [ab/bb] [/bb] [/bb] [ab/ba]
  (failed extended verification)
CANDIDATE depth 5: [aa/ba] [ab/bb] [/bb] [a/bb] [ab/ba]
  (failed extended verification)
CANDIDATE depth 5: [aa/ba] [ab/bb] [/bb] [b/bb] [ab/ba]
  (failed extended verification)
CANDIDATE depth 5: [aa/ba] [ab/bb] [/bb] [aa/bb] [ab/ba]
  (failed extended verification)
CANDIDATE depth 4: [aa/ba] [ab/bb] [/bb] [ab/ba]
  (failed extended verification)
CANDIDATE depth 5: [aa/ba] [ab/bb] [/bb] [ab/bb] [ab/ba]
  (failed extended verification)
CANDIDATE depth 5: [aa/ba] [ab/bb] [/bb] [ba/bb] [ab/ba]
  (failed extended verification)
CANDIDATE depth 5: [aa/ba] [ab/bb] [/bb] [bb/ba] [ab/bb]
  (failed extended verification)
CANDIDATE depth 5: [aa/ba] [ab/bb] [a/bb] [/bb] [ab/ba]
  (failed extended verification)
CANDIDATE depth 5: [aa/ba] [ab/bb] [a/bb] [a/bb] [ab/ba]
  (failed extended verification)
CANDIDATE depth 5: [aa/ba] [ab/bb] [a/bb] [b/bb] [ab/ba]
  (failed extended verification)
CANDIDATE depth 5: [aa/ba] [ab/bb] [a/bb] [aa/bb] [ab/ba]
  (failed extended verification)
CANDIDATE depth 4: [aa/ba] [ab/bb] [a/bb] [ab/ba]
  (failed extended verification)
CANDIDATE depth 5: [aa/ba] [ab/bb] [a/bb] [ab/bb] [ab/ba]
  (failed extended verification)
CANDIDATE depth 5: [aa/ba] [ab/bb] [a/bb] [ba/bb] [ab/ba]
  (failed extended verification)
CANDIDATE depth 5: [aa/ba] [ab/bb] [a/bb] [bb/ba] [ab/bb]
  (failed extended verification)
CANDIDATE depth 5: [aa/ba] [ab/bb] [b/bb] [/bb] [ab/ba]
  (failed extended verification)
CANDIDATE depth 5: [aa/ba] [ab/bb] [b/bb] [a/bb] [ab/ba]
  (failed extended verification)
CANDIDATE depth 5: [aa/ba] [ab/bb] [b/bb] [b/bb] [ab/ba]
  (failed extended verification)
CANDIDATE depth 5: [aa/ba] [ab/bb] [b/bb] [aa/bb] [ab/ba]
  (failed extended verification)
CANDIDATE depth 4: [aa/ba] [ab/bb] [b/bb] [ab/ba]
  (failed extended verification)
CANDIDATE depth 5: [aa/ba] [ab/bb] [b/bb] [ab/bb] [ab/ba]
  (failed extended verification)
CANDIDATE depth 5: [aa/ba] [ab/bb] [b/bb] [ba/bb] [ab/ba]
  (failed extended verification)
CANDIDATE depth 5: [aa/ba] [ab/bb] [b/bb] [bb/ba] [ab/bb]
  (failed extended verification)
CANDIDATE depth 5: [aa/ba] [ab/bb] [aa/a] [a/aa] [ab/ba]
  (failed extended verification)
CANDIDATE depth 5: [aa/ba] [ab/bb] [aa/bb] [/bb] [ab/ba]
  (failed extended verification)
CANDIDATE depth 5: [aa/ba] [ab/bb] [aa/bb] [a/bb] [ab/ba]
  (failed extended verification)
CANDIDATE depth 5: [aa/ba] [ab/bb] [aa/bb] [b/bb] [ab/ba]
  (failed extended verification)
CANDIDATE depth 5: [aa/ba] [ab/bb] [aa/bb] [aa/bb] [ab/ba]
  (failed extended verification)
CANDIDATE depth 4: [aa/ba] [ab/bb] [aa/bb] [ab/ba]
  (failed extended verification)
CANDIDATE depth 5: [aa/ba] [ab/bb] [aa/bb] [ab/bb] [ab/ba]
  (failed extended verification)
CANDIDATE depth 5: [aa/ba] [ab/bb] [aa/bb] [ba/bb] [ab/ba]
  (failed extended verification)
CANDIDATE depth 5: [aa/ba] [ab/bb] [aa/bb] [bb/ba] [ab/bb]
  (failed extended verification)
CANDIDATE depth 5: [aa/ba] [ab/bb] [ab/a] [a/ab] [ab/ba]
  (failed extended verification)
CANDIDATE depth 5: [aa/ba] [ab/bb] [ab/b] [b/ab] [ab/ba]
  (failed extended verification)
CANDIDATE depth 5: [aa/ba] [ab/bb] [ab/b] [ab/ba] [b/ab]
  (failed extended verification)
CANDIDATE depth 3: [aa/ba] [ab/bb] [ab/ba]
  (failed extended verification)
CANDIDATE depth 5: [aa/ba] [ab/bb] [ab/bb] [/bb] [ab/ba]
  (failed extended verification)
CANDIDATE depth 5: [aa/ba] [ab/bb] [ab/bb] [a/bb] [ab/ba]
  (failed extended verification)
CANDIDATE depth 5: [aa/ba] [ab/bb] [ab/bb] [b/bb] [ab/ba]
  (failed extended verification)
CANDIDATE depth 5: [aa/ba] [ab/bb] [ab/bb] [aa/bb] [ab/ba]
  (failed extended verification)
CANDIDATE depth 4: [aa/ba] [ab/bb] [ab/bb] [ab/ba]
  (failed extended verification)
CANDIDATE depth 5: [aa/ba] [ab/bb] [ab/bb] [ab/bb] [ab/ba]
  (failed extended verification)
CANDIDATE depth 5: [aa/ba] [ab/bb] [ab/bb] [ba/bb] [ab/ba]
  (failed extended verification)
CANDIDATE depth 5: [aa/ba] [ab/bb] [ab/bb] [bb/ba] [ab/bb]
  (failed extended verification)
CANDIDATE depth 5: [aa/ba] [ab/bb] [ba/a] [a/ba] [ab/ba]
  (failed extended verification)
CANDIDATE depth 5: [aa/ba] [ab/bb] [ba/b] [b/ba] [ab/ba]
  (failed extended verification)
CANDIDATE depth 5: [aa/ba] [ab/bb] [ba/aa] [aa/ba] [ab/ba]
  (failed extended verification)
CANDIDATE depth 5: [aa/ba] [ab/bb] [ba/bb] [/bb] [ab/ba]
  (failed extended verification)
CANDIDATE depth 5: [aa/ba] [ab/bb] [ba/bb] [a/bb] [ab/ba]
  (failed extended verification)
CANDIDATE depth 5: [aa/ba] [ab/bb] [ba/bb] [b/bb] [ab/ba]
  (failed extended verification)
CANDIDATE depth 5: [aa/ba] [ab/bb] [ba/bb] [aa/bb] [ab/ba]
  (failed extended verification)
CANDIDATE depth 4: [aa/ba] [ab/bb] [ba/bb] [ab/ba]
  (failed extended verification)
CANDIDATE depth 5: [aa/ba] [ab/bb] [ba/bb] [ab/bb] [ab/ba]
  (failed extended verification)
CANDIDATE depth 5: [aa/ba] [ab/bb] [ba/bb] [ba/bb] [ab/ba]
  (failed extended verification)
CANDIDATE depth 5: [aa/ba] [ab/bb] [ba/bb] [bb/ba] [ab/bb]
  (failed extended verification)
CANDIDATE depth 5: [aa/ba] [ab/bb] [bb/b] [b/bb] [ab/ba]
  (failed extended verification)
CANDIDATE depth 5: [aa/ba] [ab/bb] [bb/ab] [aa/ab] [ab/ba]
  (failed extended verification)
CANDIDATE depth 5: [aa/ba] [ab/bb] [bb/ab] [ab/bb] [ab/ba]
  (failed extended verification)
CANDIDATE depth 5: [aa/ba] [ab/bb] [bb/ba] [aa/ba] [ab/ba]
  (failed extended verification)
CANDIDATE depth 4: [aa/ba] [ab/bb] [bb/ba] [ab/bb]
  (failed extended verification)
CANDIDATE depth 5: [aa/ba] [ab/bb] [bb/ba] [ba/bb] [ab/ba]
  (failed extended verification)
CANDIDATE depth 5: [aa/ba] [ba/a] [/aa] [a/ba] [ab/ba]
  (failed extended verification)
CANDIDATE depth 5: [aa/ba] [ba/a] [a/aa] [a/ba] [ab/ba]
  (failed extended verification)
CANDIDATE depth 5: [aa/ba] [ba/a] [a/ba] [/bb] [ab/ba]
  (failed extended verification)
CANDIDATE depth 5: [aa/ba] [ba/a] [a/ba] [a/bb] [ab/ba]
  (failed extended verification)
CANDIDATE depth 5: [aa/ba] [ba/a] [a/ba] [b/bb] [ab/ba]
  (failed extended verification)
CANDIDATE depth 5: [aa/ba] [ba/a] [a/ba] [aa/bb] [ab/ba]
  (failed extended verification)
CANDIDATE depth 4: [aa/ba] [ba/a] [a/ba] [ab/ba]
  (failed extended verification)
CANDIDATE depth 5: [aa/ba] [ba/a] [a/ba] [ab/bb] [ab/ba]
  (failed extended verification)
CANDIDATE depth 5: [aa/ba] [ba/a] [a/ba] [ba/bb] [ab/ba]
  (failed extended verification)
CANDIDATE depth 5: [aa/ba] [ba/a] [a/ba] [bb/ba] [ab/bb]
  (failed extended verification)
CANDIDATE depth 5: [aa/ba] [ba/a] [b/aa] [a/ba] [ab/ba]
  (failed extended verification)
CANDIDATE depth 5: [aa/ba] [ba/a] [aa/a] [/ba] [ab/ba]
  (failed extended verification)
CANDIDATE depth 5: [aa/ba] [ba/a] [aa/ba] [a/aa] [ab/ba]
  (failed extended verification)
CANDIDATE depth 5: [aa/ba] [ba/a] [ab/aa] [a/ba] [ab/ba]
  (failed extended verification)
CANDIDATE depth 5: [aa/ba] [ba/a] [ab/ba] [a/ab] [ab/ba]
  (failed extended verification)
CANDIDATE depth 5: [aa/ba] [ba/a] [ba/a] [/bb] [ab/ba]
  (failed extended verification)
CANDIDATE depth 5: [aa/ba] [ba/a] [ba/a] [ab/bb] [/ba]
  (failed extended verification)
CANDIDATE depth 5: [aa/ba] [ba/a] [ba/aa] [a/ba] [ab/ba]
  (failed extended verification)
CANDIDATE depth 5: [aa/ba] [ba/a] [ba/bb] [ab/aa] [a/ba]
  (failed extended verification)
CANDIDATE depth 5: [aa/ba] [ba/a] [bb/aa] [a/ba] [ab/ba]
  (failed extended verification)
CANDIDATE depth 5: [aa/ba] [ba/b] [/bb] [b/ba] [ab/ba]
  (failed extended verification)
CANDIDATE depth 5: [aa/ba] [ba/b] [a/bb] [b/ba] [ab/ba]
  (failed extended verification)
CANDIDATE depth 5: [aa/ba] [ba/b] [b/ba] [/bb] [ab/ba]
  (failed extended verification)
CANDIDATE depth 5: [aa/ba] [ba/b] [b/ba] [a/bb] [ab/ba]
  (failed extended verification)
CANDIDATE depth 5: [aa/ba] [ba/b] [b/ba] [b/bb] [ab/ba]
  (failed extended verification)
CANDIDATE depth 5: [aa/ba] [ba/b] [b/ba] [aa/bb] [ab/ba]
  (failed extended verification)
CANDIDATE depth 4: [aa/ba] [ba/b] [b/ba] [ab/ba]
  (failed extended verification)
CANDIDATE depth 5: [aa/ba] [ba/b] [b/ba] [ab/bb] [ab/ba]
  (failed extended verification)
CANDIDATE depth 5: [aa/ba] [ba/b] [b/ba] [ba/bb] [ab/ba]
  (failed extended verification)
CANDIDATE depth 5: [aa/ba] [ba/b] [b/ba] [bb/ba] [ab/bb]
  (failed extended verification)
CANDIDATE depth 5: [aa/ba] [ba/b] [b/bb] [b/ba] [ab/ba]
  (failed extended verification)
CANDIDATE depth 5: [aa/ba] [ba/b] [aa/bb] [b/ba] [ab/ba]
  (failed extended verification)
CANDIDATE depth 5: [aa/ba] [ba/b] [ab/ba] [b/ab] [ab/ba]
  (failed extended verification)
CANDIDATE depth 5: [aa/ba] [ba/b] [ab/ba] [ab/ba] [b/ab]
  (failed extended verification)
CANDIDATE depth 5: [aa/ba] [ba/b] [ab/bb] [b/ba] [ab/ba]
  (failed extended verification)
CANDIDATE depth 5: [aa/ba] [ba/b] [ba/bb] [b/ba] [ab/ba]
  (failed extended verification)
CANDIDATE depth 5: [aa/ba] [ba/b] [bb/b] [/ba] [ab/ba]
  (failed extended verification)
CANDIDATE depth 5: [aa/ba] [ba/b] [bb/ba] [b/bb] [ab/ba]
  (failed extended verification)
CANDIDATE depth 5: [aa/ba] [ba/aa] [aa/ba] [/bb] [ab/ba]
  (failed extended verification)
CANDIDATE depth 5: [aa/ba] [ba/aa] [aa/ba] [a/bb] [ab/ba]
  (failed extended verification)
CANDIDATE depth 5: [aa/ba] [ba/aa] [aa/ba] [b/bb] [ab/ba]
  (failed extended verification)
CANDIDATE depth 5: [aa/ba] [ba/aa] [aa/ba] [aa/bb] [ab/ba]
  (failed extended verification)
CANDIDATE depth 4: [aa/ba] [ba/aa] [aa/ba] [ab/ba]
  (failed extended verification)
CANDIDATE depth 5: [aa/ba] [ba/aa] [aa/ba] [ab/bb] [ab/ba]
  (failed extended verification)
CANDIDATE depth 5: [aa/ba] [ba/aa] [aa/ba] [ba/bb] [ab/ba]
  (failed extended verification)
CANDIDATE depth 5: [aa/ba] [ba/aa] [aa/ba] [bb/ba] [ab/bb]
  (failed extended verification)
CANDIDATE depth 5: [aa/ba] [ba/aa] [ba/a] [ab/bb] [a/ba]
  (failed extended verification)
CANDIDATE depth 5: [aa/ba] [ba/bb] [/bb] [/bb] [ab/ba]
  (failed extended verification)
CANDIDATE depth 5: [aa/ba] [ba/bb] [/bb] [a/bb] [ab/ba]
  (failed extended verification)
CANDIDATE depth 5: [aa/ba] [ba/bb] [/bb] [b/bb] [ab/ba]
  (failed extended verification)
CANDIDATE depth 5: [aa/ba] [ba/bb] [/bb] [aa/bb] [ab/ba]
  (failed extended verification)
CANDIDATE depth 4: [aa/ba] [ba/bb] [/bb] [ab/ba]
  (failed extended verification)
CANDIDATE depth 5: [aa/ba] [ba/bb] [/bb] [ab/bb] [ab/ba]
  (failed extended verification)
CANDIDATE depth 5: [aa/ba] [ba/bb] [/bb] [ba/bb] [ab/ba]
  (failed extended verification)
CANDIDATE depth 5: [aa/ba] [ba/bb] [/bb] [bb/ba] [ab/bb]
  (failed extended verification)
CANDIDATE depth 5: [aa/ba] [ba/bb] [a/bb] [/bb] [ab/ba]
  (failed extended verification)
CANDIDATE depth 5: [aa/ba] [ba/bb] [a/bb] [a/bb] [ab/ba]
  (failed extended verification)
CANDIDATE depth 5: [aa/ba] [ba/bb] [a/bb] [b/bb] [ab/ba]
  (failed extended verification)
CANDIDATE depth 5: [aa/ba] [ba/bb] [a/bb] [aa/bb] [ab/ba]
  (failed extended verification)
CANDIDATE depth 4: [aa/ba] [ba/bb] [a/bb] [ab/ba]
  (failed extended verification)
CANDIDATE depth 5: [aa/ba] [ba/bb] [a/bb] [ab/bb] [ab/ba]
  (failed extended verification)
CANDIDATE depth 5: [aa/ba] [ba/bb] [a/bb] [ba/bb] [ab/ba]
  (failed extended verification)
CANDIDATE depth 5: [aa/ba] [ba/bb] [a/bb] [bb/ba] [ab/bb]
  (failed extended verification)
CANDIDATE depth 5: [aa/ba] [ba/bb] [b/bb] [/bb] [ab/ba]
  (failed extended verification)
CANDIDATE depth 5: [aa/ba] [ba/bb] [b/bb] [a/bb] [ab/ba]
  (failed extended verification)
CANDIDATE depth 5: [aa/ba] [ba/bb] [b/bb] [b/bb] [ab/ba]
  (failed extended verification)
CANDIDATE depth 5: [aa/ba] [ba/bb] [b/bb] [aa/bb] [ab/ba]
  (failed extended verification)
CANDIDATE depth 4: [aa/ba] [ba/bb] [b/bb] [ab/ba]
  (failed extended verification)
CANDIDATE depth 5: [aa/ba] [ba/bb] [b/bb] [ab/bb] [ab/ba]
  (failed extended verification)
CANDIDATE depth 5: [aa/ba] [ba/bb] [b/bb] [ba/bb] [ab/ba]
  (failed extended verification)
CANDIDATE depth 5: [aa/ba] [ba/bb] [b/bb] [bb/ba] [ab/bb]
  (failed extended verification)
CANDIDATE depth 5: [aa/ba] [ba/bb] [aa/a] [a/aa] [ab/ba]
  (failed extended verification)
CANDIDATE depth 5: [aa/ba] [ba/bb] [aa/bb] [/bb] [ab/ba]
  (failed extended verification)
CANDIDATE depth 5: [aa/ba] [ba/bb] [aa/bb] [a/bb] [ab/ba]
  (failed extended verification)
CANDIDATE depth 5: [aa/ba] [ba/bb] [aa/bb] [b/bb] [ab/ba]
  (failed extended verification)
CANDIDATE depth 5: [aa/ba] [ba/bb] [aa/bb] [aa/bb] [ab/ba]
  (failed extended verification)
CANDIDATE depth 4: [aa/ba] [ba/bb] [aa/bb] [ab/ba]
  (failed extended verification)
CANDIDATE depth 5: [aa/ba] [ba/bb] [aa/bb] [ab/bb] [ab/ba]
  (failed extended verification)
CANDIDATE depth 5: [aa/ba] [ba/bb] [aa/bb] [ba/bb] [ab/ba]
  (failed extended verification)
CANDIDATE depth 5: [aa/ba] [ba/bb] [aa/bb] [bb/ba] [ab/bb]
  (failed extended verification)
CANDIDATE depth 5: [aa/ba] [ba/bb] [ab/a] [a/ab] [ab/ba]
  (failed extended verification)
CANDIDATE depth 5: [aa/ba] [ba/bb] [ab/b] [b/ab] [ab/ba]
  (failed extended verification)
CANDIDATE depth 5: [aa/ba] [ba/bb] [ab/b] [ab/ba] [b/ab]
  (failed extended verification)
CANDIDATE depth 3: [aa/ba] [ba/bb] [ab/ba]
  (failed extended verification)
CANDIDATE depth 5: [aa/ba] [ba/bb] [ab/bb] [/bb] [ab/ba]
  (failed extended verification)
CANDIDATE depth 5: [aa/ba] [ba/bb] [ab/bb] [a/bb] [ab/ba]
  (failed extended verification)
CANDIDATE depth 5: [aa/ba] [ba/bb] [ab/bb] [b/bb] [ab/ba]
  (failed extended verification)
CANDIDATE depth 5: [aa/ba] [ba/bb] [ab/bb] [aa/bb] [ab/ba]
  (failed extended verification)
CANDIDATE depth 4: [aa/ba] [ba/bb] [ab/bb] [ab/ba]
  (failed extended verification)
CANDIDATE depth 5: [aa/ba] [ba/bb] [ab/bb] [ab/bb] [ab/ba]
  (failed extended verification)
CANDIDATE depth 5: [aa/ba] [ba/bb] [ab/bb] [ba/bb] [ab/ba]
  (failed extended verification)
CANDIDATE depth 5: [aa/ba] [ba/bb] [ab/bb] [bb/ba] [ab/bb]
  (failed extended verification)
CANDIDATE depth 5: [aa/ba] [ba/bb] [ba/a] [a/ba] [ab/ba]
  (failed extended verification)
CANDIDATE depth 5: [aa/ba] [ba/bb] [ba/b] [b/ba] [ab/ba]
  (failed extended verification)
CANDIDATE depth 5: [aa/ba] [ba/bb] [ba/aa] [aa/ba] [ab/ba]
  (failed extended verification)
CANDIDATE depth 5: [aa/ba] [ba/bb] [ba/bb] [/bb] [ab/ba]
  (failed extended verification)
CANDIDATE depth 5: [aa/ba] [ba/bb] [ba/bb] [a/bb] [ab/ba]
  (failed extended verification)
CANDIDATE depth 5: [aa/ba] [ba/bb] [ba/bb] [b/bb] [ab/ba]
  (failed extended verification)
CANDIDATE depth 5: [aa/ba] [ba/bb] [ba/bb] [aa/bb] [ab/ba]
  (failed extended verification)
CANDIDATE depth 4: [aa/ba] [ba/bb] [ba/bb] [ab/ba]
  (failed extended verification)
CANDIDATE depth 5: [aa/ba] [ba/bb] [ba/bb] [ab/bb] [ab/ba]
  (failed extended verification)
CANDIDATE depth 5: [aa/ba] [ba/bb] [ba/bb] [ba/bb] [ab/ba]
  (failed extended verification)
CANDIDATE depth 5: [aa/ba] [ba/bb] [ba/bb] [bb/ba] [ab/bb]
  (failed extended verification)
CANDIDATE depth 5: [aa/ba] [ba/bb] [bb/b] [b/bb] [ab/ba]
  (failed extended verification)
CANDIDATE depth 5: [aa/ba] [ba/bb] [bb/ab] [aa/ab] [ab/ba]
  (failed extended verification)
CANDIDATE depth 5: [aa/ba] [ba/bb] [bb/ab] [ab/bb] [ab/ba]
  (failed extended verification)
CANDIDATE depth 5: [aa/ba] [ba/bb] [bb/ba] [aa/ba] [ab/ba]
  (failed extended verification)
CANDIDATE depth 4: [aa/ba] [ba/bb] [bb/ba] [ab/bb]
  (failed extended verification)
CANDIDATE depth 5: [aa/ba] [ba/bb] [bb/ba] [ba/bb] [ab/ba]
  (failed extended verification)
CANDIDATE depth 5: [aa/ba] [bb/b] [a/ab] [b/bb] [ab/ba]
  (failed extended verification)
CANDIDATE depth 5: [aa/ba] [bb/b] [a/ba] [b/bb] [ab/ba]
  (failed extended verification)
CANDIDATE depth 5: [aa/ba] [bb/b] [a/ba] [ab/ba] [b/bb]
  (failed extended verification)
CANDIDATE depth 5: [aa/ba] [bb/b] [b/bb] [/bb] [ab/ba]
  (failed extended verification)
CANDIDATE depth 5: [aa/ba] [bb/b] [b/bb] [a/bb] [ab/ba]
  (failed extended verification)
CANDIDATE depth 5: [aa/ba] [bb/b] [b/bb] [b/bb] [ab/ba]
  (failed extended verification)
CANDIDATE depth 5: [aa/ba] [bb/b] [b/bb] [aa/bb] [ab/ba]
  (failed extended verification)
CANDIDATE depth 4: [aa/ba] [bb/b] [b/bb] [ab/ba]
  (failed extended verification)
CANDIDATE depth 5: [aa/ba] [bb/b] [b/bb] [ab/bb] [ab/ba]
  (failed extended verification)
CANDIDATE depth 5: [aa/ba] [bb/b] [b/bb] [ba/bb] [ab/ba]
  (failed extended verification)
CANDIDATE depth 5: [aa/ba] [bb/b] [b/bb] [bb/ba] [ab/bb]
  (failed extended verification)
CANDIDATE depth 5: [aa/ba] [bb/b] [ab/bb] [b/ab] [ab/ba]
  (failed extended verification)
CANDIDATE depth 5: [aa/ba] [bb/b] [ab/bb] [ab/ba] [b/ab]
  (failed extended verification)
CANDIDATE depth 5: [aa/ba] [bb/b] [ba/bb] [b/ba] [ab/ba]
  (failed extended verification)
CANDIDATE depth 5: [aa/ba] [bb/b] [bb/ba] [b/bb] [ab/bb]
  (failed extended verification)
CANDIDATE depth 5: [aa/ba] [bb/ab] [aa/ab] [/bb] [ab/ba]
  (failed extended verification)
CANDIDATE depth 5: [aa/ba] [bb/ab] [aa/ab] [a/bb] [ab/ba]
  (failed extended verification)
CANDIDATE depth 5: [aa/ba] [bb/ab] [aa/ab] [b/bb] [ab/ba]
  (failed extended verification)
CANDIDATE depth 5: [aa/ba] [bb/ab] [aa/ab] [aa/bb] [ab/ba]
  (failed extended verification)
CANDIDATE depth 4: [aa/ba] [bb/ab] [aa/ab] [ab/ba]
  (failed extended verification)
CANDIDATE depth 5: [aa/ba] [bb/ab] [aa/ab] [ab/bb] [ab/ba]
  (failed extended verification)
CANDIDATE depth 5: [aa/ba] [bb/ab] [aa/ab] [ba/bb] [ab/ba]
  (failed extended verification)
CANDIDATE depth 5: [aa/ba] [bb/ab] [aa/ab] [bb/ba] [ab/bb]
  (failed extended verification)
CANDIDATE depth 5: [aa/ba] [bb/ab] [ab/bb] [/bb] [ab/ba]
  (failed extended verification)
CANDIDATE depth 5: [aa/ba] [bb/ab] [ab/bb] [a/bb] [ab/ba]
  (failed extended verification)
CANDIDATE depth 5: [aa/ba] [bb/ab] [ab/bb] [b/bb] [ab/ba]
  (failed extended verification)
CANDIDATE depth 5: [aa/ba] [bb/ab] [ab/bb] [aa/bb] [ab/ba]
  (failed extended verification)
CANDIDATE depth 4: [aa/ba] [bb/ab] [ab/bb] [ab/ba]
  (failed extended verification)
CANDIDATE depth 5: [aa/ba] [bb/ab] [ab/bb] [ab/bb] [ab/ba]
  (failed extended verification)
CANDIDATE depth 5: [aa/ba] [bb/ab] [ab/bb] [ba/bb] [ab/ba]
  (failed extended verification)
CANDIDATE depth 5: [aa/ba] [bb/ab] [ab/bb] [bb/ba] [ab/bb]
  (failed extended verification)
CANDIDATE depth 5: [aa/ba] [bb/ab] [bb/ab] [aa/bb] [ab/ba]
  (failed extended verification)
CANDIDATE depth 5: [aa/ba] [bb/ab] [bb/ba] [aa/ab] [ab/bb]
  (failed extended verification)
CANDIDATE depth 5: [aa/ba] [bb/ab] [bb/ba] [ab/bb] [ab/bb]
  (failed extended verification)
CANDIDATE depth 5: [aa/ba] [bb/ba] [aa/a] [a/aa] [ab/bb]
  (failed extended verification)
CANDIDATE depth 5: [aa/ba] [bb/ba] [aa/a] [ab/bb] [a/aa]
  (failed extended verification)
CANDIDATE depth 5: [aa/ba] [bb/ba] [aa/ba] [/bb] [ab/ba]
  (failed extended verification)
CANDIDATE depth 5: [aa/ba] [bb/ba] [aa/ba] [a/bb] [ab/ba]
  (failed extended verification)
CANDIDATE depth 5: [aa/ba] [bb/ba] [aa/ba] [b/bb] [ab/ba]
  (failed extended verification)
CANDIDATE depth 5: [aa/ba] [bb/ba] [aa/ba] [aa/bb] [ab/ba]
  (failed extended verification)
CANDIDATE depth 4: [aa/ba] [bb/ba] [aa/ba] [ab/ba]
  (failed extended verification)
CANDIDATE depth 5: [aa/ba] [bb/ba] [aa/ba] [ab/bb] [ab/ba]
  (failed extended verification)
CANDIDATE depth 5: [aa/ba] [bb/ba] [aa/ba] [ba/bb] [ab/ba]
  (failed extended verification)
CANDIDATE depth 5: [aa/ba] [bb/ba] [aa/ba] [bb/ba] [ab/bb]
  (failed extended verification)
CANDIDATE depth 5: [aa/ba] [bb/ba] [ab/a] [a/ab] [ab/bb]
  (failed extended verification)
CANDIDATE depth 5: [aa/ba] [bb/ba] [ab/b] [b/ab] [ab/bb]
  (failed extended verification)
CANDIDATE depth 5: [aa/ba] [bb/ba] [ab/aa] [aa/ab] [ab/bb]
  (failed extended verification)
CANDIDATE depth 3: [aa/ba] [bb/ba] [ab/bb]
  (failed extended verification)
CANDIDATE depth 5: [aa/ba] [bb/ba] [ba/a] [a/ba] [ab/bb]
  (failed extended verification)
CANDIDATE depth 5: [aa/ba] [bb/ba] [ba/a] [ab/bb] [a/ba]
  (failed extended verification)
CANDIDATE depth 5: [aa/ba] [bb/ba] [ba/b] [b/ba] [ab/bb]
  (failed extended verification)
CANDIDATE depth 5: [aa/ba] [bb/ba] [ba/bb] [/bb] [ab/ba]
  (failed extended verification)
CANDIDATE depth 5: [aa/ba] [bb/ba] [ba/bb] [a/bb] [ab/ba]
  (failed extended verification)
CANDIDATE depth 5: [aa/ba] [bb/ba] [ba/bb] [b/bb] [ab/ba]
  (failed extended verification)
CANDIDATE depth 5: [aa/ba] [bb/ba] [ba/bb] [aa/bb] [ab/ba]
  (failed extended verification)
CANDIDATE depth 4: [aa/ba] [bb/ba] [ba/bb] [ab/ba]
  (failed extended verification)
CANDIDATE depth 5: [aa/ba] [bb/ba] [ba/bb] [ab/bb] [ab/ba]
  (failed extended verification)
CANDIDATE depth 5: [aa/ba] [bb/ba] [ba/bb] [ba/bb] [ab/ba]
  (failed extended verification)
CANDIDATE depth 5: [aa/ba] [bb/ba] [ba/bb] [bb/ba] [ab/bb]
  (failed extended verification)
CANDIDATE depth 5: [aa/ba] [bb/ba] [bb/b] [b/bb] [ab/bb]
  (failed extended verification)
CANDIDATE depth 5: [aa/ba] [bb/ba] [bb/ab] [aa/ab] [ab/bb]
  (failed extended verification)
CANDIDATE depth 5: [aa/ba] [bb/ba] [bb/ab] [ab/bb] [ab/bb]
  (failed extended verification)
CANDIDATE depth 5: [aa/ba] [bb/ba] [bb/ba] [ab/bb] [ba/bb]
  (failed extended verification)
CANDIDATE depth 5: [ab/a] [/aa] [a/ab] [aa/ba] [ab/ba]
  (failed extended verification)
CANDIDATE depth 5: [ab/a] [/aa] [ba/ab] [ab/bb] [a/ba]
  (failed extended verification)
CANDIDATE depth 5: [ab/a] [a/aa] [a/ab] [aa/ba] [ab/ba]
  (failed extended verification)
CANDIDATE depth 5: [ab/a] [a/aa] [ba/ab] [ab/bb] [a/ba]
  (failed extended verification)
CANDIDATE depth 5: [ab/a] [a/ab] [aa/ba] [/bb] [ab/ba]
  (failed extended verification)
CANDIDATE depth 5: [ab/a] [a/ab] [aa/ba] [a/bb] [ab/ba]
  (failed extended verification)
CANDIDATE depth 5: [ab/a] [a/ab] [aa/ba] [b/bb] [ab/ba]
  (failed extended verification)
CANDIDATE depth 5: [ab/a] [a/ab] [aa/ba] [aa/bb] [ab/ba]
  (failed extended verification)
CANDIDATE depth 4: [ab/a] [a/ab] [aa/ba] [ab/ba]
  (failed extended verification)
CANDIDATE depth 5: [ab/a] [a/ab] [aa/ba] [ab/bb] [ab/ba]
  (failed extended verification)
CANDIDATE depth 5: [ab/a] [a/ab] [aa/ba] [ba/bb] [ab/ba]
  (failed extended verification)
CANDIDATE depth 5: [ab/a] [a/ab] [aa/ba] [bb/ba] [ab/bb]
  (failed extended verification)
CANDIDATE depth 5: [ab/a] [a/ab] [ba/a] [ab/bb] [a/ba]
  (failed extended verification)
CANDIDATE depth 5: [ab/a] [b/aa] [a/ab] [aa/ba] [ab/ba]
  (failed extended verification)
CANDIDATE depth 5: [ab/a] [b/aa] [ba/ab] [ab/bb] [a/ba]
  (failed extended verification)
CANDIDATE depth 5: [ab/a] [aa/a] [/ab] [aa/ba] [ab/ba]
  (failed extended verification)
CANDIDATE depth 5: [ab/a] [aa/ab] [a/aa] [aa/ba] [ab/ba]
  (failed extended verification)
CANDIDATE depth 5: [ab/a] [aa/ab] [aa/ba] [a/aa] [ab/ba]
  (failed extended verification)
CANDIDATE depth 5: [ab/a] [aa/ab] [aa/ba] [ab/ba] [a/aa]
  (failed extended verification)
CANDIDATE depth 5: [ab/a] [aa/ab] [ba/aa] [ab/bb] [a/ba]
  (failed extended verification)
CANDIDATE depth 5: [ab/a] [aa/ab] [bb/ba] [a/aa] [a/bb]
  (failed extended verification)
CANDIDATE depth 5: [ab/a] [aa/ab] [bb/ba] [aa/bb] [a/aa]
  (failed extended verification)
CANDIDATE depth 5: [ab/a] [aa/ba] [aa/ab] [a/aa] [ab/ba]
  (failed extended verification)
CANDIDATE depth 5: [ab/a] [aa/ba] [aa/ab] [ab/ba] [a/aa]
  (failed extended verification)
CANDIDATE depth 5: [ab/a] [ab/aa] [a/ab] [aa/ba] [ab/ba]
  (failed extended verification)
CANDIDATE depth 5: [ab/a] [ab/aa] [ba/ab] [ab/bb] [a/ba]
  (failed extended verification)
CANDIDATE depth 5: [ab/a] [ba/a] [a/ab] [ab/bb] [a/ba]
  (failed extended verification)
CANDIDATE depth 5: [ab/a] [ba/a] [aa/ab] [ab/bb] [/ba]
  (failed extended verification)
CANDIDATE depth 5: [ab/a] [ba/aa] [a/ab] [aa/ba] [ab/ba]
  (failed extended verification)
CANDIDATE depth 5: [ab/a] [ba/aa] [ba/ab] [ab/bb] [a/ba]
  (failed extended verification)
CANDIDATE depth 5: [ab/a] [ba/ab] [/aa] [ab/bb] [a/ba]
  (failed extended verification)
CANDIDATE depth 5: [ab/a] [ba/ab] [a/aa] [ab/bb] [a/ba]
  (failed extended verification)
CANDIDATE depth 5: [ab/a] [ba/ab] [a/ba] [aa/ba] [ab/ba]
  (failed extended verification)
CANDIDATE depth 5: [ab/a] [ba/ab] [b/aa] [ab/bb] [a/ba]
  (failed extended verification)
CANDIDATE depth 5: [ab/a] [ba/ab] [aa/a] [ab/bb] [/ba]
  (failed extended verification)
CANDIDATE depth 5: [ab/a] [ba/ab] [ab/aa] [ab/bb] [a/ba]
  (failed extended verification)
CANDIDATE depth 4: [ab/a] [ba/ab] [ab/bb] [a/ba]
  (failed extended verification)
CANDIDATE depth 5: [ab/a] [ba/ab] [ab/bb] [aa/ba] [a/aa]
  (failed extended verification)
CANDIDATE depth 5: [ab/a] [ba/ab] [ba/aa] [ab/bb] [a/ba]
  (failed extended verification)
CANDIDATE depth 5: [ab/a] [ba/ab] [bb/aa] [ab/bb] [a/ba]
  (failed extended verification)
CANDIDATE depth 5: [ab/a] [bb/aa] [a/ab] [aa/ba] [ab/ba]
  (failed extended verification)
CANDIDATE depth 5: [ab/a] [bb/aa] [ba/ab] [ab/bb] [a/ba]
  (failed extended verification)
CANDIDATE depth 5: [ab/b] [/bb] [b/ab] [aa/ba] [ab/ba]
  (failed extended verification)
CANDIDATE depth 5: [ab/b] [/bb] [b/ba] [a/ba] [ba/bb]
  (failed extended verification)
CANDIDATE depth 5: [ab/b] [a/bb] [b/ab] [aa/ba] [ab/ba]
  (failed extended verification)
CANDIDATE depth 5: [ab/b] [a/bb] [b/ba] [a/ba] [ba/bb]
  (failed extended verification)
CANDIDATE depth 5: [ab/b] [b/ab] [aa/ba] [/bb] [ab/ba]
  (failed extended verification)
CANDIDATE depth 5: [ab/b] [b/ab] [aa/ba] [a/bb] [ab/ba]
  (failed extended verification)
CANDIDATE depth 5: [ab/b] [b/ab] [aa/ba] [b/bb] [ab/ba]
  (failed extended verification)
CANDIDATE depth 5: [ab/b] [b/ab] [aa/ba] [aa/bb] [ab/ba]
  (failed extended verification)
CANDIDATE depth 4: [ab/b] [b/ab] [aa/ba] [ab/ba]
  (failed extended verification)
CANDIDATE depth 5: [ab/b] [b/ab] [aa/ba] [ab/bb] [ab/ba]
  (failed extended verification)
CANDIDATE depth 5: [ab/b] [b/ab] [aa/ba] [ba/bb] [ab/ba]
  (failed extended verification)
CANDIDATE depth 5: [ab/b] [b/ab] [aa/ba] [bb/ba] [ab/bb]
  (failed extended verification)
CANDIDATE depth 5: [ab/b] [b/ab] [ba/a] [ab/bb] [a/ba]
  (failed extended verification)
CANDIDATE depth 4: [ab/b] [b/ba] [a/ba] [ba/bb]
  (failed extended verification)
CANDIDATE depth 5: [ab/b] [b/ba] [a/ba] [bb/ba] [ba/bb]
  (failed extended verification)
CANDIDATE depth 5: [ab/b] [b/bb] [b/ab] [aa/ba] [ab/ba]
  (failed extended verification)
CANDIDATE depth 5: [ab/b] [b/bb] [b/ba] [a/ba] [ba/bb]
  (failed extended verification)
CANDIDATE depth 5: [ab/b] [aa/bb] [b/ab] [aa/ba] [ab/ba]
  (failed extended verification)
CANDIDATE depth 5: [ab/b] [aa/bb] [b/ba] [a/ba] [ba/bb]
  (failed extended verification)
CANDIDATE depth 5: [ab/b] [ab/bb] [b/ab] [aa/ba] [ab/ba]
  (failed extended verification)
CANDIDATE depth 5: [ab/b] [ab/bb] [b/ba] [a/ba] [ba/bb]
  (failed extended verification)
CANDIDATE depth 5: [ab/b] [ba/ab] [b/ba] [aa/ba] [ab/ba]
  (failed extended verification)
CANDIDATE depth 5: [ab/b] [ba/bb] [b/ab] [aa/ba] [ab/ba]
  (failed extended verification)
CANDIDATE depth 5: [ab/b] [ba/bb] [b/ba] [a/ba] [ba/bb]
  (failed extended verification)
CANDIDATE depth 5: [ab/b] [bb/b] [/ab] [aa/ba] [ab/ba]
  (failed extended verification)
CANDIDATE depth 5: [ab/b] [bb/b] [ab/ba] [a/ab] [b/ab]
  (failed extended verification)
CANDIDATE depth 5: [ab/b] [bb/ab] [b/bb] [aa/ba] [ab/ba]
  (failed extended verification)
CANDIDATE depth 5: [ab/b] [bb/ba] [b/bb] [a/ba] [ba/bb]
  (failed extended verification)
CANDIDATE depth 5: [ab/aa] [/aa] [aa/ba] [ab/bb] [ab/ba]
  (failed extended verification)
CANDIDATE depth 5: [ab/aa] [a/aa] [aa/ba] [ab/bb] [ab/ba]
  (failed extended verification)
CANDIDATE depth 5: [ab/aa] [b/aa] [aa/ba] [ab/bb] [ab/ba]
  (failed extended verification)
CANDIDATE depth 5: [ab/aa] [aa/a] [/ba] [b/bb] [ab/b]
  (failed extended verification)
CANDIDATE depth 5: [ab/aa] [aa/ba] [ab/bb] [/bb] [ab/ba]
  (failed extended verification)
CANDIDATE depth 5: [ab/aa] [aa/ba] [ab/bb] [a/bb] [ab/ba]
  (failed extended verification)
CANDIDATE depth 5: [ab/aa] [aa/ba] [ab/bb] [b/bb] [ab/ba]
  (failed extended verification)
CANDIDATE depth 5: [ab/aa] [aa/ba] [ab/bb] [aa/bb] [ab/ba]
  (failed extended verification)
CANDIDATE depth 4: [ab/aa] [aa/ba] [ab/bb] [ab/ba]
  (failed extended verification)
CANDIDATE depth 5: [ab/aa] [aa/ba] [ab/bb] [ab/bb] [ab/ba]
  (failed extended verification)
CANDIDATE depth 5: [ab/aa] [aa/ba] [ab/bb] [ba/bb] [ab/ba]
  (failed extended verification)
CANDIDATE depth 5: [ab/aa] [aa/ba] [ab/bb] [bb/ba] [ab/bb]
  (failed extended verification)
CANDIDATE depth 5: [ab/aa] [aa/ba] [bb/ba] [ab/bb] [ab/bb]
  (failed extended verification)
CANDIDATE depth 5: [ab/aa] [ab/aa] [aa/ba] [ab/bb] [ab/ba]
  (failed extended verification)
CANDIDATE depth 5: [ab/aa] [ab/ba] [aa/ab] [ab/ba] [ab/bb]
  (failed extended verification)
CANDIDATE depth 5: [ab/aa] [ab/ba] [aa/ab] [ab/bb] [ab/ba]
  (failed extended verification)
CANDIDATE depth 5: [ab/aa] [ab/ba] [aa/ab] [ba/bb] [ab/ba]
  (failed extended verification)
CANDIDATE depth 5: [ab/aa] [ab/ba] [aa/ab] [bb/ba] [ab/bb]
  (failed extended verification)
CANDIDATE depth 5: [ab/aa] [ba/aa] [aa/ba] [ab/bb] [ab/ba]
  (failed extended verification)
CANDIDATE depth 5: [ab/aa] [bb/aa] [aa/ba] [ab/bb] [ab/ba]
  (failed extended verification)
CANDIDATE depth 5: [ba/a] [/aa] [/aa] [ab/bb] [a/ba]
  (failed extended verification)
CANDIDATE depth 5: [ba/a] [/aa] [a/aa] [ab/bb] [a/ba]
  (failed extended verification)
CANDIDATE depth 5: [ba/a] [/aa] [a/ba] [aa/ba] [ab/ba]
  (failed extended verification)
CANDIDATE depth 5: [ba/a] [/aa] [b/aa] [ab/bb] [a/ba]
  (failed extended verification)
CANDIDATE depth 5: [ba/a] [/aa] [aa/a] [ab/bb] [/ba]
  (failed extended verification)
CANDIDATE depth 5: [ba/a] [/aa] [ab/aa] [ab/bb] [a/ba]
  (failed extended verification)
CANDIDATE depth 4: [ba/a] [/aa] [ab/bb] [a/ba]
  (failed extended verification)
CANDIDATE depth 5: [ba/a] [/aa] [ab/bb] [aa/ba] [a/aa]
  (failed extended verification)
CANDIDATE depth 5: [ba/a] [/aa] [ba/aa] [ab/bb] [a/ba]
  (failed extended verification)
CANDIDATE depth 5: [ba/a] [/aa] [bb/aa] [ab/bb] [a/ba]
  (failed extended verification)
CANDIDATE depth 5: [ba/a] [a/aa] [/aa] [ab/bb] [a/ba]
  (failed extended verification)
CANDIDATE depth 5: [ba/a] [a/aa] [a/aa] [ab/bb] [a/ba]
  (failed extended verification)
CANDIDATE depth 5: [ba/a] [a/aa] [a/ba] [aa/ba] [ab/ba]
  (failed extended verification)
CANDIDATE depth 5: [ba/a] [a/aa] [b/aa] [ab/bb] [a/ba]
  (failed extended verification)
CANDIDATE depth 5: [ba/a] [a/aa] [aa/a] [ab/bb] [/ba]
  (failed extended verification)
CANDIDATE depth 5: [ba/a] [a/aa] [ab/aa] [ab/bb] [a/ba]
  (failed extended verification)
CANDIDATE depth 4: [ba/a] [a/aa] [ab/bb] [a/ba]
  (failed extended verification)
CANDIDATE depth 5: [ba/a] [a/aa] [ab/bb] [aa/ba] [a/aa]
  (failed extended verification)
CANDIDATE depth 5: [ba/a] [a/aa] [ba/aa] [ab/bb] [a/ba]
  (failed extended verification)
CANDIDATE depth 5: [ba/a] [a/aa] [bb/aa] [ab/bb] [a/ba]
  (failed extended verification)
CANDIDATE depth 5: [ba/a] [a/ba] [aa/ba] [/bb] [ab/ba]
  (failed extended verification)
CANDIDATE depth 5: [ba/a] [a/ba] [aa/ba] [a/bb] [ab/ba]
  (failed extended verification)
CANDIDATE depth 5: [ba/a] [a/ba] [aa/ba] [b/bb] [ab/ba]
  (failed extended verification)
CANDIDATE depth 5: [ba/a] [a/ba] [aa/ba] [aa/bb] [ab/ba]
  (failed extended verification)
CANDIDATE depth 4: [ba/a] [a/ba] [aa/ba] [ab/ba]
  (failed extended verification)
CANDIDATE depth 5: [ba/a] [a/ba] [aa/ba] [ab/bb] [ab/ba]
  (failed extended verification)
CANDIDATE depth 5: [ba/a] [a/ba] [aa/ba] [ba/bb] [ab/ba]
  (failed extended verification)
CANDIDATE depth 5: [ba/a] [a/ba] [aa/ba] [bb/ba] [ab/bb]
  (failed extended verification)
CANDIDATE depth 5: [ba/a] [a/ba] [ba/a] [ab/bb] [a/ba]
  (failed extended verification)
CANDIDATE depth 5: [ba/a] [b/aa] [/aa] [ab/bb] [a/ba]
  (failed extended verification)
CANDIDATE depth 5: [ba/a] [b/aa] [a/aa] [ab/bb] [a/ba]
  (failed extended verification)
CANDIDATE depth 5: [ba/a] [b/aa] [a/ba] [aa/ba] [ab/ba]
  (failed extended verification)
CANDIDATE depth 5: [ba/a] [b/aa] [b/aa] [ab/bb] [a/ba]
  (failed extended verification)
CANDIDATE depth 5: [ba/a] [b/aa] [aa/a] [ab/bb] [/ba]
  (failed extended verification)
CANDIDATE depth 5: [ba/a] [b/aa] [ab/aa] [ab/bb] [a/ba]
  (failed extended verification)
CANDIDATE depth 4: [ba/a] [b/aa] [ab/bb] [a/ba]
  (failed extended verification)
CANDIDATE depth 5: [ba/a] [b/aa] [ab/bb] [aa/ba] [a/aa]
  (failed extended verification)
CANDIDATE depth 5: [ba/a] [b/aa] [ba/aa] [ab/bb] [a/ba]
  (failed extended verification)
CANDIDATE depth 5: [ba/a] [b/aa] [bb/aa] [ab/bb] [a/ba]
  (failed extended verification)
CANDIDATE depth 5: [ba/a] [aa/a] [/ba] [aa/ba] [ab/ba]
  (failed extended verification)
CANDIDATE depth 5: [ba/a] [aa/a] [a/aa] [ab/bb] [a/ba]
  (failed extended verification)
CANDIDATE depth 5: [ba/a] [aa/a] [b/ba] [ab/bb] [a/ba]
  (failed extended verification)
CANDIDATE depth 4: [ba/a] [aa/a] [ab/bb] [/ba]
  (failed extended verification)
CANDIDATE depth 5: [ba/a] [aa/a] [ab/bb] [a/aa] [a/ba]
  (failed extended verification)
CANDIDATE depth 5: [ba/a] [aa/a] [ab/bb] [a/ba] [a/aa]
  (failed extended verification)
CANDIDATE depth 5: [ba/a] [aa/a] [ab/bb] [b/ba] [a/ba]
  (failed extended verification)
CANDIDATE depth 5: [ba/a] [aa/a] [ab/bb] [ba/aa] [/bb]
  (failed extended verification)
CANDIDATE depth 5: [ba/a] [aa/a] [ab/bb] [bb/ba] [/bb]
  (failed extended verification)
CANDIDATE depth 5: [ba/a] [aa/ab] [ab/aa] [ab/bb] [a/ba]
  (failed extended verification)
CANDIDATE depth 5: [ba/a] [aa/ba] [a/aa] [aa/ba] [ab/ba]
  (failed extended verification)
CANDIDATE depth 5: [ba/a] [aa/ba] [aa/ba] [a/aa] [ab/ba]
  (failed extended verification)
CANDIDATE depth 5: [ba/a] [aa/ba] [aa/ba] [ab/ba] [a/aa]
  (failed extended verification)
CANDIDATE depth 5: [ba/a] [aa/ba] [ba/aa] [ab/bb] [a/ba]
  (failed extended verification)
CANDIDATE depth 5: [ba/a] [aa/ba] [bb/ba] [a/aa] [a/bb]
  (failed extended verification)
CANDIDATE depth 5: [ba/a] [aa/ba] [bb/ba] [aa/bb] [a/aa]
  (failed extended verification)
CANDIDATE depth 5: [ba/a] [ab/a] [a/ab] [ab/bb] [a/ba]
  (failed extended verification)
CANDIDATE depth 5: [ba/a] [ab/a] [aa/ab] [ab/bb] [/ba]
  (failed extended verification)
CANDIDATE depth 5: [ba/a] [ab/b] [b/ab] [ab/bb] [a/ba]
  (failed extended verification)
CANDIDATE depth 5: [ba/a] [ab/aa] [/aa] [ab/bb] [a/ba]
  (failed extended verification)
CANDIDATE depth 5: [ba/a] [ab/aa] [a/aa] [ab/bb] [a/ba]
  (failed extended verification)
CANDIDATE depth 5: [ba/a] [ab/aa] [a/ba] [aa/ba] [ab/ba]
  (failed extended verification)
CANDIDATE depth 5: [ba/a] [ab/aa] [b/aa] [ab/bb] [a/ba]
  (failed extended verification)
CANDIDATE depth 5: [ba/a] [ab/aa] [aa/a] [ab/bb] [/ba]
  (failed extended verification)
CANDIDATE depth 5: [ba/a] [ab/aa] [ab/aa] [ab/bb] [a/ba]
  (failed extended verification)
CANDIDATE depth 4: [ba/a] [ab/aa] [ab/bb] [a/ba]
  (failed extended verification)
CANDIDATE depth 5: [ba/a] [ab/aa] [ab/bb] [aa/ba] [a/aa]
  (failed extended verification)
CANDIDATE depth 5: [ba/a] [ab/aa] [ba/aa] [ab/bb] [a/ba]
  (failed extended verification)
CANDIDATE depth 5: [ba/a] [ab/aa] [bb/aa] [ab/bb] [a/ba]
  (failed extended verification)
CANDIDATE depth 5: [ba/a] [ab/ba] [a/ab] [aa/ba] [ab/ba]
  (failed extended verification)
CANDIDATE depth 5: [ba/a] [ab/ba] [ba/ab] [ab/bb] [a/ba]
  (failed extended verification)
CANDIDATE depth 3: [ba/a] [ab/bb] [a/ba]
  (failed extended verification)
CANDIDATE depth 5: [ba/a] [ab/bb] [b/aa] [a/ba] [aa/bb]
  (failed extended verification)
CANDIDATE depth 5: [ba/a] [ab/bb] [aa/a] [a/aa] [a/ba]
  (failed extended verification)
CANDIDATE depth 5: [ba/a] [ab/bb] [aa/a] [a/ba] [a/aa]
  (failed extended verification)
CANDIDATE depth 5: [ba/a] [ab/bb] [aa/ba] [/bb] [a/aa]
  (failed extended verification)
CANDIDATE depth 4: [ba/a] [ab/bb] [aa/ba] [a/aa]
  (failed extended verification)
CANDIDATE depth 5: [ba/a] [ab/bb] [aa/ba] [a/bb] [a/aa]
  (failed extended verification)
CANDIDATE depth 5: [ba/a] [ab/bb] [aa/ba] [b/ba] [a/aa]
  (failed extended verification)
CANDIDATE depth 5: [ba/a] [ab/bb] [aa/ba] [b/bb] [a/aa]
  (failed extended verification)
CANDIDATE depth 5: [ba/a] [ab/bb] [aa/ba] [aa/bb] [a/aa]
  (failed extended verification)
CANDIDATE depth 5: [ba/a] [ab/bb] [aa/ba] [ab/ba] [a/aa]
  (failed extended verification)
CANDIDATE depth 5: [ba/a] [ab/bb] [aa/ba] [ab/bb] [a/aa]
  (failed extended verification)
CANDIDATE depth 5: [ba/a] [ab/bb] [aa/ba] [ba/aa] [a/ba]
  (failed extended verification)
CANDIDATE depth 5: [ba/a] [ab/bb] [aa/ba] [ba/bb] [a/aa]
  (failed extended verification)
CANDIDATE depth 5: [ba/a] [ab/bb] [ab/a] [a/ab] [a/ba]
  (failed extended verification)
CANDIDATE depth 5: [ba/a] [ab/bb] [ab/a] [a/ba] [a/ab]
  (failed extended verification)
CANDIDATE depth 5: [ba/a] [ab/bb] [ab/b] [b/ab] [a/ba]
  (failed extended verification)
CANDIDATE depth 5: [ba/a] [ab/bb] [ba/a] [a/ba] [a/ba]
  (failed extended verification)
CANDIDATE depth 5: [ba/a] [ab/bb] [ba/a] [b/bb] [a/ba]
  (failed extended verification)
CANDIDATE depth 5: [ba/a] [ab/bb] [ba/b] [b/ba] [a/ba]
  (failed extended verification)
CANDIDATE depth 5: [ba/a] [ab/bb] [bb/b] [b/bb] [a/ba]
  (failed extended verification)
CANDIDATE depth 5: [ba/a] [ba/a] [a/ba] [ab/bb] [a/ba]
  (failed extended verification)
CANDIDATE depth 5: [ba/a] [ba/a] [aa/ba] [ab/bb] [/ba]
  (failed extended verification)
CANDIDATE depth 5: [ba/a] [ba/b] [b/ba] [ab/bb] [a/ba]
  (failed extended verification)
CANDIDATE depth 5: [ba/a] [ba/aa] [/aa] [ab/bb] [a/ba]
  (failed extended verification)
CANDIDATE depth 5: [ba/a] [ba/aa] [a/aa] [ab/bb] [a/ba]
  (failed extended verification)
CANDIDATE depth 5: [ba/a] [ba/aa] [a/ba] [aa/ba] [ab/ba]
  (failed extended verification)
CANDIDATE depth 5: [ba/a] [ba/aa] [b/aa] [ab/bb] [a/ba]
  (failed extended verification)
CANDIDATE depth 5: [ba/a] [ba/aa] [aa/a] [ab/bb] [/ba]
  (failed extended verification)
CANDIDATE depth 5: [ba/a] [ba/aa] [ab/aa] [ab/bb] [a/ba]
  (failed extended verification)
CANDIDATE depth 4: [ba/a] [ba/aa] [ab/bb] [a/ba]
  (failed extended verification)
CANDIDATE depth 5: [ba/a] [ba/aa] [ab/bb] [aa/ba] [a/aa]
  (failed extended verification)
CANDIDATE depth 5: [ba/a] [ba/aa] [ba/aa] [ab/bb] [a/ba]
  (failed extended verification)
CANDIDATE depth 5: [ba/a] [ba/aa] [bb/aa] [ab/bb] [a/ba]
  (failed extended verification)
CANDIDATE depth 5: [ba/a] [bb/b] [b/bb] [ab/bb] [a/ba]
  (failed extended verification)
CANDIDATE depth 5: [ba/a] [bb/aa] [/aa] [ab/bb] [a/ba]
  (failed extended verification)
CANDIDATE depth 5: [ba/a] [bb/aa] [a/aa] [ab/bb] [a/ba]
  (failed extended verification)
CANDIDATE depth 5: [ba/a] [bb/aa] [a/ba] [aa/ba] [ab/ba]
  (failed extended verification)
CANDIDATE depth 5: [ba/a] [bb/aa] [b/aa] [ab/bb] [a/ba]
  (failed extended verification)
CANDIDATE depth 5: [ba/a] [bb/aa] [aa/a] [ab/bb] [/ba]
  (failed extended verification)
CANDIDATE depth 5: [ba/a] [bb/aa] [ab/aa] [ab/bb] [a/ba]
  (failed extended verification)
CANDIDATE depth 4: [ba/a] [bb/aa] [ab/bb] [a/ba]
  (failed extended verification)
CANDIDATE depth 5: [ba/a] [bb/aa] [ab/bb] [aa/ba] [a/aa]
  (failed extended verification)
CANDIDATE depth 5: [ba/a] [bb/aa] [ba/aa] [ab/bb] [a/ba]
  (failed extended verification)
CANDIDATE depth 5: [ba/a] [bb/aa] [bb/aa] [ab/bb] [a/ba]
  (failed extended verification)
CANDIDATE depth 5: [ba/b] [/bb] [b/ba] [aa/ba] [ab/ba]
  (failed extended verification)
CANDIDATE depth 5: [ba/b] [a/bb] [b/ba] [aa/ba] [ab/ba]
  (failed extended verification)
CANDIDATE depth 5: [ba/b] [b/ba] [aa/ba] [/bb] [ab/ba]
  (failed extended verification)
CANDIDATE depth 5: [ba/b] [b/ba] [aa/ba] [a/bb] [ab/ba]
  (failed extended verification)
CANDIDATE depth 5: [ba/b] [b/ba] [aa/ba] [b/bb] [ab/ba]
  (failed extended verification)
CANDIDATE depth 5: [ba/b] [b/ba] [aa/ba] [aa/bb] [ab/ba]
  (failed extended verification)
CANDIDATE depth 4: [ba/b] [b/ba] [aa/ba] [ab/ba]
  (failed extended verification)
CANDIDATE depth 5: [ba/b] [b/ba] [aa/ba] [ab/bb] [ab/ba]
  (failed extended verification)
CANDIDATE depth 5: [ba/b] [b/ba] [aa/ba] [ba/bb] [ab/ba]
  (failed extended verification)
CANDIDATE depth 5: [ba/b] [b/ba] [aa/ba] [bb/ba] [ab/bb]
  (failed extended verification)
CANDIDATE depth 5: [ba/b] [b/ba] [ba/a] [ab/bb] [a/ba]
  (failed extended verification)
CANDIDATE depth 5: [ba/b] [b/bb] [b/ba] [aa/ba] [ab/ba]
  (failed extended verification)
CANDIDATE depth 5: [ba/b] [aa/bb] [b/ba] [aa/ba] [ab/ba]
  (failed extended verification)
CANDIDATE depth 5: [ba/b] [ab/ba] [b/ab] [aa/ba] [ab/ba]
  (failed extended verification)
CANDIDATE depth 5: [ba/b] [ab/ba] [b/ba] [a/ba] [ba/bb]
  (failed extended verification)
CANDIDATE depth 5: [ba/b] [ab/bb] [b/ba] [aa/ba] [ab/ba]
  (failed extended verification)
CANDIDATE depth 5: [ba/b] [ba/bb] [b/ba] [aa/ba] [ab/ba]
  (failed extended verification)
CANDIDATE depth 5: [ba/b] [bb/b] [/ba] [aa/ba] [ab/ba]
  (failed extended verification)
CANDIDATE depth 5: [ba/b] [bb/ba] [b/bb] [aa/ba] [ab/ba]
  (failed extended verification)
CANDIDATE depth 5: [ba/aa] [ab/ba] [aa/ab] [ba/bb] [ab/ba]
  (failed extended verification)
CANDIDATE depth 5: [ba/bb] [bb/aa] [ab/bb] [aa/ba] [ba/bb]
  (failed extended verification)
CANDIDATE depth 5: [ba/bb] [bb/ab] [aa/ab] [aa/bb] [ab/ba]
  (failed extended verification)
CANDIDATE depth 5: [ba/bb] [bb/ab] [bb/ab] [aa/bb] [ab/ba]
  (failed extended verification)
CANDIDATE depth 5: [bb/b] [a/ab] [b/bb] [aa/ba] [ab/ba]
  (failed extended verification)
CANDIDATE depth 5: [bb/b] [a/ba] [b/bb] [aa/ba] [ab/ba]
  (failed extended verification)
CANDIDATE depth 5: [bb/b] [a/ba] [aa/ba] [b/bb] [ab/ba]
  (failed extended verification)
CANDIDATE depth 5: [bb/b] [b/bb] [aa/ba] [/bb] [ab/ba]
  (failed extended verification)
CANDIDATE depth 5: [bb/b] [b/bb] [aa/ba] [a/bb] [ab/ba]
  (failed extended verification)
CANDIDATE depth 5: [bb/b] [b/bb] [aa/ba] [b/bb] [ab/ba]
  (failed extended verification)
CANDIDATE depth 5: [bb/b] [b/bb] [aa/ba] [aa/bb] [ab/ba]
  (failed extended verification)
CANDIDATE depth 4: [bb/b] [b/bb] [aa/ba] [ab/ba]
  (failed extended verification)
CANDIDATE depth 5: [bb/b] [b/bb] [aa/ba] [ab/bb] [ab/ba]
  (failed extended verification)
CANDIDATE depth 5: [bb/b] [b/bb] [aa/ba] [ba/bb] [ab/ba]
  (failed extended verification)
CANDIDATE depth 5: [bb/b] [b/bb] [aa/ba] [bb/ba] [ab/bb]
  (failed extended verification)
CANDIDATE depth 5: [bb/b] [b/bb] [ba/a] [ab/bb] [a/ba]
  (failed extended verification)
CANDIDATE depth 5: [bb/b] [aa/ba] [a/ba] [b/bb] [ab/ba]
  (failed extended verification)
CANDIDATE depth 5: [bb/b] [aa/ba] [b/bb] [a/ba] [ab/ba]
  (failed extended verification)
CANDIDATE depth 5: [bb/b] [aa/ba] [b/bb] [bb/ba] [a/bb]
  (failed extended verification)
CANDIDATE depth 5: [bb/b] [ab/bb] [b/ab] [aa/ba] [ab/ba]
  (failed extended verification)
CANDIDATE depth 5: [bb/b] [ab/bb] [b/ba] [a/ba] [ba/bb]
  (failed extended verification)
CANDIDATE depth 5: [bb/b] [ba/a] [b/bb] [ab/bb] [a/ba]
  (failed extended verification)
CANDIDATE depth 5: [bb/b] [ba/bb] [b/ba] [aa/ba] [ab/ba]
  (failed extended verification)
nodes explored: 1520066, battery-matching pipelines: 916
elapsed: 2.2 s
