INVOCATION: /usr/bin/python3 -W ignore /home/cc/projects/meow-lang/docs/proof/research/scratch/rev-wall/fsl6_check.py  (cwd: /home/cc/projects/meow-lang/docs/proof/research/scratch/rev-wall)
== A: THE RECURSION THEOREM (two-flank fired sets = the greedy recursion) ==
  A recursion theorem: 3211 checks over 19 texts (D, suffix-merged, psi-mapped, bitten): EXACT
  [0.0s] A done
== B: THE EXCLUSIONS (on clean texts: D, suffix-merged, psi-mapped) ==
  B exclusions: COR-A (prefix), COR-B (interior block size>=2), COR-B1 (size-1 only at n-2), SAB, one-flank suffix: 0 violations
  [0.0s] B done
== C: THE EDGE WITNESSES (the sharp boundary of the corollaries) ==
  C1 k=2 [e/a.b.a^3]X fires {b_0}: value 'baaaaaaaaa' runs [0, 9] (the proper-prefix EXCEPTION exists exactly at k=2, where no resumption junction exists)
  C2 k=3 [e/a.b.a^9]X fires {b_1}: runs [1, 2, 27] (run 1 loses its last atom, run 2 = run n-1 EATEN ENTIRELY (j = 9 > 2*3^1), top run 27 intact, b_2 skipped: no leading material)
     j=7: fired [1, 2] runs [1, 23]
     j=8: fired [1, 2] runs [1, 21]
     j=9: fired [1] runs [1, 2, 27]
  (j=9 = R_2 eats the whole run -> b_2 skipped: the size-1 set; j=7,8 leave leading 2,1 >= i=1 -> b_2 fires: {1,2})
  [0.0s] C done
== D: LEMMA MASS (b-free monotonicity: kill a run-suffix or nothing) ==
  D MASS: [e/a^p]X on D(6;3), p=1..40: killed set = {s >= c} iff p is a power of 3, else empty; always a suffix; never a small run dead with a larger alive: VERIFIED
  [0.0s] D done
== E: THE STEP-4 FIXED POINTS (values, campaign evaluator) ==
  E1 [aa/aaa][e/b]X = a^{3^k}; [a/aaa]-chain = a^{3^s} (ONE SCALE PER NODE): OK k=2..6
  E2 [e/a^{3^{t+1}}]X = D(t;3).b^{k-t} (the threshold deletes the run-SUFFIX, keeps the prefix intact — MASS made constructive): OK
  E3 [e/bb].[e/a^{3^{t+1}}]X = D(t;3) when k-t even (the isolated b's are consecutive; D's own b's never are): OK
  E4 [e/a^{3^{m+1}}][e/b]X = a^{(3^{m+1}-1)/2} EXACTLY (S mod 3^{m+1} = Sum[0..m]: the mod-deletion landing; the psi-map cannot land here): OK m<k<=6
  E5 [a/aa]a^{3^{m+1}} = a^{Sum[0..m]+1} (the +1 gap: the psi-map NEVER lands on the repunit; only the mod-deletion does): OK
  E6 [e/a.b.aaa.b]X = the family from run 2 (a FIXED box eats the fixed head exactly once; the t=O(1) absorption behind the C-seam): OK
  E7 [a/aa][a^2/a^3]X: runs (1, 1, 3, ..., 3^{k-1}) (the clean one-scale shift; distances to the interval ends PRESERVED): OK
  [0.1s] E done
== F: S-depth witnesses (the routes pay what the theorem says) ==
     k=5 m=2: blob-route depth 5, prefix-isolation depth 5 (both pay the threshold at scale 3^{m+1}: the descent walks k-m=3 scales; the merge of D(m;3) then pays the boost walk Omega(m) — the two routes give Omega(min(m, k-m)))
     k=5 m=3: blob-route depth 4, prefix-isolation depth 4 (both pay the threshold at scale 3^{m+1}: the descent walks k-m=2 scales; the merge of D(m;3) then pays the boost walk Omega(m) — the two routes give Omega(min(m, k-m)))
     k=6 m=3: blob-route depth 5, prefix-isolation depth 5 (both pay the threshold at scale 3^{m+1}: the descent walks k-m=3 scales; the merge of D(m;3) then pays the boost walk Omega(m) — the two routes give Omega(min(m, k-m)))
ROUND 6 BATTERY COMPLETE — FAILS: 0
  [0.1s] done
