INVOCATION: /usr/bin/python3 -W ignore /home/cc/projects/meow-lang/docs/proof/research/scratch/rev-wall/s43_check.py  (cwd: /home/cc/projects/meow-lang/docs/proof/research/scratch/rev-wall)
== A: THE 3-ADIC VALUATION LEMMA (v_3(I(u,v)) = u) ==
  A v_3(I(u,v)) = u (the bottom exponent dominates the valuation; I(u,v)/3^u = (3^{v-u+1}-1)/2 is a 3-ADIC UNIT, = 1 mod 3): 120 checks, VERIFIED
  [0.0s] A done
== B: THE COUNT-SHIFT CATALOG (c*I(u,v) = I(U,V): the shifts and the length-divisibility channel) ==
  B c*I(u,v)=I(U,V), c<=81, u,v<=7: 191 solutions = 136 SHIFTS (c=3^j, (U,V)=(u+j,v+j): Lane C K(c)) + 55 LENGTH-DIVISIBILITY (c=3^{U-u}(3^{L'}-1)/(3^L-1) with L | L'): ALL CLASSIFIED
  (the count channel is arithmetic-rich — the counts c are interval-rationals; their EXACT supply routes through the fired structure: the tiling counts carry remainders (corrections) and the junction counts separate the insertions (corrections) — the corrections machinery of part C)
  [0.0s] B done
== C: THE CORRECTION-EQUATION CATALOG (the span/copy/bite decompositions) ==
  C correction equations (<=3 signed pieces, |bite| < 3^u, targets I(u,v) MERGED, u>=1, u,v<=6): 21833 solutions; obligation lemma min(d, k-c) >= m*(k)-1 for some piece, all k in (v, 16]: 21833 pass, VIOLATIONS 0
  [1.0s] C done
== D: THE psi-LANDING SWEEP (the classification of the b-free landings on interval sums) ==
  D psi-map landings on interval sums: 5323 singleton landings (the powers, incl. the ASCENTS a=b=s+log_3 r: J(V)-cheap); NON-singleton: 15 with r=0 (the MOD-DELETION channel U mod p = I(a,b) — S4.4, priced by the pattern supply at scale ~p), 428 with r>=1 (the replacing maps: the COPY+REMNANT split r*floor(U/p) + U mod p; the TRIPLER [a^3/a^2]: (3U-1)/2 = I(0,s) — a DEEP-WIDE landing)
  D top-scale bound: every replacing-map landing of 3^s satisfies b - s <= 3 = floor(log_3 40) for the swept r <= 40 (general law: b <= s + ceil(log_3(r/p)) + O(1), the amplification paid by the R-atom a^r at scale log_3 r): VERIFIED (0 violations [])
  (channel cost: [isolate run s; amplify] pays the head-mass walk — every run 0..s-1 must be FULLY eaten, so the eating pattern carries an atom matching each run scale (fixed flanks zero at most 2 runs: 3^sigma = i, j, or i+j), max supply at the middle sigma ~ s/2: Omega(min(s, k-s)) — which covers the bound min(b, k-a) <= min(s+O(1), k) up to a constant C ~ 2)
  [1.2s] D done
== E: THE E_last-PREFIX CHANNEL (the halver over the isolated prefix) ==
  E1 [e/b][a/aa][e/a^{3^{t+1}}]X = a^{(I(0,t)+t+1)/2} (the halver over the isolated prefix, k=t+2): OK t=0..4
  E2 (I(0,t)+t+1)/2 in {I(a,b)}: only SINGLETON landings [(0, 0, 0), (1, 1, 1)] — the k-affine junk (the +t+1) blocks every MERGED landing: VERIFIED
  E3 [a/aa]a^{3^{m+1}} = (3^{m+1}+1)/2: NEVER an interval sum (the +1 gap): OK m=1..5
  [1.2s] E done
== F: THE FIXED-BOX INTERIOR MERGE (the J(V) absorption, concrete) ==
  F [b.a^3.b.a^9.b / b.a^12.b]X on D(4;3) = a.b.a^12.b.a^27.b.a^81: the run I(1,2)=12 realized in ONE pass at S-depth 1 — the FIXED (u,v) absorption (J(V)); the GROWING-(u,v) version needs the computed D-fragment pattern (the prefix isolation: the threshold walk) and a computed R (the obligation itself: the IH)
  F2 the prefix-isolation route [e/bb][e/a^{3^{t+1}}]X = D(t;3) (k=4,5 verified): S-depth 6 at k=5,t=3 — the computed-fragment route pays the threshold walk
  [1.2s] F done
== G: THE MIDDLE-MERGE WITNESS ==
  G [b.a^9.b.a^27.b / b.a^36.b]X on D(5;3): the run I(2,3)=36 in one pass (fixed (u,v) again); the computed version pays the head-split (the material [0..1] before the interval: its own supply) + the threshold (the tail) — consistent with the bound min(v, k-u) = min(3, 3)
== H: THE TRIPLER COMPOSITIONS (the value-level cheapness and its atom-level pricing) ==
  H1 [a^3/a^2]X = a^{I(0,0)}.b.a^{I(0,1)}.b...a^{I(0,k)} (EVERY run a prefix interval, S-depth 1, V-fixed atoms): OK k=2..5 — the EMBEDDED prefix values are cheap; the ATOM (the standalone block demanded in an R/P position) pays the isolation walk (part D) or the blob threshold walk Omega(k-m) — the round-5/6 obligation set holds at the ATOM level, not the value level
  H2 [e/b][a^3/a^2]X = a^{Sum_sigma I(0,sigma)} = a^{(3^{k+2}-2k-5)/4}: the k-affine junk (the -2k-5) blocks every interval landing (k=2..8 checked, the E2-type obstruction) — the merged tripler block is NOT an obligation value
== H3: THE JUNCTION-EATING MERGES (the free boundary and the stopping flank) ==
  H3a [a^3/abaa]X = a^{I(0,k)} (the FULL prefix as ONE block, S-depth 1, V-fixed atoms: the fires never stop — the free boundary v=k of the atom obligation; the PARTIAL prefixes pay the stopping flank): OK k=2..5
  H3b [a^28/a.b.a^27]X on D(5;3) = a.b.a^3.b.a^36.b.a^324: the width-1 interior intervals I(2,3), I(4,5) as MERGED RUNS at S-depth 1 (fired set {u} + the chain {u+2..k-1} by the round-6 recursion theorem; window max(3^u, 3^{u+1}-i) < j <= 3^{u+1}; ERRATUM vs the round-7 text: the fires do NOT sit at all junctions with 3^{sigma+1} >= j — junction u+1 is blocked by the remnant, the upper junctions chain, and the interior of the old window (e.g. j=20) chains runs 2..5 into ONE run) — embedded cheap; the ATOM a^{I(u,u+1)} demands the stopping flank a^j at scale u+1, paying Omega(min(u+1, k-u-1)): the interval bound minus 1
ROUND 7 BATTERY COMPLETE — FAILS: 0
  [1.2s] done
