A: 990 agree, 0 disagree -> VERIFIED
== B: uniform-k diagonal constructions ==
  B1 a.b^k -> b^k.a : 40 checks, 0 mismatches -> VERIFIED (CONSTRUCTION)
  B2 (ab)^k -> (ba)^k : 40 checks, 0 mismatches -> VERIFIED (CONSTRUCTION)
  B3 b^3 -> 'bbb' (identity computes rev)
  B3 b^7 -> 'bbbbbbb' (identity computes rev)
  B4 a^2 b a^2 b a^2 palindrome: rev==input==True
  B4 a^5 b a^5 b a^5 palindrome: rev==input==True
== C: dec-capacity on the increasing diagonal D(k;B=4) ==
  X              dec(k=1..5) = [1, 1, 1, 1, 1]
  mrg            dec(k=1..5) = [1, 1, 1, 1, 1]
  dbl            dec(k=1..5) = [1, 1, 1, 1, 1]
  half           dec(k=1..5) = [1, 1, 1, 1, 1]
  big            dec(k=1..5) = [1, 1, 1, 1, 1]
  X.X            dec(k=1..5) = [2, 2, 2, 2, 2]
  ww2 C(mrg,mrg) dec(k=1..5) = [1, 1, 1, 1, 1]
  sanity dec(rev(D(k))): [2, 3, 4, 5, 6] (should be 2..6)
  random sweep: 700 tried, 325 evaluated on all k=1..5
  max dec by k: [(1, 3), (2, 3), (3, 3), (4, 3), (5, 3)]
  D extraction hits: [('SUM-MINUS-MAX', 2, '[["aab"/X1]"aa"/[X1/"bb"]X1][X1/X1]"aa"·[[eps/X1]eps/[X1/X1]"b"][X1/"ab"]"aa"'), ('LAST RUN', 1, '[[X1/X1]X1·[X1/X1]"a"/[[X1/"bb"]X1/[X1/"ab"]"aab"][X1/X1]"ba"][["aa"/X1]eps/["ba"/X1]"ba"](X1·"ba")'), ('HEAD = r_k', 1, '[[X1/X1]X1·[X1/X1]"a"/[[X1/"bb"]X1/[X1/"ab"]"aab"][X1/X1]"ba"][["aa"/X1]eps/["ba"/X1]"ba"](X1·"ba")'), ('W-MINUS-LAST-RUN', 1, '[[[X1/X1]"abb"/["ab"/"b"]"a"][X1/"abb"]"ab"/["bb"/"aab"]"bb"·["aab"/"aa"]X1][X1·"ba"/["a"/X1]"ba"]["ab"/X1]X1'), ('LAST RUN', 1, '[[X1·X1/["abb"/"b"]"ab"](X1·"aab")/[["ab"/X1]"bb"/[eps/X1]"abb"][X1/X1]"aab"][[X1/X1]eps/[X1/X1]X1][X1/"ab"]X1'), ('HEAD = r_k', 1, '[[X1·X1/["abb"/"b"]"ab"](X1·"aab")/[["ab"/X1]"bb"/[eps/X1]"abb"][X1/X1]"aab"][[X1/X1]eps/[X1/X1]X1][X1/"ab"]X1'), ('W-MINUS-LAST-RUN', 1, '[[X1·X1/[X1/X1]"a"]("bb"·X1)/[X1/"a"]X1·["aab"/"ba"]X1][X1·"bab"/["aa"/"a"]X1]["ab"/X1]X1'), ('SUM-MINUS-MAX', 1, '[[[eps/X1]"b"/"ba"·"ba"][X1/X1]X1/[["aab"/"bab"]X1/[X1/X1]X1][X1/X1]"abb"][["a"/X1]"a"/[X1/"ba"]"bab"][X1/X1]"a"'), ('HEAD = r_k', 1, '[[eps/X1]"abb"/[X1/X1]X1]("aa"·eps)·[["a"/X1]X1/[X1/X1]"aa"]("aa"·"bb")'), ('SUM-MINUS-MAX', 1, '[[eps·X1/["aa"/X1]X1]("bb"·eps)/[["ba"/X1]eps/["ba"/X1]X1][X1/"a"]"ba"][[X1/"a"]X1/[X1/X1]X1]["a"/X1]X1'), ('HEAD = r_k', 1, '[["aa"·X1/X1·X1]["abb"/"aab"]eps/[X1·"abb"/"a"·X1](X1·X1)][["ba"/X1]"bb"/[X1/"aa"]X1]("aa"·X1)'), ('SUM-MINUS-MAX', 1, '[["ab"·"aab"/X1·"ab"][X1/X1]X1/[["abb"/"bab"]X1/["bab"/"aab"]X1]["b"/"ab"]"ba"][[X1/X1]X1/["aa"/"bab"]X1][X1/"ab"]"a"'), ('HEAD = r_k', 1, '[[[X1/"b"]X1/["a"/X1]"abb"](X1·X1)/[X1·X1/["aa"/X1]X1](X1·eps)](["a"/X1]X1·["abb"/"bb"]"abb")'), ('HEAD = r_k', 1, '[[X1·"aa"/"bab"·X1][X1/X1]"aa"/[[X1/"ba"]X1/X1·X1](X1·X1)][["ba"/"aa"]"bb"/["bb"/"ab"]X1]("aa"·X1)'), ('HEAD = r_k', 1, '["aab"·X1/[X1/X1]X1][X1/X1]"aa"·[X1·X1/["b"/X1]"bab"](X1·"abb")'), ('HEAD = r_k', 1, '[[[X1/"abb"]"bab"/X1·X1]("aa"·X1)/[[X1/X1]X1/"a"·X1][X1/X1]X1][[eps/"bb"]X1/[X1/"bab"]X1](X1·"bb")'), ('SUM-MINUS-MAX', 1, '[[[X1/"b"]"aab"/[X1/"aa"]"aab"][X1/"b"]"abb"/[X1·"ab"/[X1/"ab"]"b"](X1·"ab")]["bb"·X1/[X1/X1]"aa"][X1/"ab"]"a"'), ('HEAD = r_k', 1, '[["ab"/X1]"aa"·[X1/X1]X1/[[X1/"b"]"a"/[X1/"aa"]X1]["aa"/X1]X1][[X1/"b"]"ab"/"ba"·X1]["aa"/X1]"aa"'), ('SUM-MINUS-MAX', 1, '[[[X1/"a"]"abb"/X1·X1]("ba"·"a")/[["bab"/X1]X1/"b"·X1]["a"/"ab"]"b"][["bb"/"bb"]"aab"/["bb"/"bb"]"bab"]["bb"/X1]"a"'), ('HEAD = r_k', 1, '[[eps/X1]X1·[eps/"aa"]X1/[[eps/"bab"]"b"/["bab"/X1]X1]["bab"/X1]"b"](["ba"/X1]"aab"·["ab"/"bab"]X1)'), ('LAST RUN', 1, '[["a"·X1/"ab"·X1]("aab"·"a")/[["aa"/"a"]X1/["aab"/X1]X1]["ab"/X1]X1][["abb"/X1]"aa"/[X1/X1]X1]("a"·"aa")'), ('HEAD = r_k', 1, '[["a"·X1/"ab"·X1]("aab"·"a")/[["aa"/"a"]X1/["aab"/X1]X1]["ab"/X1]X1][["abb"/X1]"aa"/[X1/X1]X1]("a"·"aa")'), ('W-MINUS-LAST-RUN', 1, '[[["bab"/"abb"]X1/X1·X1][X1/"b"]"bab"/[["aab"/"b"]X1/["bb"/X1]"bab"]["aab"/X1]"aa"]["abb"·X1/["bab"/X1]X1][X1/X1]"ab"'), ('W-MINUS-LAST-RUN', 1, '[[X1·X1/X1·X1]["bab"/X1]"ab"/[[X1/X1]X1/"bb"·X1](X1·X1)][["abb"/X1]X1/"ab"·"a"]["aab"/X1]"ab"'), ('SUM-MINUS-MAX', 1, '[[[X1/X1]eps/X1·X1](X1·"aab")/[X1·"ba"/["ba"/X1]"b"][X1/X1]X1]["bab"·X1/[X1/X1]"ab"]["a"/X1]X1'), ('SUM-MINUS-MAX', 1, '[[eps/"bb"]X1·[X1/"bab"]"a"/[["ab"/"aa"]X1/X1·"aa"](X1·X1)]["ba"·"bb"/["bb"/"aa"]X1]["bab"/"aab"]"a"'), ('LAST RUN', 1, '[[["a"/X1]"ba"/eps·X1](X1·X1)/[["b"/X1]X1/["b"/"a"]X1][X1/X1]"aab"][[X1/X1]"aab"/"a"·X1][eps/"ba"]X1'), ('HEAD = r_k', 1, '[[["a"/X1]"ba"/eps·X1](X1·X1)/[["b"/X1]X1/["b"/"a"]X1][X1/X1]"aab"][[X1/X1]"aab"/"a"·X1][eps/"ba"]X1'), ('W-MINUS-LAST-RUN', 1, '[[X1·X1/X1·eps]("bab"·"ab")/["aab"/"aab"]X1·X1·X1][[X1/X1]"ab"/[X1/"abb"]X1][X1/X1]"ab"'), ('SUM-MINUS-MAX', 1, '[[X1/X1]X1·[X1/X1]X1/[[X1/"aab"]eps/["ab"/X1]X1][X1/"aa"]"b"][["ba"/X1]X1/["bab"/"abb"]X1][X1/X1]"a"'), ('W-MINUS-LAST-RUN', 1, '[[[X1/X1]"bab"/["b"/"bab"]"bab"][X1/X1]eps/["ab"/"ab"]X1·["bb"/"bb"]eps][[X1/X1]X1/X1·X1](eps·"ab")'), ('W-MINUS-LAST-RUN', 1, '[["ab"/"aa"]X1·[X1/"a"]"ab"/[["abb"/"abb"]"ba"/["a"/X1]"bb"][X1/X1]X1]([eps/"ab"]"ab"·["b"/X1]"ab")'), ('SUM-MINUS-MAX', 1, '[[X1/"bab"]"a"·[X1/X1]"bb"/[[X1/X1]"bab"/["bb"/X1]"aab"](X1·"ba")][["a"/"aa"]"aa"/[X1/X1]X1](eps·X1)'), ('SUM-MINUS-MAX', 1, '[[[X1/X1]"aab"/[X1/"a"]X1]("abb"·X1)/[X1·"bab"/[X1/"ba"]"ab"]["bab"/"b"]X1][X1·X1/X1·X1]["b"/X1]"a"'), ('HEAD = r_k', 1, '[[X1/X1]"bb"/X1·"a"][X1/X1]"aa"·[["bb"/"aa"]X1/"aa"·X1][X1/"abb"]X1'), ('LAST RUN', 1, '[[X1/"ba"]X1/[X1/"ba"]"bb"]["b"/X1]"aa"·[[X1/"bab"]X1/["a"/"abb"]X1][eps/"b"]"ba"'), ('HEAD = r_k', 1, '[[X1/"ba"]X1/[X1/"ba"]"bb"]["b"/X1]"aa"·[[X1/"bab"]X1/["a"/"abb"]X1][eps/"b"]"ba"'), ('SUM-MINUS-MAX', 1, '["bab"·eps·["ba"/X1]"ba"/[["aab"/"ba"]X1/[X1/"ab"]"b"]["aa"/"bab"]"ab"][X1·"b"/[X1/X1]"aa"]["aa"/X1]"a"'), ('W-MINUS-LAST-RUN', 1, '[[X1/X1]"ab"/["ab"/X1]"aab"]["bb"/X1]"aab"·[["abb"/"aab"]X1/X1·"b"][X1/X1]eps')]
