sims: 12787938
grid: [1..5]^3 = 125 points
S1 combos: 9216   S2 combos: 104976
S2 first-pass results skipped (len > 200): 6 of 324 (documented completeness cut)
HIT  midstr  [ba/ab]w2
HIT  midstr  [ab/ba]w2
HIT  midstr  [ab/b]js1
HIT  midstr  [ba/b]js2
HIT  midstr  [w2/b]big2
HIT  midstr  [w2/ab]big2
HIT  midstr  [w2/ba]big2
HIT  midstr  [w2/aab]big2
HIT  midstr  [w2/midb]sym3

S1 best partial (of 125):
  rev   25  [w2/w2]w2
  ai    36  [e/ab]half2
  aj    36  [e/ab]half2
  ak    36  [e/ab]half2
  aik   40  [a/b]onbB
  aij   40  [a/b]onbB
  ajk   32  [e/b]half2
HIT  midstr  [ba/ab][w2/w2]w2
HIT  midstr  [ab/ba][w2/w2]w2
HIT  midstr  [ab/b][js1/w2]w2
HIT  midstr  [ba/b][js2/w2]w2
HIT  midstr  [w2/b][ab/w2]w2
HIT  midstr  [w2/b][ba/w2]w2
HIT  midstr  [w2/b][aab/w2]w2
HIT  midstr  [w2/ab][aab/w2]w2
HIT  midstr  [ba/ab][w2/mrg]w2
HIT  midstr  [ab/ba][w2/mrg]w2
HIT  midstr  [ba/ab][mrg/mrg]w2
HIT  midstr  [ab/ba][mrg/mrg]w2
HIT  midstr  [ba/ab][js1/mrg]w2
HIT  midstr  [ab/ba][js1/mrg]w2
HIT  midstr  [ba/ab][js2/mrg]w2
HIT  midstr  [ab/ba][js2/mrg]w2
HIT  midstr  [ba/ab][del1/mrg]w2
HIT  midstr  [ab/ba][del1/mrg]w2
HIT  midstr  [ba/ab][onbA/mrg]w2
HIT  midstr  [ab/ba][onbA/mrg]w2
HIT  midstr  [ba/ab][onbB/mrg]w2
HIT  midstr  [ab/ba][onbB/mrg]w2
HIT  midstr  [ba/ab][half2/mrg]w2
HIT  midstr  [ab/ba][half2/mrg]w2
HIT  midstr  [ba/ab][midb/mrg]w2
HIT  midstr  [ab/ba][midb/mrg]w2
HIT  midstr  [ba/ab][dupb/mrg]w2
HIT  midstr  [ab/ba][dupb/mrg]w2
HIT  midstr  [ba/ab][e/mrg]w2
HIT  midstr  [ab/ba][e/mrg]w2
HIT  midstr  [ba/ab][a/mrg]w2
HIT  midstr  [ab/ba][a/mrg]w2
HIT  midstr  [ba/ab][b/mrg]w2
HIT  midstr  [ab/ba][b/mrg]w2
HIT  midstr  [ba/ab][aa/mrg]w2
HIT  midstr  [ab/ba][aa/mrg]w2
HIT  midstr  [ba/ab][ab/mrg]w2
HIT  midstr  [ab/ba][ab/mrg]w2
HIT  midstr  [ba/ab][ba/mrg]w2
HIT  midstr  [ab/ba][ba/mrg]w2
HIT  midstr  [ba/ab][bb/mrg]w2
HIT  midstr  [ab/ba][bb/mrg]w2
HIT  midstr  [ba/ab][aab/mrg]w2
HIT  midstr  [ab/ba][aab/mrg]w2
HIT  midstr  [ba/ab][w2/js1]w2
HIT  midstr  [ab/ba][w2/js1]w2
HIT  midstr  [ba/ab][mrg/js1]w2
HIT  midstr  [ab/ba][mrg/js1]w2
HIT  midstr  [ba/ab][js1/js1]w2
HIT  midstr  [ab/ba][js1/js1]w2
HIT  midstr  [ba/ab][js2/js1]w2
HIT  midstr  [ab/ba][js2/js1]w2
HIT  midstr  [ba/ab][del1/js1]w2
HIT  midstr  [ab/ba][del1/js1]w2
HIT  midstr  [ba/ab][onbA/js1]w2
HIT  midstr  [ab/ba][onbA/js1]w2
HIT  midstr  [ba/ab][onbB/js1]w2
HIT  midstr  [ab/ba][onbB/js1]w2
HIT  midstr  [ba/ab][half2/js1]w2
HIT  midstr  [ab/ba][half2/js1]w2
HIT  midstr  [ba/ab][midb/js1]w2
HIT  midstr  [ab/ba][midb/js1]w2
HIT  midstr  [ba/ab][dupb/js1]w2
HIT  midstr  [ab/ba][dupb/js1]w2
HIT  midstr  [ba/ab][e/js1]w2
HIT  midstr  [ab/ba][e/js1]w2
HIT  midstr  [ba/ab][a/js1]w2
HIT  midstr  [ab/ba][a/js1]w2
HIT  midstr  [ba/ab][b/js1]w2
HIT  midstr  [ab/ba][b/js1]w2
HIT  midstr  [ba/ab][aa/js1]w2
HIT  midstr  [ab/ba][aa/js1]w2
HIT  midstr  [ba/ab][ab/js1]w2
HIT  midstr  [ab/ba][ab/js1]w2
HIT  midstr  [ba/ab][ba/js1]w2
HIT  midstr  [ab/ba][ba/js1]w2
HIT  midstr  [ba/ab][bb/js1]w2
HIT  midstr  [ab/ba][bb/js1]w2
HIT  midstr  [ba/ab][aab/js1]w2
HIT  midstr  [ab/ba][aab/js1]w2
HIT  midstr  [ba/ab][w2/js2]w2
HIT  midstr  [ab/ba][w2/js2]w2
HIT  midstr  [ba/ab][mrg/js2]w2
HIT  midstr  [ab/ba][mrg/js2]w2
HIT  midstr  [ba/ab][js1/js2]w2
HIT  midstr  [ab/ba][js1/js2]w2
HIT  midstr  [ba/ab][js2/js2]w2
HIT  midstr  [ab/ba][js2/js2]w2
HIT  midstr  [ba/ab][del1/js2]w2
HIT  midstr  [ab/ba][del1/js2]w2
HIT  midstr  [ba/ab][onbA/js2]w2
HIT  midstr  [ab/ba][onbA/js2]w2
HIT  midstr  [ba/ab][onbB/js2]w2
HIT  midstr  [ab/ba][onbB/js2]w2
HIT  midstr  [ba/ab][half2/js2]w2
HIT  midstr  [ab/ba][half2/js2]w2
HIT  midstr  [ba/ab][midb/js2]w2
HIT  midstr  [ab/ba][midb/js2]w2
HIT  midstr  [ba/ab][dupb/js2]w2
HIT  midstr  [ab/ba][dupb/js2]w2
HIT  midstr  [ba/ab][e/js2]w2
HIT  midstr  [ab/ba][e/js2]w2
HIT  midstr  [ba/ab][a/js2]w2
HIT  midstr  [ab/ba][a/js2]w2
HIT  midstr  [ba/ab][b/js2]w2
HIT  midstr  [ab/ba][b/js2]w2
HIT  midstr  [ba/ab][aa/js2]w2
HIT  midstr  [ab/ba][aa/js2]w2
HIT  midstr  [ba/ab][ab/js2]w2
HIT  midstr  [ab/ba][ab/js2]w2
HIT  midstr  [ba/ab][ba/js2]w2
HIT  midstr  [ab/ba][ba/js2]w2
HIT  midstr  [ba/ab][bb/js2]w2
HIT  midstr  [ab/ba][bb/js2]w2
HIT  midstr  [ba/ab][aab/js2]w2
HIT  midstr  [ab/ba][aab/js2]w2
HIT  midstr  [ba/ab][del1/del1]w2
HIT  midstr  [ab/ba][del1/del1]w2
HIT  midstr  [ba/ab][onbB/onbB]w2
HIT  midstr  [ab/ba][onbB/onbB]w2
HIT  midstr  [ba/ab][w2/half2]w2
HIT  midstr  [ab/ba][w2/half2]w2
HIT  midstr  [ba/ab][onbA/half2]w2
HIT  midstr  [ab/ba][onbA/half2]w2
HIT  midstr  [ba/ab][half2/half2]w2
HIT  midstr  [ab/ba][half2/half2]w2
HIT  midstr  [ba/ab][w2/midb]w2
HIT  midstr  [ab/ba][w2/midb]w2
HIT  midstr  [ba/ab][mrg/midb]w2
HIT  midstr  [ab/ba][mrg/midb]w2
HIT  midstr  [ba/ab][js1/midb]w2
HIT  midstr  [ab/ba][js1/midb]w2
HIT  midstr  [ba/ab][js2/midb]w2
HIT  midstr  [ab/ba][js2/midb]w2
HIT  midstr  [ba/ab][del1/midb]w2
HIT  midstr  [ab/ba][del1/midb]w2
HIT  midstr  [ba/ab][onbA/midb]w2
HIT  midstr  [ab/ba][onbA/midb]w2
HIT  midstr  [ba/ab][onbB/midb]w2
HIT  midstr  [ab/ba][onbB/midb]w2
HIT  midstr  [ba/ab][half2/midb]w2
HIT  midstr  [ab/ba][half2/midb]w2
HIT  midstr  [ba/ab][midb/midb]w2
HIT  midstr  [ab/ba][midb/midb]w2
HIT  midstr  [ba/ab][dupb/midb]w2
HIT  midstr  [ab/ba][dupb/midb]w2
HIT  midstr  [ba/ab][e/midb]w2
HIT  midstr  [ab/ba][e/midb]w2
HIT  midstr  [ba/ab][a/midb]w2
HIT  midstr  [ab/ba][a/midb]w2
HIT  midstr  [ba/ab][b/midb]w2
HIT  midstr  [ab/ba][b/midb]w2
HIT  midstr  [ba/ab][aa/midb]w2
HIT  midstr  [ab/ba][aa/midb]w2
HIT  midstr  [ba/ab][ab/midb]w2
HIT  midstr  [ab/ba][ab/midb]w2
HIT  midstr  [ba/ab][ba/midb]w2
HIT  midstr  [ab/ba][ba/midb]w2
HIT  midstr  [ba/ab][bb/midb]w2
HIT  midstr  [ab/ba][bb/midb]w2
HIT  midstr  [ba/ab][aab/midb]w2
HIT  midstr  [ab/ba][aab/midb]w2
HIT  midstr  [ba/ab][w2/dupb]w2
HIT  midstr  [ab/ba][w2/dupb]w2
HIT  midstr  [ba/ab][mrg/dupb]w2
HIT  midstr  [ab/ba][mrg/dupb]w2
HIT  midstr  [ba/ab][js1/dupb]w2
HIT  midstr  [ab/ba][js1/dupb]w2
HIT  midstr  [ba/ab][js2/dupb]w2
HIT  midstr  [ab/ba][js2/dupb]w2
HIT  midstr  [ba/ab][del1/dupb]w2
HIT  midstr  [ab/ba][del1/dupb]w2
HIT  midstr  [ba/ab][onbA/dupb]w2
HIT  midstr  [ab/ba][onbA/dupb]w2
HIT  midstr  [ba/ab][onbB/dupb]w2
HIT  midstr  [ab/ba][onbB/dupb]w2
HIT  midstr  [ba/ab][half2/dupb]w2
HIT  midstr  [ab/ba][half2/dupb]w2
HIT  midstr  [ba/ab][midb/dupb]w2
HIT  midstr  [ab/ba][midb/dupb]w2
HIT  midstr  [ba/ab][dupb/dupb]w2
HIT  midstr  [ab/ba][dupb/dupb]w2
HIT  midstr  [ba/ab][e/dupb]w2
HIT  midstr  [ab/ba][e/dupb]w2
HIT  midstr  [ba/ab][a/dupb]w2
HIT  midstr  [ab/ba][a/dupb]w2
HIT  midstr  [ba/ab][b/dupb]w2
HIT  midstr  [ab/ba][b/dupb]w2
HIT  midstr  [ba/ab][aa/dupb]w2
HIT  midstr  [ab/ba][aa/dupb]w2
HIT  midstr  [ba/ab][ab/dupb]w2
HIT  midstr  [ab/ba][ab/dupb]w2
HIT  midstr  [ba/ab][ba/dupb]w2
HIT  midstr  [ab/ba][ba/dupb]w2
HIT  midstr  [ba/ab][bb/dupb]w2
HIT  midstr  [ab/ba][bb/dupb]w2
HIT  midstr  [ba/ab][aab/dupb]w2
HIT  midstr  [ab/ba][aab/dupb]w2
HIT  midstr  [ba/ab][a/a]w2
HIT  midstr  [ab/ba][a/a]w2
HIT  midstr  [b/js2][js1/b]w2
HIT  midstr  [b/js1][js2/b]w2
HIT  midstr  [w2/mrg][a/b]w2
HIT  midstr  [ba/ab][b/b]w2
HIT  midstr  [ab/ba][b/b]w2
HIT  midstr  [b/ba][ab/b]w2
HIT  midstr  [ba/aab][ab/b]w2
HIT  midstr  [b/ab][ba/b]w2
HIT  midstr  [ab/aab][ba/b]w2
HIT  midstr  [ba/ab][aa/aa]w2
HIT  midstr  [ab/ba][aa/aa]w2
HIT  midstr  [ba/w2][w2/ab]w2
HIT  midstr  [ba/js1][js1/ab]w2
HIT  midstr  [ab/js2][js1/ab]w2
HIT  midstr  [ba/js2][js2/ab]w2
HIT  midstr  [ba/half2][half2/ab]w2
HIT  midstr  [ba/midb][midb/ab]w2
HIT  midstr  [ba/dupb][dupb/ab]w2
HIT  midstr  [ba/b][b/ab]w2
HIT  midstr  [w2/mrg][aa/ab]w2
HIT  midstr  [ba/ab][ab/ab]w2
HIT  midstr  [ab/ba][ab/ab]w2
HIT  midstr  [w2/w2][ba/ab]w2
HIT  midstr  [mrg/w2][ba/ab]w2
HIT  midstr  [js1/w2][ba/ab]w2
HIT  midstr  [js2/w2][ba/ab]w2
HIT  midstr  [del1/w2][ba/ab]w2
HIT  midstr  [onbA/w2][ba/ab]w2
HIT  midstr  [onbB/w2][ba/ab]w2
HIT  midstr  [half2/w2][ba/ab]w2
HIT  midstr  [midb/w2][ba/ab]w2
HIT  midstr  [dupb/w2][ba/ab]w2
HIT  midstr  [e/w2][ba/ab]w2
HIT  midstr  [a/w2][ba/ab]w2
HIT  midstr  [b/w2][ba/ab]w2
HIT  midstr  [aa/w2][ba/ab]w2
HIT  midstr  [ab/w2][ba/ab]w2
HIT  midstr  [ba/w2][ba/ab]w2
HIT  midstr  [bb/w2][ba/ab]w2
HIT  midstr  [aab/w2][ba/ab]w2
HIT  midstr  [w2/mrg][ba/ab]w2
HIT  midstr  [mrg/mrg][ba/ab]w2
HIT  midstr  [js1/mrg][ba/ab]w2
HIT  midstr  [js2/mrg][ba/ab]w2
HIT  midstr  [del1/mrg][ba/ab]w2
HIT  midstr  [onbA/mrg][ba/ab]w2
HIT  midstr  [onbB/mrg][ba/ab]w2
HIT  midstr  [half2/mrg][ba/ab]w2
HIT  midstr  [midb/mrg][ba/ab]w2
HIT  midstr  [dupb/mrg][ba/ab]w2
HIT  midstr  [e/mrg][ba/ab]w2
HIT  midstr  [a/mrg][ba/ab]w2
HIT  midstr  [b/mrg][ba/ab]w2
HIT  midstr  [aa/mrg][ba/ab]w2
HIT  midstr  [ab/mrg][ba/ab]w2
HIT  midstr  [ba/mrg][ba/ab]w2
HIT  midstr  [bb/mrg][ba/ab]w2
HIT  midstr  [aab/mrg][ba/ab]w2
HIT  midstr  [w2/js1][ba/ab]w2
HIT  midstr  [mrg/js1][ba/ab]w2
HIT  midstr  [js1/js1][ba/ab]w2
HIT  midstr  [js2/js1][ba/ab]w2
HIT  midstr  [del1/js1][ba/ab]w2
HIT  midstr  [onbA/js1][ba/ab]w2
HIT  midstr  [onbB/js1][ba/ab]w2
HIT  midstr  [half2/js1][ba/ab]w2
HIT  midstr  [midb/js1][ba/ab]w2
HIT  midstr  [dupb/js1][ba/ab]w2
HIT  midstr  [e/js1][ba/ab]w2
HIT  midstr  [a/js1][ba/ab]w2
HIT  midstr  [b/js1][ba/ab]w2
HIT  midstr  [aa/js1][ba/ab]w2
HIT  midstr  [ab/js1][ba/ab]w2
HIT  midstr  [ba/js1][ba/ab]w2
HIT  midstr  [bb/js1][ba/ab]w2
HIT  midstr  [aab/js1][ba/ab]w2
HIT  midstr  [w2/js2][ba/ab]w2
HIT  midstr  [mrg/js2][ba/ab]w2
HIT  midstr  [js1/js2][ba/ab]w2
HIT  midstr  [js2/js2][ba/ab]w2
HIT  midstr  [del1/js2][ba/ab]w2
HIT  midstr  [onbA/js2][ba/ab]w2
HIT  midstr  [onbB/js2][ba/ab]w2
HIT  midstr  [half2/js2][ba/ab]w2
HIT  midstr  [midb/js2][ba/ab]w2
HIT  midstr  [dupb/js2][ba/ab]w2
HIT  midstr  [e/js2][ba/ab]w2
HIT  midstr  [a/js2][ba/ab]w2
HIT  midstr  [b/js2][ba/ab]w2
HIT  midstr  [aa/js2][ba/ab]w2
HIT  midstr  [ab/js2][ba/ab]w2
HIT  midstr  [ba/js2][ba/ab]w2
HIT  midstr  [bb/js2][ba/ab]w2
HIT  midstr  [aab/js2][ba/ab]w2
HIT  midstr  [del1/del1][ba/ab]w2
HIT  midstr  [onbB/onbB][ba/ab]w2
HIT  midstr  [w2/half2][ba/ab]w2
HIT  midstr  [onbA/half2][ba/ab]w2
HIT  midstr  [half2/half2][ba/ab]w2
HIT  midstr  [w2/midb][ba/ab]w2
HIT  midstr  [mrg/midb][ba/ab]w2
HIT  midstr  [js1/midb][ba/ab]w2
HIT  midstr  [js2/midb][ba/ab]w2
HIT  midstr  [del1/midb][ba/ab]w2
HIT  midstr  [onbA/midb][ba/ab]w2
HIT  midstr  [onbB/midb][ba/ab]w2
HIT  midstr  [half2/midb][ba/ab]w2
HIT  midstr  [midb/midb][ba/ab]w2
HIT  midstr  [dupb/midb][ba/ab]w2
HIT  midstr  [e/midb][ba/ab]w2
HIT  midstr  [a/midb][ba/ab]w2
HIT  midstr  [b/midb][ba/ab]w2
HIT  midstr  [aa/midb][ba/ab]w2
HIT  midstr  [ab/midb][ba/ab]w2
HIT  midstr  [ba/midb][ba/ab]w2
HIT  midstr  [bb/midb][ba/ab]w2
HIT  midstr  [aab/midb][ba/ab]w2
HIT  midstr  [w2/dupb][ba/ab]w2
HIT  midstr  [mrg/dupb][ba/ab]w2
HIT  midstr  [js1/dupb][ba/ab]w2
HIT  midstr  [js2/dupb][ba/ab]w2
HIT  midstr  [del1/dupb][ba/ab]w2
HIT  midstr  [onbA/dupb][ba/ab]w2
HIT  midstr  [onbB/dupb][ba/ab]w2
HIT  midstr  [half2/dupb][ba/ab]w2
HIT  midstr  [midb/dupb][ba/ab]w2
HIT  midstr  [dupb/dupb][ba/ab]w2
HIT  midstr  [e/dupb][ba/ab]w2
HIT  midstr  [a/dupb][ba/ab]w2
HIT  midstr  [b/dupb][ba/ab]w2
HIT  midstr  [aa/dupb][ba/ab]w2
HIT  midstr  [ab/dupb][ba/ab]w2
HIT  midstr  [ba/dupb][ba/ab]w2
HIT  midstr  [bb/dupb][ba/ab]w2
HIT  midstr  [aab/dupb][ba/ab]w2
HIT  midstr  [a/a][ba/ab]w2
HIT  midstr  [b/b][ba/ab]w2
HIT  midstr  [aa/aa][ba/ab]w2
HIT  midstr  [ab/ab][ba/ab]w2
HIT  midstr  [ba/ba][ba/ab]w2
HIT  midstr  [w2/bb][ba/ab]w2
HIT  midstr  [mrg/bb][ba/ab]w2
HIT  midstr  [js1/bb][ba/ab]w2
HIT  midstr  [js2/bb][ba/ab]w2
HIT  midstr  [del1/bb][ba/ab]w2
HIT  midstr  [onbA/bb][ba/ab]w2
HIT  midstr  [onbB/bb][ba/ab]w2
HIT  midstr  [half2/bb][ba/ab]w2
HIT  midstr  [midb/bb][ba/ab]w2
HIT  midstr  [dupb/bb][ba/ab]w2
HIT  midstr  [e/bb][ba/ab]w2
HIT  midstr  [a/bb][ba/ab]w2
HIT  midstr  [b/bb][ba/ab]w2
HIT  midstr  [aa/bb][ba/ab]w2
HIT  midstr  [ab/bb][ba/ab]w2
HIT  midstr  [ba/bb][ba/ab]w2
HIT  midstr  [bb/bb][ba/ab]w2
HIT  midstr  [aab/bb][ba/ab]w2
HIT  midstr  [aab/aab][ba/ab]w2
HIT  midstr  [ba/bb][bb/ab]w2
HIT  midstr  [b/ba][aab/ab]w2
HIT  midstr  [ba/aab][aab/ab]w2
HIT  midstr  [ab/w2][w2/ba]w2
HIT  midstr  [ab/js1][js1/ba]w2
HIT  midstr  [ba/js1][js2/ba]w2
HIT  midstr  [ab/js2][js2/ba]w2
HIT  midstr  [ab/half2][half2/ba]w2
HIT  midstr  [ab/midb][midb/ba]w2
HIT  midstr  [ab/dupb][dupb/ba]w2
HIT  midstr  [ab/b][b/ba]w2
HIT  midstr  [w2/mrg][aa/ba]w2
HIT  midstr  [w2/w2][ab/ba]w2
HIT  midstr  [mrg/w2][ab/ba]w2
HIT  midstr  [js1/w2][ab/ba]w2
HIT  midstr  [js2/w2][ab/ba]w2
HIT  midstr  [del1/w2][ab/ba]w2
HIT  midstr  [onbA/w2][ab/ba]w2
HIT  midstr  [onbB/w2][ab/ba]w2
HIT  midstr  [half2/w2][ab/ba]w2
HIT  midstr  [midb/w2][ab/ba]w2
HIT  midstr  [dupb/w2][ab/ba]w2
HIT  midstr  [e/w2][ab/ba]w2
HIT  midstr  [a/w2][ab/ba]w2
HIT  midstr  [b/w2][ab/ba]w2
HIT  midstr  [aa/w2][ab/ba]w2
HIT  midstr  [ab/w2][ab/ba]w2
HIT  midstr  [ba/w2][ab/ba]w2
HIT  midstr  [bb/w2][ab/ba]w2
HIT  midstr  [aab/w2][ab/ba]w2
HIT  midstr  [w2/mrg][ab/ba]w2
HIT  midstr  [mrg/mrg][ab/ba]w2
HIT  midstr  [js1/mrg][ab/ba]w2
HIT  midstr  [js2/mrg][ab/ba]w2
HIT  midstr  [del1/mrg][ab/ba]w2
HIT  midstr  [onbA/mrg][ab/ba]w2
HIT  midstr  [onbB/mrg][ab/ba]w2
HIT  midstr  [half2/mrg][ab/ba]w2
HIT  midstr  [midb/mrg][ab/ba]w2
HIT  midstr  [dupb/mrg][ab/ba]w2
HIT  midstr  [e/mrg][ab/ba]w2
HIT  midstr  [a/mrg][ab/ba]w2
HIT  midstr  [b/mrg][ab/ba]w2
HIT  midstr  [aa/mrg][ab/ba]w2
HIT  midstr  [ab/mrg][ab/ba]w2
HIT  midstr  [ba/mrg][ab/ba]w2
HIT  midstr  [bb/mrg][ab/ba]w2
HIT  midstr  [aab/mrg][ab/ba]w2
HIT  midstr  [w2/js1][ab/ba]w2
HIT  midstr  [mrg/js1][ab/ba]w2
HIT  midstr  [js1/js1][ab/ba]w2
HIT  midstr  [js2/js1][ab/ba]w2
HIT  midstr  [del1/js1][ab/ba]w2
HIT  midstr  [onbA/js1][ab/ba]w2
HIT  midstr  [onbB/js1][ab/ba]w2
HIT  midstr  [half2/js1][ab/ba]w2
HIT  midstr  [midb/js1][ab/ba]w2
HIT  midstr  [dupb/js1][ab/ba]w2
HIT  midstr  [e/js1][ab/ba]w2
HIT  midstr  [a/js1][ab/ba]w2
HIT  midstr  [b/js1][ab/ba]w2
HIT  midstr  [aa/js1][ab/ba]w2
HIT  midstr  [ab/js1][ab/ba]w2
HIT  midstr  [ba/js1][ab/ba]w2
HIT  midstr  [bb/js1][ab/ba]w2
HIT  midstr  [aab/js1][ab/ba]w2
HIT  midstr  [w2/js2][ab/ba]w2
HIT  midstr  [mrg/js2][ab/ba]w2
HIT  midstr  [js1/js2][ab/ba]w2
HIT  midstr  [js2/js2][ab/ba]w2
HIT  midstr  [del1/js2][ab/ba]w2
HIT  midstr  [onbA/js2][ab/ba]w2
HIT  midstr  [onbB/js2][ab/ba]w2
HIT  midstr  [half2/js2][ab/ba]w2
HIT  midstr  [midb/js2][ab/ba]w2
HIT  midstr  [dupb/js2][ab/ba]w2
HIT  midstr  [e/js2][ab/ba]w2
HIT  midstr  [a/js2][ab/ba]w2
HIT  midstr  [b/js2][ab/ba]w2
HIT  midstr  [aa/js2][ab/ba]w2
HIT  midstr  [ab/js2][ab/ba]w2
HIT  midstr  [ba/js2][ab/ba]w2
HIT  midstr  [bb/js2][ab/ba]w2
HIT  midstr  [aab/js2][ab/ba]w2
HIT  midstr  [del1/del1][ab/ba]w2
HIT  midstr  [onbB/onbB][ab/ba]w2
HIT  midstr  [w2/half2][ab/ba]w2
HIT  midstr  [onbA/half2][ab/ba]w2
HIT  midstr  [half2/half2][ab/ba]w2
HIT  midstr  [w2/midb][ab/ba]w2
HIT  midstr  [mrg/midb][ab/ba]w2
HIT  midstr  [js1/midb][ab/ba]w2
HIT  midstr  [js2/midb][ab/ba]w2
HIT  midstr  [del1/midb][ab/ba]w2
HIT  midstr  [onbA/midb][ab/ba]w2
HIT  midstr  [onbB/midb][ab/ba]w2
HIT  midstr  [half2/midb][ab/ba]w2
HIT  midstr  [midb/midb][ab/ba]w2
HIT  midstr  [dupb/midb][ab/ba]w2
HIT  midstr  [e/midb][ab/ba]w2
HIT  midstr  [a/midb][ab/ba]w2
HIT  midstr  [b/midb][ab/ba]w2
HIT  midstr  [aa/midb][ab/ba]w2
HIT  midstr  [ab/midb][ab/ba]w2
HIT  midstr  [ba/midb][ab/ba]w2
HIT  midstr  [bb/midb][ab/ba]w2
HIT  midstr  [aab/midb][ab/ba]w2
HIT  midstr  [w2/dupb][ab/ba]w2
HIT  midstr  [mrg/dupb][ab/ba]w2
HIT  midstr  [js1/dupb][ab/ba]w2
HIT  midstr  [js2/dupb][ab/ba]w2
HIT  midstr  [del1/dupb][ab/ba]w2
HIT  midstr  [onbA/dupb][ab/ba]w2
HIT  midstr  [onbB/dupb][ab/ba]w2
HIT  midstr  [half2/dupb][ab/ba]w2
HIT  midstr  [midb/dupb][ab/ba]w2
HIT  midstr  [dupb/dupb][ab/ba]w2
HIT  midstr  [e/dupb][ab/ba]w2
HIT  midstr  [a/dupb][ab/ba]w2
HIT  midstr  [b/dupb][ab/ba]w2
HIT  midstr  [aa/dupb][ab/ba]w2
HIT  midstr  [ab/dupb][ab/ba]w2
HIT  midstr  [ba/dupb][ab/ba]w2
HIT  midstr  [bb/dupb][ab/ba]w2
HIT  midstr  [aab/dupb][ab/ba]w2
HIT  midstr  [a/a][ab/ba]w2
HIT  midstr  [b/b][ab/ba]w2
HIT  midstr  [aa/aa][ab/ba]w2
HIT  midstr  [ab/ab][ab/ba]w2
HIT  midstr  [ba/ba][ab/ba]w2
HIT  midstr  [w2/bb][ab/ba]w2
HIT  midstr  [mrg/bb][ab/ba]w2
HIT  midstr  [js1/bb][ab/ba]w2
HIT  midstr  [js2/bb][ab/ba]w2
HIT  midstr  [del1/bb][ab/ba]w2
HIT  midstr  [onbA/bb][ab/ba]w2
HIT  midstr  [onbB/bb][ab/ba]w2
HIT  midstr  [half2/bb][ab/ba]w2
HIT  midstr  [midb/bb][ab/ba]w2
HIT  midstr  [dupb/bb][ab/ba]w2
HIT  midstr  [e/bb][ab/ba]w2
HIT  midstr  [a/bb][ab/ba]w2
HIT  midstr  [b/bb][ab/ba]w2
HIT  midstr  [aa/bb][ab/ba]w2
HIT  midstr  [ab/bb][ab/ba]w2
HIT  midstr  [ba/bb][ab/ba]w2
HIT  midstr  [bb/bb][ab/ba]w2
HIT  midstr  [aab/bb][ab/ba]w2
HIT  midstr  [aab/aab][ab/ba]w2
HIT  midstr  [ba/ab][ba/ba]w2
HIT  midstr  [ab/ba][ba/ba]w2
HIT  midstr  [ab/bb][bb/ba]w2
HIT  midstr  [b/ab][aab/ba]w2
HIT  midstr  [b/ba][aab/ba]w2
HIT  midstr  [ab/aab][aab/ba]w2
HIT  midstr  [ba/ab][w2/bb]w2
HIT  midstr  [ab/ba][w2/bb]w2
HIT  midstr  [ba/ab][mrg/bb]w2
HIT  midstr  [ab/ba][mrg/bb]w2
HIT  midstr  [ba/ab][js1/bb]w2
HIT  midstr  [ab/ba][js1/bb]w2
HIT  midstr  [ba/ab][js2/bb]w2
HIT  midstr  [ab/ba][js2/bb]w2
HIT  midstr  [ba/ab][del1/bb]w2
HIT  midstr  [ab/ba][del1/bb]w2
HIT  midstr  [ba/ab][onbA/bb]w2
HIT  midstr  [ab/ba][onbA/bb]w2
HIT  midstr  [ba/ab][onbB/bb]w2
HIT  midstr  [ab/ba][onbB/bb]w2
HIT  midstr  [ba/ab][half2/bb]w2
HIT  midstr  [ab/ba][half2/bb]w2
HIT  midstr  [ba/ab][midb/bb]w2
HIT  midstr  [ab/ba][midb/bb]w2
HIT  midstr  [ba/ab][dupb/bb]w2
HIT  midstr  [ab/ba][dupb/bb]w2
HIT  midstr  [ba/ab][e/bb]w2
HIT  midstr  [ab/ba][e/bb]w2
HIT  midstr  [ba/ab][a/bb]w2
HIT  midstr  [ab/ba][a/bb]w2
HIT  midstr  [ba/ab][b/bb]w2
HIT  midstr  [ab/ba][b/bb]w2
HIT  midstr  [ba/ab][aa/bb]w2
HIT  midstr  [ab/ba][aa/bb]w2
HIT  midstr  [ba/ab][ab/bb]w2
HIT  midstr  [ab/ba][ab/bb]w2
HIT  midstr  [ba/ab][ba/bb]w2
HIT  midstr  [ab/ba][ba/bb]w2
HIT  midstr  [ba/ab][bb/bb]w2
HIT  midstr  [ab/ba][bb/bb]w2
HIT  midstr  [ba/ab][aab/bb]w2
HIT  midstr  [ab/ba][aab/bb]w2
HIT  midstr  [ba/ab][aab/aab]w2
HIT  midstr  [ab/ba][aab/aab]w2

S2 best partial (of 125):
  rev   25  [w2/w2][w2/w2]w2
  ai    36  [e/ab][half2/w2]w2
  aj    44  [e/aab][a/onbA]w2
  ak    36  [e/ab][half2/w2]w2
  aik   40  [a/b][onbB/w2]w2
  aij   40  [a/b][onbB/w2]w2
  ajk   40  [a/b][e/aab]w2

capped evaluations (len > 4096): occurred (sound: expected outputs are short)
elapsed: 1.3s
wall 1.28s
