U1a constant pass [a^i/a^j] acts as i*floor(n/j)+(n mod j) on lengths: 20 (i,j) pairs, 0 mismatches
OK   U1a constant-pass length law: 20 cases
unary space: exhaustive size<=7 = 36978 expressions (+ 3000 random depth<=4)
distinct total-and-partial unary length maps on n=0..24: 2091
U1b target maps (searched over the exhaustive size<=7 space, n=0..24):
  id n          : FOUND   e.g. ('var', 0) (size 1)
  2n            : FOUND   e.g. ('cat', ('var', 0), ('var', 0)) (size 3)
  n^2           : FOUND   e.g. ('pass', ('var', 0), ('const', 'a'), ('var', 0)) (size 4)
  n+1           : FOUND   e.g. ('cat', ('var', 0), ('const', 'a')) (size 3)
  n^4           : NOT FOUND
  floor(n/2)    : NOT FOUND
  ceil(n/2)     : FOUND   e.g. ('pass', ('const', 'a'), ('const', 'aa'), ('var', 0)) (size 4)
  n mod 2       : FOUND   e.g. ('pass', ('const', ''), ('const', 'aa'), ('var', 0)) (size 4)
  max(n-1,0)    : NOT FOUND
  2^n           : NOT FOUND
U1b expectations (floor(n/2), n-1, n^4 (needs size 10), 2^n absent at size<=7; rest present): 0 surprises
OK   U1b target-map search over size<=7: 10 cases
U1b' witness for n^4 at size 10: True
OK   U1b' n^4 reachable by double squaring (size 10): 25 cases
U2 every homomorphism h(a)=a^i, h(b)=a^j collides on ab/ba: 16 pairs, 0 non-colliding (hand proof: h(ab)=h(ba), ab!=ba)
OK   U2 no injective homomorphism binary -> unary: 16 cases
binary space: 584 depth<=1 (constants<=2) + 2000 random depth<=3
U3 total binary profiles on n=0..12: 480; 2 NOT realized in the size<=7 unary space or a constant shift of it
  missing profile [1, 3, 5, 9, 13, 20, 29, 35, 47, 61, 69, 86, 105]  e.g. ('cat', ('pass', ('cat', ('const', 'a'), ('var', 0)), ('cat', ('const', ''), ('const', 'aaa')), ('cat', ('var', 0), ('var', 0))), ('cat', ('pass', ('const', 'bb'), ('const', 'a'), ('const', '')), ('pass', ('var', 0), ('const', 'bb'), ('const', 'b'))))
  missing profile [1, 5, 9, 14, 21, 27, 37, 44, 57, 65, 81, 90, 109]  e.g. ('cat', ('pass', ('cat', ('const', ''), ('const', '')), ('pass', ('var', 0), ('const', 'baa'), ('const', 'bbb')), ('cat', ('var', 0), ('var', 0))), ('cat', ('cat', ('const', 'a'), ('var', 0)), ('pass', ('var', 0), ('const', 'aa'), ('var', 0))))
OK   U3 binary profiles vs exhaustive unary space (data): 480 cases
