verify_r5.py -- R5: the single-pass ceiling + omega reading
======================================================================
(A) freshness/branching/drift on all convergent orbits of the 930 rules x inputs <= 7 (203126 convergent orbits): A1 0, A2 0, A3 0, A4 0 failures
    [14.2s]
(B) growing convergent rules (|A| > |B|, B not-in A, |A| <= 4): 144 of 148 total on all inputs <= 9 (caps 6000 sweeps / 2^16 chars)
      non-conv at cap: [aabb/ba] on 'baa'...
      non-conv at cap: [bbaa/ab] on 'aab'...
      non-conv at cap: [abba/bab] on 'babb'...
      non-conv at cap: [baab/aba] on 'aaba'...
    top by max output at n = 9 (f(n), K(n), R(n)):
      [aaab/ba]: (n,f,K,R) = [(0, 0, 0, 0), (1, 1, 0, 0), (2, 4, 1, 1), (3, 11, 4, 4), (4, 30, 11, 13), (5, 85, 30, 40), (6, 248, 85, 121), (7, 735, 248, 364), (8, 2194, 735, 1093), (9, 6569, 2194, 3280)]
      [abbb/ba]: (n,f,K,R) = [(0, 0, 0, 0), (1, 1, 0, 0), (2, 4, 1, 1), (3, 11, 4, 4), (4, 30, 11, 13), (5, 85, 30, 40), (6, 248, 85, 121), (7, 735, 248, 364), (8, 2194, 735, 1093), (9, 6569, 2194, 3280)]
      [bbba/ab]: (n,f,K,R) = [(0, 0, 0, 0), (1, 1, 0, 0), (2, 4, 1, 1), (3, 11, 4, 4), (4, 30, 11, 13), (5, 85, 30, 40), (6, 248, 85, 121), (7, 735, 248, 364), (8, 2194, 735, 1093), (9, 6569, 2194, 3280)]
      [baaa/ab]: (n,f,K,R) = [(0, 0, 0, 0), (1, 1, 0, 0), (2, 4, 1, 1), (3, 11, 4, 4), (4, 30, 11, 13), (5, 85, 30, 40), (6, 248, 85, 121), (7, 735, 248, 364), (8, 2194, 735, 1093), (9, 6569, 2194, 3280)]
      [aab/ba]: (n,f,K,R) = [(0, 0, 0, 0), (1, 1, 0, 0), (2, 3, 1, 1), (3, 6, 3, 3), (4, 11, 6, 7), (5, 20, 11, 15), (6, 37, 20, 31), (7, 70, 37, 63), (8, 135, 70, 127), (9, 264, 135, 255)]
      [baa/ab]: (n,f,K,R) = [(0, 0, 0, 0), (1, 1, 0, 0), (2, 3, 1, 1), (3, 6, 3, 3), (4, 11, 6, 7), (5, 20, 11, 15), (6, 37, 20, 31), (7, 70, 37, 63), (8, 135, 70, 127), (9, 264, 135, 255)]
      [abb/ba]: (n,f,K,R) = [(0, 0, 0, 0), (1, 1, 0, 0), (2, 3, 1, 1), (3, 6, 3, 3), (4, 11, 6, 7), (5, 20, 11, 15), (6, 37, 20, 31), (7, 70, 37, 63), (8, 135, 70, 127), (9, 264, 135, 255)]
      [bba/ab]: (n,f,K,R) = [(0, 0, 0, 0), (1, 1, 0, 0), (2, 3, 1, 1), (3, 6, 3, 3), (4, 11, 6, 7), (5, 20, 11, 15), (6, 37, 20, 31), (7, 70, 37, 63), (8, 135, 70, 127), (9, 264, 135, 255)]
      [bbab/abb]: (n,f,K,R) = [(0, 0, 0, 0), (1, 1, 0, 0), (2, 2, 0, 0), (3, 4, 1, 1), (4, 6, 2, 2), (5, 10, 4, 5), (6, 16, 7, 10), (7, 26, 12, 19), (8, 44, 21, 36), (9, 78, 38, 69)]
      [aaba/baa]: (n,f,K,R) = [(0, 0, 0, 0), (1, 1, 0, 0), (2, 2, 0, 0), (3, 4, 1, 1), (4, 6, 2, 2), (5, 10, 4, 5), (6, 16, 7, 10), (7, 26, 12, 19), (8, 44, 21, 36), (9, 78, 38, 69)]
      [babb/bba]: (n,f,K,R) = [(0, 0, 0, 0), (1, 1, 0, 0), (2, 2, 0, 0), (3, 4, 1, 1), (4, 6, 2, 2), (5, 10, 4, 5), (6, 16, 7, 10), (7, 26, 12, 19), (8, 44, 21, 36), (9, 78, 38, 69)]
      [abaa/aab]: (n,f,K,R) = [(0, 0, 0, 0), (1, 1, 0, 0), (2, 2, 0, 0), (3, 4, 1, 1), (4, 6, 2, 2), (5, 10, 4, 5), (6, 16, 7, 10), (7, 26, 12, 19), (8, 44, 21, 36), (9, 78, 38, 69)]
    worst K on the domain: 2194 sweeps ([bbba/ab] at n = 9)
    worst R on the domain: 3280 fires ([bbba/ab] at n = 9)
    fire counts: max r_k over all census orbits = 9; longest strictly-growing run = 4 sweeps
    law f,K,R <= (alpha-beta+1)^n + n per rule on the domain: OK (tight: base-m family attains it)
    [1.0s]
(C) amplifier [baa/ab] on a b^(n-1):
    n =  1: K =   0, R =        0, |out| =         1 (2^(n-1)+n-1 = 1)
    n =  2: K =   1, R =        1, |out| =         3 (2^(n-1)+n-1 = 3)
    n =  3: K =   3, R =        3, |out| =         6 (2^(n-1)+n-1 = 6)
    n =  4: K =   6, R =        7, |out| =        11 (2^(n-1)+n-1 = 11)
    n =  5: K =  11, R =       15, |out| =        20 (2^(n-1)+n-1 = 20)
    n =  6: K =  20, R =       31, |out| =        37 (2^(n-1)+n-1 = 37)
    n =  7: K =  37, R =       63, |out| =        70 (2^(n-1)+n-1 = 70)
    n =  8: K =  70, R =      127, |out| =       135 (2^(n-1)+n-1 = 135)
    n =  9: K = 135, R =      255, |out| =       264 (2^(n-1)+n-1 = 264)
    n = 10: K = 264, R =      511, |out| =       521 (2^(n-1)+n-1 = 521)
    n = 11: K = 521, R =     1023, |out| =      1034 (2^(n-1)+n-1 = 1034)
    n = 12: K = 1034, R =     2047, |out| =      2059 (2^(n-1)+n-1 = 2059)
    n = 13: K = 2059, R =     4095, |out| =      4108 (2^(n-1)+n-1 = 4108)
    n = 14: K = 4108, R =     8191, |out| =      8205 (2^(n-1)+n-1 = 8205)
    n = 15: K = 8205, R =    16383, |out| =     16398 (2^(n-1)+n-1 = 16398)
    n = 16: K = 16398, R =    32767, |out| =     32783 (2^(n-1)+n-1 = 32783)
    n = 17: K = 32783, R =    65535, |out| =     65552 (2^(n-1)+n-1 = 65552)
    n = 18: K = 65552, R =   131071, |out| =    131089 (2^(n-1)+n-1 = 131089)
    n = 19: K = 131089, R =   262143, |out| =    262162 (2^(n-1)+n-1 = 262162)
    base-m family laws (exact):
      S1(m) [b a^m/ab] on a^i b^j: m = 1, 42 cells exact
      S1(m) [b a^m/ab] on a^i b^j: m = 2, 37 cells exact
      S1(m) [b a^m/ab] on a^i b^j: m = 3, 25 cells exact
      S1(m) [b a^m/ab] on a^i b^j: m = 4, 19 cells exact
      S1(m) [b a^m/ab] on a^i b^j: m = 5, 17 cells exact
      S2(m) [b^m a/ab] on a^i b^j: m = 1, 168 cells exact
      S2(m) [b^m a/ab] on a^i b^j: m = 2, 131 cells exact
      S2(m) [b^m a/ab] on a^i b^j: m = 3, 86 cells exact
      S2(m) [b^m a/ab] on a^i b^j: m = 4, 68 cells exact
      T1(m) [a^m b/ba] on b^j a^i: m = 1, 42 cells exact
      T1(m) [a^m b/ba] on b^j a^i: m = 2, 37 cells exact
      T1(m) [a^m b/ba] on b^j a^i: m = 3, 25 cells exact
      T1(m) [a^m b/ba] on b^j a^i: m = 4, 19 cells exact
      T2(m) [a b^m/ba] on b^j a^i: m = 1, 168 cells exact
      T2(m) [a b^m/ba] on b^j a^i: m = 2, 131 cells exact
      T2(m) [a b^m/ba] on b^j a^i: m = 3, 86 cells exact
      T2(m) [a b^m/ba] on b^j a^i: m = 4, 68 cells exact
      total family cells verified exact: 1169
    champion inputs at n = 9 (argmax over all 2^9 inputs):
      [baa/ab]: f(9) = 264 at 'abbbbbbbb' (= m^8 + 8, m = 2: the two-block Horner input)
      [bba/ab]: f(9) = 264 at 'aaaaaaaab' (= m^8 + 8, m = 2: the two-block Horner input)
      [aab/ba]: f(9) = 264 at 'bbbbbbbba' (= m^8 + 8, m = 2: the two-block Horner input)
      [abb/ba]: f(9) = 264 at 'baaaaaaaa' (= m^8 + 8, m = 2: the two-block Horner input)
      [baaa/ab]: f(9) = 6569 at 'abbbbbbbb' (= m^8 + 8, m = 3: the two-block Horner input)
      [bbba/ab]: f(9) = 6569 at 'aaaaaaaab' (= m^8 + 8, m = 3: the two-block Horner input)
      [aaab/ba]: f(9) = 6569 at 'bbbbbbbba' (= m^8 + 8, m = 3: the two-block Horner input)
      [abbb/ba]: f(9) = 6569 at 'baaaaaaaa' (= m^8 + 8, m = 3: the two-block Horner input)
    [69.5s]
(D1) one pass is causal (output[:m-|B|] fixed by input[:m]): 300 random pairs: OK
(D2) [baa/ab] on a b^omega (M = 2158, 1042 sweeps):
     front dwell at v is 2^(v-1)+1 (v <= 10): OK [2, 3, 5, 9, 17, 33, 65, 129, 257, 513]
     position j permanently b from sweep k_j = 2^j+j (j < 10): OK
     k_j = [1, 3, 6, 11, 20, 37, 70, 135, 264, 521]
     front non-decreasing: True; fires every sweep, growing (r_521 = 512, r_1042 = 1031): True; #a at horizon = 534044
     slack certificate (M doubled to 4316): same dwell/k_j laws: OK
     -> pointwise limit b^omega at cost 2^j+j sweeps per position j; the orbit never stops firing: the coinductive (pointwise) and stepwise readings of lim diverge on a b^omega
(D3a) finite values: lim(a b^(n-1)) = b^(n-1) a^(2^(n-1)) (n <= 15), lim((ba)^n) = b^n a^n (n <= 40): OK -- both converge pointwise to b^omega
(D3b) sort omega-orbit of (ba)^omega (window 48): final window 'bbbbbbbbbbbbbbbbbbbbbbbbbbbbbbbbbbbbbbbbbbbbbbbb', stabilized True
     COMMUTES for the showcase rules: omega-orbit pointwise limit = pointwise limit of finite values = b^omega
(D3c) [aa/a]: finite side lim(a^n) = 'a' for 1 <= n <= 60: OK
     omega side: pass(a^omega) = a^omega (fires at 0,2,4,..., window-verified at 3 widths x 3 truncations), a fixed point -> coinductive lim([aa/a])(a^omega) = a^omega
     NON-COMMUTATION: finite-approximation reading 'a' vs coinductive reading a^omega -- they differ at EVERY position >= 1 (least vs greatest fixpoint, cf. rem:leastfix)
(D4) omega-census, 310 length-preserving rules x 4 periodic shapes, window 24, cap 60 sweeps: stabilized 1222, churning 18
(D5) [eps/ab] on (ab)^omega: one sweep erases the whole infinite string (out = eps, verified on truncations of 17, 34, 71 pairs): OK
    [1.5s]
======================================================================
TOTAL: 1224 checks, 0 failures
ALL GREEN
EXIT=0
