verify_r5.py -- R5: the single-pass ceiling + omega reading
======================================================================
(A) freshness/branching/drift on all convergent orbits of the 930 rules x inputs <= 7 (203126 convergent orbits): A1 0, A2 0, A3 0, A4 0 failures
    [14.2s]
(B) growing convergent rules (|A| > |B|, B not-in A, |A| <= 4): 140 of 148 total on all inputs <= 9
    top by max output at n = 9 (f(n), K(n), R(n)):
      [bba/ab]: (n,f,K,R) = [(0, 0, 0, 0), (1, 1, 0, 0), (2, 3, 1, 1), (3, 6, 3, 3), (4, 11, 6, 7), (5, 20, 11, 15), (6, 37, 20, 31), (7, 70, 37, 63), (8, 135, 70, 127), (9, 264, 135, 255)]
      [abb/ba]: (n,f,K,R) = [(0, 0, 0, 0), (1, 1, 0, 0), (2, 3, 1, 1), (3, 6, 3, 3), (4, 11, 6, 7), (5, 20, 11, 15), (6, 37, 20, 31), (7, 70, 37, 63), (8, 135, 70, 127), (9, 264, 135, 255)]
      [aab/ba]: (n,f,K,R) = [(0, 0, 0, 0), (1, 1, 0, 0), (2, 3, 1, 1), (3, 6, 3, 3), (4, 11, 6, 7), (5, 20, 11, 15), (6, 37, 20, 31), (7, 70, 37, 63), (8, 135, 70, 127), (9, 264, 135, 255)]
      [baa/ab]: (n,f,K,R) = [(0, 0, 0, 0), (1, 1, 0, 0), (2, 3, 1, 1), (3, 6, 3, 3), (4, 11, 6, 7), (5, 20, 11, 15), (6, 37, 20, 31), (7, 70, 37, 63), (8, 135, 70, 127), (9, 264, 135, 255)]
      [bbab/abb]: (n,f,K,R) = [(0, 0, 0, 0), (1, 1, 0, 0), (2, 2, 0, 0), (3, 4, 1, 1), (4, 6, 2, 2), (5, 10, 4, 5), (6, 16, 7, 10), (7, 26, 12, 19), (8, 44, 21, 36), (9, 78, 38, 69)]
      [babb/bba]: (n,f,K,R) = [(0, 0, 0, 0), (1, 1, 0, 0), (2, 2, 0, 0), (3, 4, 1, 1), (4, 6, 2, 2), (5, 10, 4, 5), (6, 16, 7, 10), (7, 26, 12, 19), (8, 44, 21, 36), (9, 78, 38, 69)]
      [aaba/baa]: (n,f,K,R) = [(0, 0, 0, 0), (1, 1, 0, 0), (2, 2, 0, 0), (3, 4, 1, 1), (4, 6, 2, 2), (5, 10, 4, 5), (6, 16, 7, 10), (7, 26, 12, 19), (8, 44, 21, 36), (9, 78, 38, 69)]
      [abaa/aab]: (n,f,K,R) = [(0, 0, 0, 0), (1, 1, 0, 0), (2, 2, 0, 0), (3, 4, 1, 1), (4, 6, 2, 2), (5, 10, 4, 5), (6, 16, 7, 10), (7, 26, 12, 19), (8, 44, 21, 36), (9, 78, 38, 69)]
      [bbbb/a]: (n,f,K,R) = [(0, 0, 0, 0), (1, 4, 1, 1), (2, 8, 1, 2), (3, 12, 1, 3), (4, 16, 1, 4), (5, 20, 1, 5), (6, 24, 1, 6), (7, 28, 1, 7), (8, 32, 1, 8), (9, 36, 1, 9)]
      [aaaa/b]: (n,f,K,R) = [(0, 0, 0, 0), (1, 4, 1, 1), (2, 8, 1, 2), (3, 12, 1, 3), (4, 16, 1, 4), (5, 20, 1, 5), (6, 24, 1, 6), (7, 28, 1, 7), (8, 32, 1, 8), (9, 36, 1, 9)]
      [aaab/baa]: (n,f,K,R) = [(0, 0, 0, 0), (1, 1, 0, 0), (2, 2, 0, 0), (3, 4, 1, 1), (4, 6, 2, 2), (5, 8, 3, 3), (6, 12, 5, 6), (7, 17, 7, 10), (8, 24, 10, 16), (9, 34, 14, 25)]
      [abbb/bba]: (n,f,K,R) = [(0, 0, 0, 0), (1, 1, 0, 0), (2, 2, 0, 0), (3, 4, 1, 1), (4, 6, 2, 2), (5, 8, 3, 3), (6, 12, 5, 6), (7, 17, 7, 10), (8, 24, 10, 16), (9, 34, 14, 25)]
    worst K on the domain: 135 sweeps ([bba/ab] at n = 9)
    worst R on the domain: 255 fires ([bba/ab] at n = 9)
    law f(n) <= 64*2^n, K(n) <= 2^n, R(n) <= 2^(n+1) on the domain: OK
    [0.7s]
(C) amplifier [baa/ab] on a b^(n-1):
    n =  1: K =   0, R =        0, |out| =         1 (2^(n-1)+n-1 = 1)
    n =  2: K =   1, R =        1, |out| =         3 (2^(n-1)+n-1 = 3)
    n =  3: K =   3, R =        3, |out| =         6 (2^(n-1)+n-1 = 6)
    n =  4: K =   6, R =        7, |out| =        11 (2^(n-1)+n-1 = 11)
    n =  5: K =  11, R =       15, |out| =        20 (2^(n-1)+n-1 = 20)
    n =  6: K =  20, R =       31, |out| =        37 (2^(n-1)+n-1 = 37)
    n =  7: K =  37, R =       63, |out| =        70 (2^(n-1)+n-1 = 70)
    n =  8: K =  70, R =      127, |out| =       135 (2^(n-1)+n-1 = 135)
    n =  9: K = 135, R =      255, |out| =       264 (2^(n-1)+n-1 = 264)
    n = 10: K = 264, R =      511, |out| =       521 (2^(n-1)+n-1 = 521)
    n = 11: K = 521, R =     1023, |out| =      1034 (2^(n-1)+n-1 = 1034)
    n = 12: K = 1034, R =     2047, |out| =      2059 (2^(n-1)+n-1 = 2059)
    n = 13: K = 2059, R =     4095, |out| =      4108 (2^(n-1)+n-1 = 4108)
    n = 14: K = 4108, R =     8191, |out| =      8205 (2^(n-1)+n-1 = 8205)
    n = 15: K = 8205, R =    16383, |out| =     16398 (2^(n-1)+n-1 = 16398)
    n = 16: K = 16398, R =    32767, |out| =     32783 (2^(n-1)+n-1 = 32783)
    n = 17: K = 32783, R =    65535, |out| =     65552 (2^(n-1)+n-1 = 65552)
    n = 18: K = 65552, R =   131071, |out| =    131089 (2^(n-1)+n-1 = 131089)
    n = 19: K = 131089, R =   262143, |out| =    262162 (2^(n-1)+n-1 = 262162)
    slow family under the sweep, on b^n a:
      [aaab/ba]: (n, K, R, |out|) = [(2, 4, 4, 11), (3, 11, 13, 30), (4, 30, 40, 85), (5, 85, 121, 248), (6, 248, 364, 735), (7, 735, 1093, 2194), (8, 'DIV')]
      [abbb/ba]: (n, K, R, |out|) = [(2, 2, 2, 7), (3, 3, 3, 10), (4, 4, 4, 13), (5, 5, 5, 16), (6, 6, 6, 19), (7, 7, 7, 22), (8, 8, 8, 25), (9, 9, 9, 28), (10, 10, 10, 31), (11, 11, 11, 34), (12, 12, 12, 37), (13, 13, 13, 40), (14, 14, 14, 43), (15, 15, 15, 46), (16, 16, 16, 49), (17, 17, 17, 52), (18, 18, 18, 55), (19, 19, 19, 58), (20, 20, 20, 61)]
      [baaa/ab]: (n, K, R, |out|) = [(2, 0, 0, 3), (3, 0, 0, 4), (4, 0, 0, 5), (5, 0, 0, 6), (6, 0, 0, 7), (7, 0, 0, 8), (8, 0, 0, 9), (9, 0, 0, 10), (10, 0, 0, 11), (11, 0, 0, 12), (12, 0, 0, 13), (13, 0, 0, 14), (14, 0, 0, 15), (15, 0, 0, 16), (16, 0, 0, 17), (17, 0, 0, 18), (18, 0, 0, 19), (19, 0, 0, 20), (20, 0, 0, 21)]
      [bbba/ab]: (n, K, R, |out|) = [(2, 0, 0, 3), (3, 0, 0, 4), (4, 0, 0, 5), (5, 0, 0, 6), (6, 0, 0, 7), (7, 0, 0, 8), (8, 0, 0, 9), (9, 0, 0, 10), (10, 0, 0, 11), (11, 0, 0, 12), (12, 0, 0, 13), (13, 0, 0, 14), (14, 0, 0, 15), (15, 0, 0, 16), (16, 0, 0, 17), (17, 0, 0, 18), (18, 0, 0, 19), (19, 0, 0, 20), (20, 0, 0, 21)]
    champions on structured + random inputs (n, K, R, |out|):
      [baa/ab]: best |out| = 16398, K = 8205, R = 16383 (at total length 15)
FAIL C-K-poly16 (('baa', 'ab'), (16398, 8205, 16383, 15))
      [aab/ba]: best |out| = 16, K = 0, R = 0 (at total length 16)
      [abb/ba]: best |out| = 16, K = 0, R = 0 (at total length 16)
      [bba/ab]: best |out| = 16398, K = 8205, R = 16383 (at total length 15)
FAIL C-K-poly16 (('bba', 'ab'), (16398, 8205, 16383, 15))
      [aaab/ba]: best |out| = 16, K = 0, R = 0 (at total length 16)
      [baaa/ab]: best |out| = 26252, K = 8755, R = 13120 (at total length 12)
FAIL C-K-poly16 (('baaa', 'ab'), (26252, 8755, 13120, 12))
      [abbb/ba]: best |out| = 16, K = 0, R = 0 (at total length 16)
      [bbba/ab]: best |out| = 26252, K = 8755, R = 13120 (at total length 12)
FAIL C-K-poly16 (('bbba', 'ab'), (26252, 8755, 13120, 12))
    [99.5s]
(D1) one pass is causal (output[:m-|B|] fixed by input[:m]): 300 random pairs: OK
(D2) [baa/ab] on a b^omega, window W, 24 sweeps:
    W =  8: window b^W from sweep None, stable True, min fires/sweep 1, slack cert True
FAIL D2-window (8, None, 1)
    W = 16: window b^W from sweep None, stable True, min fires/sweep 1, slack cert True
FAIL D2-window (16, None, 1)
    W = 32: window b^W from sweep None, stable True, min fires/sweep 1, slack cert True
FAIL D2-window (32, None, 1)
    W = 48: window b^W from sweep None, stable True, min fires/sweep 1, slack cert True
FAIL D2-window (48, None, 1)
    (pointwise limit b^omega; the orbit fires every sweep: never stepwise fixed; b^omega IS a fixed point: [baa/ab](b^omega) = b^omega)
