# valid (M,A0) pairs with |M|,|A0| <= 6 (ntok=4 check): 1288
PAIR baa babba len 3 5 ntok5 1 ntok6 1
PAIR baaa baab len 4 4 ntok5 1 ntok6 1
PAIR baaa baaba len 4 5 ntok5 1 ntok6 1
PAIR baaa babba len 4 5 ntok5 1 ntok6 1
PAIR baaa bbaab len 4 5 ntok5 1 ntok6 1
PAIR baaa baabb len 4 5 ntok5 1 ntok6 1
PAIR baaa babbaa len 4 6 ntok5 1 ntok6 1
PAIR baaa bbaaba len 4 6 ntok5 1 ntok6 1
PAIR baaa abbaba len 4 6 ntok5 1 ntok6 1
PAIR baaa baabba len 4 6 ntok5 1 ntok6 1
PAIR baaa babaab len 4 6 ntok5 1 ntok6 1
PAIR baaa bbbaab len 4 6 ntok5 1 ntok6 1
PAIR baaa baabab len 4 6 ntok5 1 ntok6 1
PAIR baaa abaabb len 4 6 ntok5 1 ntok6 1
PAIR baaa bbaabb len 4 6 ntok5 1 ntok6 1
PAIR baaa baabbb len 4 6 ntok5 1 ntok6 1
PAIR bbaa babaa len 4 5 ntok5 1 ntok6 1
PAIR bbaa babaaa len 4 6 ntok5 1 ntok6 1
PAIR bbaa bbabaa len 4 6 ntok5 1 ntok6 1
PAIR bbaa babaab len 4 6 ntok5 1 ntok6 1
PAIR aaba aabb len 4 4 ntok5 1 ntok6 1
PAIR aaba aabba len 4 5 ntok5 1 ntok6 1
PAIR aaba aaabb len 4 5 ntok5 1 ntok6 1
PAIR aaba baabb len 4 5 ntok5 1 ntok6 1
PAIR aaba aabbb len 4 5 ntok5 1 ntok6 1
PAIR aaba abbaba len 4 6 ntok5 1 ntok6 1
PAIR aaba aaabba len 4 6 ntok5 1 ntok6 1
PAIR aaba baabba len 4 6 ntok5 1 ntok6 1
PAIR aaba aabbba len 4 6 ntok5 1 ntok6 1
PAIR aaba aabbab len 4 6 ntok5 1 ntok6 1
PAIR aaba aaaabb len 4 6 ntok5 1 ntok6 1
PAIR aaba baaabb len 4 6 ntok5 1 ntok6 1
PAIR aaba bbaabb len 4 6 ntok5 1 ntok6 1
PAIR aaba aaabbb len 4 6 ntok5 1 ntok6 1
PAIR aaba baabbb len 4 6 ntok5 1 ntok6 1
PAIR aaba aabbbb len 4 6 ntok5 1 ntok6 1
PAIR aaab baab len 4 4 ntok5 1 ntok6 1
PAIR aaab baaba len 4 5 ntok5 1 ntok6 1
PAIR aaab bbaab len 4 5 ntok5 1 ntok6 1
PAIR aaab baabb len 4 5 ntok5 1 ntok6 1
PAIR aaab bbaaba len 4 6 ntok5 1 ntok6 1
PAIR aaab baabba len 4 6 ntok5 1 ntok6 1
PAIR aaab babaab len 4 6 ntok5 1 ntok6 1
PAIR aaab bbbaab len 4 6 ntok5 1 ntok6 1
PAIR aaab baabab len 4 6 ntok5 1 ntok6 1
PAIR aaab abaabb len 4 6 ntok5 1 ntok6 1
PAIR aaab bbaabb len 4 6 ntok5 1 ntok6 1
PAIR aaab baabbb len 4 6 ntok5 1 ntok6 1
PAIR baab baaa len 4 4 ntok5 1 ntok6 1
PAIR baab aaab len 4 4 ntok5 1 ntok6 1
PAIR baab baaaa len 4 5 ntok5 1 ntok6 1
PAIR baab bbaaa len 4 5 ntok5 1 ntok6 1
PAIR baab aaaba len 4 5 ntok5 1 ntok6 1
PAIR baab babba len 4 5 ntok5 1 ntok6 1
PAIR baab aaaab len 4 5 ntok5 1 ntok6 1
PAIR baab baaab len 4 5 ntok5 1 ntok6 1
PAIR baab aaabb len 4 5 ntok5 1 ntok6 1
PAIR baab baaaaa len 4 6 ntok5 1 ntok6 1
PAIR baab bbaaaa len 4 6 ntok5 1 ntok6 1
PAIR baab babaaa len 4 6 ntok5 1 ntok6 1
PAIR baab bbbaaa len 4 6 ntok5 1 ntok6 1
PAIR baab aaaaba len 4 6 ntok5 1 ntok6 1
PAIR baab baaaba len 4 6 ntok5 1 ntok6 1
PAIR baab aaabba len 4 6 ntok5 1 ntok6 1
PAIR baab aaaaab len 4 6 ntok5 1 ntok6 1
PAIR baab baaaab len 4 6 ntok5 1 ntok6 1
PAIR baab bbaaab len 4 6 ntok5 1 ntok6 1
PAIR baab aaabab len 4 6 ntok5 1 ntok6 1
PAIR baab aaaabb len 4 6 ntok5 1 ntok6 1
PAIR baab baaabb len 4 6 ntok5 1 ntok6 1
PAIR baab aaabbb len 4 6 ntok5 1 ntok6 1
PAIR aabb aaba len 4 4 ntok5 1 ntok6 1
PAIR aabb aaaba len 4 5 ntok5 1 ntok6 1
PAIR aabb baaba len 4 5 ntok5 1 ntok6 1
PAIR aabb aabab len 4 5 ntok5 1 ntok6 1
PAIR aabb aaaaba len 4 6 ntok5 1 ntok6 1
PAIR aabb baaaba len 4 6 ntok5 1 ntok6 1
PAIR aabb bbaaba len 4 6 ntok5 1 ntok6 1
PAIR aabb aababa len 4 6 ntok5 1 ntok6 1
PAIR aabb aaabab len 4 6 ntok5 1 ntok6 1
PAIR aabb baabab len 4 6 ntok5 1 ntok6 1
PAIR aabb aababb len 4 6 ntok5 1 ntok6 1
PAIR baaaa baab len 5 4 ntok5 1 ntok6 1
PAIR baaaa abbaa len 5 5 ntok5 1 ntok6 1
PAIR baaaa baaba len 5 5 ntok5 1 ntok6 1
PAIR baaaa babba len 5 5 ntok5 1 ntok6 1
PAIR baaaa baaab len 5 5 ntok5 1 ntok6 1
PAIR baaaa bbaab len 5 5 ntok5 1 ntok6 1
PAIR baaaa baabb len 5 5 ntok5 1 ntok6 1
PAIR baaaa babbaa len 5 6 ntok5 1 ntok6 1
PAIR baaaa baaaba len 5 6 ntok5 1 ntok6 1
PAIR baaaa bbaaba len 5 6 ntok5 1 ntok6 1
PAIR baaaa abbaba len 5 6 ntok5 1 ntok6 1
PAIR baaaa baabba len 5 6 ntok5 1 ntok6 1
PAIR baaaa abaaab len 5 6 ntok5 1 ntok6 1
PAIR baaaa bbaaab len 5 6 ntok5 1 ntok6 1
PAIR baaaa babaab len 5 6 ntok5 1 ntok6 1
PAIR baaaa bbbaab len 5 6 ntok5 1 ntok6 1
PAIR baaaa baabab len 5 6 ntok5 1 ntok6 1
PAIR baaaa aabbab len 5 6 ntok5 1 ntok6 1
PAIR baaaa baaabb len 5 6 ntok5 1 ntok6 1
PAIR baaaa abaabb len 5 6 ntok5 1 ntok6 1
PAIR baaaa bbaabb len 5 6 ntok5 1 ntok6 1
PAIR baaaa baabbb len 5 6 ntok5 1 ntok6 1
PAIR abaaa bbaaa len 5 5 ntok5 1 ntok6 1
PAIR abaaa abbaa len 5 5 ntok5 1 ntok6 1
PAIR abaaa baabb len 5 5 ntok5 1 ntok6 1
PAIR abaaa bbaaaa len 5 6 ntok5 1 ntok6 1
PAIR abaaa abbaaa len 5 6 ntok5 1 ntok6 1
PAIR abaaa bbbaaa len 5 6 ntok5 1 ntok6 1
PAIR abaaa babbaa len 5 6 ntok5 1 ntok6 1
PAIR abaaa baabba len 5 6 ntok5 1 ntok6 1
PAIR abaaa bbaaab len 5 6 ntok5 1 ntok6 1
PAIR abaaa baabab len 5 6 ntok5 1 ntok6 1
PAIR abaaa abaabb len 5 6 ntok5 1 ntok6 1
PAIR abaaa bbaabb len 5 6 ntok5 1 ntok6 1
PAIR abaaa baabbb len 5 6 ntok5 1 ntok6 1
PAIR bbaaa baab len 5 4 ntok5 1 ntok6 1
PAIR bbaaa abaaa len 5 5 ntok5 1 ntok6 1
PAIR bbaaa babaa len 5 5 ntok5 1 ntok6 1
PAIR bbaaa baaba len 5 5 ntok5 1 ntok6 1
PAIR bbaaa bbaab len 5 5 ntok5 1 ntok6 1
PAIR bbaaa baabb len 5 5 ntok5 1 ntok6 1
PAIR bbaaa abaaaa len 5 6 ntok5 1 ntok6 1
PAIR bbaaa babaaa len 5 6 ntok5 1 ntok6 1
PAIR bbaaa bbabaa len 5 6 ntok5 1 ntok6 1
PAIR bbaaa bbaaba len 5 6 ntok5 1 ntok6 1
PAIR bbaaa abbaba len 5 6 ntok5 1 ntok6 1
PAIR bbaaa baabba len 5 6 ntok5 1 ntok6 1
PAIR bbaaa abaaab len 5 6 ntok5 1 ntok6 1
PAIR bbaaa babaab len 5 6 ntok5 1 ntok6 1
PAIR bbaaa bbbaab len 5 6 ntok5 1 ntok6 1
PAIR bbaaa baabab len 5 6 ntok5 1 ntok6 1
PAIR bbaaa abaabb len 5 6 ntok5 1 ntok6 1
PAIR bbaaa bbaabb len 5 6 ntok5 1 ntok6 1
PAIR bbaaa baabbb len 5 6 ntok5 1 ntok6 1
PAIR babaa bbaa len 5 4 ntok5 1 ntok6 1
PAIR babaa bbaaa len 5 5 ntok5 1 ntok6 1
PAIR babaa bbbaa len 5 5 ntok5 1 ntok6 1
PAIR babaa babba len 5 5 ntok5 1 ntok6 1
PAIR babaa bbaab len 5 5 ntok5 1 ntok6 1
PAIR babaa bbaaaa len 5 6 ntok5 1 ntok6 1
PAIR babaa bbbaaa len 5 6 ntok5 1 ntok6 1
PAIR babaa babbaa len 5 6 ntok5 1 ntok6 1
PAIR babaa bbbbaa len 5 6 ntok5 1 ntok6 1
PAIR babaa bbaaba len 5 6 ntok5 1 ntok6 1
PAIR babaa bbaaab len 5 6 ntok5 1 ntok6 1
PAIR babaa bbbaab len 5 6 ntok5 1 ntok6 1
PAIR babaa bbaabb len 5 6 ntok5 1 ntok6 1
PAIR abbaa baaaa len 5 5 ntok5 1 ntok6 1
PAIR abbaa abaaa len 5 5 ntok5 1 ntok6 1
PAIR abbaa baaaaa len 5 6 ntok5 1 ntok6 1
PAIR abbaa abaaaa len 5 6 ntok5 1 ntok6 1
PAIR abbaa babaaa len 5 6 ntok5 1 ntok6 1
PAIR abbaa bbbaaa len 5 6 ntok5 1 ntok6 1
PAIR abbaa baaaba len 5 6 ntok5 1 ntok6 1
PAIR abbaa abbaba len 5 6 ntok5 1 ntok6 1
PAIR bbbaa babaa len 5 5 ntok5 1 ntok6 1
PAIR bbbaa babba len 5 5 ntok5 1 ntok6 1
PAIR bbbaa babaaa len 5 6 ntok5 1 ntok6 1
PAIR bbbaa bbabaa len 5 6 ntok5 1 ntok6 1
PAIR bbbaa babbaa len 5 6 ntok5 1 ntok6 1
PAIR bbbaa babaab len 5 6 ntok5 1 ntok6 1
PAIR aaaba baab len 5 4 ntok5 1 ntok6 1
PAIR aaaba aabb len 5 4 ntok5 1 ntok6 1
PAIR aaaba baaba len 5 5 ntok5 1 ntok6 1
PAIR aaaba aabba len 5 5 ntok5 1 ntok6 1
PAIR aaaba bbaab len 5 5 ntok5 1 ntok6 1
PAIR aaaba aaabb len 5 5 ntok5 1 ntok6 1
PAIR aaaba baabb len 5 5 ntok5 1 ntok6 1
PAIR aaaba aabbb len 5 5 ntok5 1 ntok6 1
PAIR aaaba bbaaba len 5 6 ntok5 1 ntok6 1
PAIR aaaba abbaba len 5 6 ntok5 1 ntok6 1
PAIR aaaba aaabba len 5 6 ntok5 1 ntok6 1
PAIR aaaba baabba len 5 6 ntok5 1 ntok6 1
PAIR aaaba aabbba len 5 6 ntok5 1 ntok6 1
PAIR aaaba babaab len 5 6 ntok5 1 ntok6 1
PAIR aaaba bbbaab len 5 6 ntok5 1 ntok6 1
PAIR aaaba baabab len 5 6 ntok5 1 ntok6 1
PAIR aaaba aabbab len 5 6 ntok5 1 ntok6 1
PAIR aaaba aaaabb len 5 6 ntok5 1 ntok6 1
PAIR aaaba baaabb len 5 6 ntok5 1 ntok6 1
PAIR aaaba abaabb len 5 6 ntok5 1 ntok6 1
PAIR aaaba bbaabb len 5 6 ntok5 1 ntok6 1
PAIR aaaba aaabbb len 5 6 ntok5 1 ntok6 1
PAIR aaaba baabbb len 5 6 ntok5 1 ntok6 1
PAIR aaaba aabbbb len 5 6 ntok5 1 ntok6 1
PAIR baaba baaa len 5 4 ntok5 1 ntok6 1
PAIR baaba aaab len 5 4 ntok5 1 ntok6 1
PAIR baaba aabb len 5 4 ntok5 1 ntok6 1
PAIR baaba baaaa len 5 5 ntok5 1 ntok6 1
PAIR baaba bbaaa len 5 5 ntok5 1 ntok6 1
PAIR baaba aaaba len 5 5 ntok5 1 ntok6 1
PAIR baaba aabba len 5 5 ntok5 1 ntok6 1
PAIR baaba babba len 5 5 ntok5 1 ntok6 1
PAIR baaba aaaab len 5 5 ntok5 1 ntok6 1
PAIR baaba baaab len 5 5 ntok5 1 ntok6 1
PAIR baaba aaabb len 5 5 ntok5 1 ntok6 1
PAIR baaba baabb len 5 5 ntok5 1 ntok6 1
PAIR baaba aabbb len 5 5 ntok5 1 ntok6 1
PAIR baaba baaaaa len 5 6 ntok5 1 ntok6 1
PAIR baaba bbaaaa len 5 6 ntok5 1 ntok6 1
PAIR baaba babaaa len 5 6 ntok5 1 ntok6 1
PAIR baaba abbaaa len 5 6 ntok5 1 ntok6 1
PAIR baaba bbbaaa len 5 6 ntok5 1 ntok6 1
PAIR baaba aaaaba len 5 6 ntok5 1 ntok6 1
PAIR baaba baaaba len 5 6 ntok5 1 ntok6 1
PAIR baaba abbaba len 5 6 ntok5 1 ntok6 1
PAIR baaba aaabba len 5 6 ntok5 1 ntok6 1
PAIR baaba baabba len 5 6 ntok5 1 ntok6 1
PAIR baaba aabbba len 5 6 ntok5 1 ntok6 1
PAIR baaba aaaaab len 5 6 ntok5 1 ntok6 1
PAIR baaba baaaab len 5 6 ntok5 1 ntok6 1
PAIR baaba bbaaab len 5 6 ntok5 1 ntok6 1
PAIR baaba aaabab len 5 6 ntok5 1 ntok6 1
PAIR baaba aabbab len 5 6 ntok5 1 ntok6 1
PAIR baaba aaaabb len 5 6 ntok5 1 ntok6 1
PAIR baaba baaabb len 5 6 ntok5 1 ntok6 1
PAIR baaba bbaabb len 5 6 ntok5 1 ntok6 1
PAIR baaba aaabbb len 5 6 ntok5 1 ntok6 1
PAIR baaba baabbb len 5 6 ntok5 1 ntok6 1
PAIR baaba aabbbb len 5 6 ntok5 1 ntok6 1
PAIR aabba aaba len 5 4 ntok5 1 ntok6 1
PAIR aabba aaaba len 5 5 ntok5 1 ntok6 1
PAIR aabba baaba len 5 5 ntok5 1 ntok6 1
PAIR aabba aabab len 5 5 ntok5 1 ntok6 1
PAIR aabba aabbb len 5 5 ntok5 1 ntok6 1
PAIR aabba aaaaba len 5 6 ntok5 1 ntok6 1
PAIR aabba baaaba len 5 6 ntok5 1 ntok6 1
PAIR aabba bbaaba len 5 6 ntok5 1 ntok6 1
PAIR aabba aababa len 5 6 ntok5 1 ntok6 1
PAIR aabba aabbba len 5 6 ntok5 1 ntok6 1
PAIR aabba aaabab len 5 6 ntok5 1 ntok6 1
PAIR aabba baabab len 5 6 ntok5 1 ntok6 1
PAIR aabba aababb len 5 6 ntok5 1 ntok6 1
PAIR aabba aaabbb len 5 6 ntok5 1 ntok6 1
PAIR aabba baabbb len 5 6 ntok5 1 ntok6 1
PAIR aabba aabbbb len 5 6 ntok5 1 ntok6 1
PAIR babba baa len 5 3 ntok5 1 ntok6 1
PAIR babba baaa len 5 4 ntok5 1 ntok6 1
PAIR babba baab len 5 4 ntok5 1 ntok6 1
PAIR babba baaaa len 5 5 ntok5 1 ntok6 1
PAIR babba babaa len 5 5 ntok5 1 ntok6 1
PAIR babba bbbaa len 5 5 ntok5 1 ntok6 1
PAIR babba baaba len 5 5 ntok5 1 ntok6 1
PAIR babba baaab len 5 5 ntok5 1 ntok6 1
PAIR babba baabb len 5 5 ntok5 1 ntok6 1
PAIR babba baaaaa len 5 6 ntok5 1 ntok6 1
PAIR babba babaaa len 5 6 ntok5 1 ntok6 1
PAIR babba bbbaaa len 5 6 ntok5 1 ntok6 1
PAIR babba bbbbaa len 5 6 ntok5 1 ntok6 1
PAIR babba baaaba len 5 6 ntok5 1 ntok6 1
PAIR babba baabba len 5 6 ntok5 1 ntok6 1
PAIR babba baaaab len 5 6 ntok5 1 ntok6 1
PAIR babba babaab len 5 6 ntok5 1 ntok6 1
PAIR babba bbbaab len 5 6 ntok5 1 ntok6 1
PAIR babba baaabb len 5 6 ntok5 1 ntok6 1
PAIR babba baabbb len 5 6 ntok5 1 ntok6 1
PAIR aaaab baab len 5 4 ntok5 1 ntok6 1
PAIR aaaab baaba len 5 5 ntok5 1 ntok6 1
PAIR aaaab baaab len 5 5 ntok5 1 ntok6 1
PAIR aaaab bbaab len 5 5 ntok5 1 ntok6 1
PAIR aaaab aabab len 5 5 ntok5 1 ntok6 1
PAIR aaaab baabb len 5 5 ntok5 1 ntok6 1
PAIR aaaab baaaba len 5 6 ntok5 1 ntok6 1
PAIR aaaab bbaaba len 5 6 ntok5 1 ntok6 1
PAIR aaaab aababa len 5 6 ntok5 1 ntok6 1
PAIR aaaab baabba len 5 6 ntok5 1 ntok6 1
PAIR aaaab abaaab len 5 6 ntok5 1 ntok6 1
PAIR aaaab bbaaab len 5 6 ntok5 1 ntok6 1
PAIR aaaab babaab len 5 6 ntok5 1 ntok6 1
PAIR aaaab bbbaab len 5 6 ntok5 1 ntok6 1
PAIR aaaab baabab len 5 6 ntok5 1 ntok6 1
PAIR aaaab baaabb len 5 6 ntok5 1 ntok6 1
PAIR aaaab abaabb len 5 6 ntok5 1 ntok6 1
PAIR aaaab bbaabb len 5 6 ntok5 1 ntok6 1
PAIR aaaab aababb len 5 6 ntok5 1 ntok6 1
PAIR aaaab baabbb len 5 6 ntok5 1 ntok6 1
PAIR baaab baab len 5 4 ntok5 1 ntok6 1
PAIR baaab baaaa len 5 5 ntok5 1 ntok6 1
PAIR baaab baaba len 5 5 ntok5 1 ntok6 1
PAIR baaab babba len 5 5 ntok5 1 ntok6 1
PAIR baaab aaaab len 5 5 ntok5 1 ntok6 1
PAIR baaab bbaab len 5 5 ntok5 1 ntok6 1
PAIR baaab baabb len 5 5 ntok5 1 ntok6 1
PAIR baaab baaaaa len 5 6 ntok5 1 ntok6 1
PAIR baaab abaaaa len 5 6 ntok5 1 ntok6 1
PAIR baaab bbaaaa len 5 6 ntok5 1 ntok6 1
PAIR baaab babbaa len 5 6 ntok5 1 ntok6 1
PAIR baaab aaaaba len 5 6 ntok5 1 ntok6 1
PAIR baaab bbaaba len 5 6 ntok5 1 ntok6 1
PAIR baaab baabba len 5 6 ntok5 1 ntok6 1
PAIR baaab aaaaab len 5 6 ntok5 1 ntok6 1
PAIR baaab baaaab len 5 6 ntok5 1 ntok6 1
PAIR baaab babaab len 5 6 ntok5 1 ntok6 1
PAIR baaab bbbaab len 5 6 ntok5 1 ntok6 1
PAIR baaab baabab len 5 6 ntok5 1 ntok6 1
PAIR baaab aaaabb len 5 6 ntok5 1 ntok6 1
PAIR baaab abaabb len 5 6 ntok5 1 ntok6 1
PAIR baaab bbaabb len 5 6 ntok5 1 ntok6 1
PAIR baaab baabbb len 5 6 ntok5 1 ntok6 1
PAIR bbaab baaa len 5 4 ntok5 1 ntok6 1
PAIR bbaab aaab len 5 4 ntok5 1 ntok6 1
PAIR bbaab baaaa len 5 5 ntok5 1 ntok6 1
PAIR bbaab bbaaa len 5 5 ntok5 1 ntok6 1
PAIR bbaab babaa len 5 5 ntok5 1 ntok6 1
PAIR bbaab aaaba len 5 5 ntok5 1 ntok6 1
PAIR bbaab aaaab len 5 5 ntok5 1 ntok6 1
PAIR bbaab baaab len 5 5 ntok5 1 ntok6 1
PAIR bbaab aaabb len 5 5 ntok5 1 ntok6 1
PAIR bbaab baaaaa len 5 6 ntok5 1 ntok6 1
PAIR bbaab bbaaaa len 5 6 ntok5 1 ntok6 1
PAIR bbaab babaaa len 5 6 ntok5 1 ntok6 1
PAIR bbaab bbbaaa len 5 6 ntok5 1 ntok6 1
PAIR bbaab aaabaa len 5 6 ntok5 1 ntok6 1
PAIR bbaab bbabaa len 5 6 ntok5 1 ntok6 1
PAIR bbaab aaaaba len 5 6 ntok5 1 ntok6 1
PAIR bbaab baaaba len 5 6 ntok5 1 ntok6 1
PAIR bbaab aaabba len 5 6 ntok5 1 ntok6 1
PAIR bbaab aaaaab len 5 6 ntok5 1 ntok6 1
PAIR bbaab baaaab len 5 6 ntok5 1 ntok6 1
PAIR bbaab bbaaab len 5 6 ntok5 1 ntok6 1
PAIR bbaab babaab len 5 6 ntok5 1 ntok6 1
PAIR bbaab aaabab len 5 6 ntok5 1 ntok6 1
PAIR bbaab aaaabb len 5 6 ntok5 1 ntok6 1
PAIR bbaab baaabb len 5 6 ntok5 1 ntok6 1
PAIR bbaab aaabbb len 5 6 ntok5 1 ntok6 1
PAIR aabab aabb len 5 4 ntok5 1 ntok6 1
PAIR aabab aabba len 5 5 ntok5 1 ntok6 1
PAIR aabab aaaab len 5 5 ntok5 1 ntok6 1
PAIR aabab aaabb len 5 5 ntok5 1 ntok6 1
PAIR aabab baabb len 5 5 ntok5 1 ntok6 1
PAIR aabab aabbb len 5 5 ntok5 1 ntok6 1
PAIR aabab aaabba len 5 6 ntok5 1 ntok6 1
PAIR aabab baabba len 5 6 ntok5 1 ntok6 1
PAIR aabab aabbba len 5 6 ntok5 1 ntok6 1
PAIR aabab aaaaab len 5 6 ntok5 1 ntok6 1
PAIR aabab baaaab len 5 6 ntok5 1 ntok6 1
PAIR aabab aabbab len 5 6 ntok5 1 ntok6 1
PAIR aabab aaaabb len 5 6 ntok5 1 ntok6 1
PAIR aabab baaabb len 5 6 ntok5 1 ntok6 1
PAIR aabab abaabb len 5 6 ntok5 1 ntok6 1
PAIR aabab bbaabb len 5 6 ntok5 1 ntok6 1
PAIR aabab aaabbb len 5 6 ntok5 1 ntok6 1
PAIR aabab baabbb len 5 6 ntok5 1 ntok6 1
PAIR aabab aabbbb len 5 6 ntok5 1 ntok6 1
PAIR aaabb aaba len 5 4 ntok5 1 ntok6 1
PAIR aaabb baab len 5 4 ntok5 1 ntok6 1
PAIR aaabb aaaba len 5 5 ntok5 1 ntok6 1
PAIR aaabb baaba len 5 5 ntok5 1 ntok6 1
PAIR aaabb bbaab len 5 5 ntok5 1 ntok6 1
PAIR aaabb aabab len 5 5 ntok5 1 ntok6 1
PAIR aaabb baabb len 5 5 ntok5 1 ntok6 1
PAIR aaabb aaabaa len 5 6 ntok5 1 ntok6 1
PAIR aaabb aaaaba len 5 6 ntok5 1 ntok6 1
PAIR aaabb baaaba len 5 6 ntok5 1 ntok6 1
PAIR aaabb bbaaba len 5 6 ntok5 1 ntok6 1
PAIR aaabb aababa len 5 6 ntok5 1 ntok6 1
PAIR aaabb abbaba len 5 6 ntok5 1 ntok6 1
PAIR aaabb baabba len 5 6 ntok5 1 ntok6 1
PAIR aaabb babaab len 5 6 ntok5 1 ntok6 1
PAIR aaabb bbbaab len 5 6 ntok5 1 ntok6 1
PAIR aaabb aaabab len 5 6 ntok5 1 ntok6 1
PAIR aaabb baabab len 5 6 ntok5 1 ntok6 1
PAIR aaabb abaabb len 5 6 ntok5 1 ntok6 1
PAIR aaabb bbaabb len 5 6 ntok5 1 ntok6 1
PAIR aaabb aababb len 5 6 ntok5 1 ntok6 1
PAIR aaabb baabbb len 5 6 ntok5 1 ntok6 1
PAIR baabb baaa len 5 4 ntok5 1 ntok6 1
PAIR baabb aaba len 5 4 ntok5 1 ntok6 1
PAIR baabb aaab len 5 4 ntok5 1 ntok6 1
PAIR baabb baaaa len 5 5 ntok5 1 ntok6 1
PAIR baabb abaaa len 5 5 ntok5 1 ntok6 1
PAIR baabb bbaaa len 5 5 ntok5 1 ntok6 1
PAIR baabb aaaba len 5 5 ntok5 1 ntok6 1
PAIR baabb baaba len 5 5 ntok5 1 ntok6 1
PAIR baabb babba len 5 5 ntok5 1 ntok6 1
PAIR baabb aaaab len 5 5 ntok5 1 ntok6 1
PAIR baabb baaab len 5 5 ntok5 1 ntok6 1
PAIR baabb aabab len 5 5 ntok5 1 ntok6 1
PAIR baabb aaabb len 5 5 ntok5 1 ntok6 1
PAIR baabb baaaaa len 5 6 ntok5 1 ntok6 1
PAIR baabb abaaaa len 5 6 ntok5 1 ntok6 1
PAIR baabb bbaaaa len 5 6 ntok5 1 ntok6 1
PAIR baabb babaaa len 5 6 ntok5 1 ntok6 1
PAIR baabb bbbaaa len 5 6 ntok5 1 ntok6 1
PAIR baabb aaaaba len 5 6 ntok5 1 ntok6 1
PAIR baabb baaaba len 5 6 ntok5 1 ntok6 1
PAIR baabb bbaaba len 5 6 ntok5 1 ntok6 1
PAIR baabb aababa len 5 6 ntok5 1 ntok6 1
PAIR baabb aaabba len 5 6 ntok5 1 ntok6 1
PAIR baabb aaaaab len 5 6 ntok5 1 ntok6 1
PAIR baabb baaaab len 5 6 ntok5 1 ntok6 1
PAIR baabb abaaab len 5 6 ntok5 1 ntok6 1
PAIR baabb bbaaab len 5 6 ntok5 1 ntok6 1
PAIR baabb aaabab len 5 6 ntok5 1 ntok6 1
PAIR baabb baabab len 5 6 ntok5 1 ntok6 1
PAIR baabb aaaabb len 5 6 ntok5 1 ntok6 1
PAIR baabb baaabb len 5 6 ntok5 1 ntok6 1
PAIR baabb aababb len 5 6 ntok5 1 ntok6 1
PAIR baabb aaabbb len 5 6 ntok5 1 ntok6 1
PAIR aabbb aaba len 5 4 ntok5 1 ntok6 1
PAIR aabbb aaaba len 5 5 ntok5 1 ntok6 1
PAIR aabbb baaba len 5 5 ntok5 1 ntok6 1
PAIR aabbb aabba len 5 5 ntok5 1 ntok6 1
PAIR aabbb aabab len 5 5 ntok5 1 ntok6 1
PAIR aabbb aaaaba len 5 6 ntok5 1 ntok6 1
PAIR aabbb baaaba len 5 6 ntok5 1 ntok6 1
PAIR aabbb bbaaba len 5 6 ntok5 1 ntok6 1
PAIR aabbb aababa len 5 6 ntok5 1 ntok6 1
PAIR aabbb abbaba len 5 6 ntok5 1 ntok6 1
PAIR aabbb aaabba len 5 6 ntok5 1 ntok6 1
PAIR aabbb baabba len 5 6 ntok5 1 ntok6 1
PAIR aabbb aaabab len 5 6 ntok5 1 ntok6 1
PAIR aabbb baabab len 5 6 ntok5 1 ntok6 1
PAIR aabbb aabbab len 5 6 ntok5 1 ntok6 1
PAIR aabbb aababb len 5 6 ntok5 1 ntok6 1
PAIR baaaaa baab len 6 4 ntok5 1 ntok6 1
PAIR baaaaa abbaa len 6 5 ntok5 1 ntok6 1
PAIR baaaaa baaba len 6 5 ntok5 1 ntok6 1
PAIR baaaaa babba len 6 5 ntok5 1 ntok6 1
PAIR baaaaa baaab len 6 5 ntok5 1 ntok6 1
PAIR baaaaa bbaab len 6 5 ntok5 1 ntok6 1
PAIR baaaaa baabb len 6 5 ntok5 1 ntok6 1
PAIR baaaaa abbaaa len 6 6 ntok5 1 ntok6 1
PAIR baaaaa babbaa len 6 6 ntok5 1 ntok6 1
PAIR baaaaa baaaba len 6 6 ntok5 1 ntok6 1
PAIR baaaaa bbaaba len 6 6 ntok5 1 ntok6 1
PAIR baaaaa abbaba len 6 6 ntok5 1 ntok6 1
PAIR baaaaa baabba len 6 6 ntok5 1 ntok6 1
PAIR baaaaa baaaab len 6 6 ntok5 1 ntok6 1
PAIR baaaaa abaaab len 6 6 ntok5 1 ntok6 1
PAIR baaaaa bbaaab len 6 6 ntok5 1 ntok6 1
PAIR baaaaa babaab len 6 6 ntok5 1 ntok6 1
PAIR baaaaa bbbaab len 6 6 ntok5 1 ntok6 1
PAIR baaaaa baabab len 6 6 ntok5 1 ntok6 1
PAIR baaaaa aabbab len 6 6 ntok5 1 ntok6 1
PAIR baaaaa baaabb len 6 6 ntok5 1 ntok6 1
PAIR baaaaa abaabb len 6 6 ntok5 1 ntok6 1
PAIR baaaaa bbaabb len 6 6 ntok5 1 ntok6 1
PAIR baaaaa baabbb len 6 6 ntok5 1 ntok6 1
PAIR abaaaa bbaaa len 6 5 ntok5 1 ntok6 1
PAIR abaaaa abbaa len 6 5 ntok5 1 ntok6 1
PAIR abaaaa baaab len 6 5 ntok5 1 ntok6 1
PAIR abaaaa baabb len 6 5 ntok5 1 ntok6 1
PAIR abaaaa bbaaaa len 6 6 ntok5 1 ntok6 1
PAIR abaaaa abbaaa len 6 6 ntok5 1 ntok6 1
PAIR abaaaa bbbaaa len 6 6 ntok5 1 ntok6 1
PAIR abaaaa babbaa len 6 6 ntok5 1 ntok6 1
PAIR abaaaa baaaba len 6 6 ntok5 1 ntok6 1
PAIR abaaaa baabba len 6 6 ntok5 1 ntok6 1
PAIR abaaaa abaaab len 6 6 ntok5 1 ntok6 1
PAIR abaaaa bbaaab len 6 6 ntok5 1 ntok6 1
PAIR abaaaa baabab len 6 6 ntok5 1 ntok6 1
PAIR abaaaa baaabb len 6 6 ntok5 1 ntok6 1
PAIR abaaaa abaabb len 6 6 ntok5 1 ntok6 1
PAIR abaaaa bbaabb len 6 6 ntok5 1 ntok6 1
PAIR abaaaa baabbb len 6 6 ntok5 1 ntok6 1
PAIR bbaaaa baab len 6 4 ntok5 1 ntok6 1
PAIR bbaaaa abaaa len 6 5 ntok5 1 ntok6 1
PAIR bbaaaa babaa len 6 5 ntok5 1 ntok6 1
PAIR bbaaaa baaba len 6 5 ntok5 1 ntok6 1
PAIR bbaaaa baaab len 6 5 ntok5 1 ntok6 1
PAIR bbaaaa bbaab len 6 5 ntok5 1 ntok6 1
PAIR bbaaaa baabb len 6 5 ntok5 1 ntok6 1
PAIR bbaaaa abaaaa len 6 6 ntok5 1 ntok6 1
PAIR bbaaaa babaaa len 6 6 ntok5 1 ntok6 1
PAIR bbaaaa bbabaa len 6 6 ntok5 1 ntok6 1
PAIR bbaaaa baaaba len 6 6 ntok5 1 ntok6 1
PAIR bbaaaa bbaaba len 6 6 ntok5 1 ntok6 1
PAIR bbaaaa abbaba len 6 6 ntok5 1 ntok6 1
PAIR bbaaaa baabba len 6 6 ntok5 1 ntok6 1
PAIR bbaaaa abaaab len 6 6 ntok5 1 ntok6 1
PAIR bbaaaa bbaaab len 6 6 ntok5 1 ntok6 1
PAIR bbaaaa babaab len 6 6 ntok5 1 ntok6 1
PAIR bbaaaa bbbaab len 6 6 ntok5 1 ntok6 1
PAIR bbaaaa baabab len 6 6 ntok5 1 ntok6 1
PAIR bbaaaa aabbab len 6 6 ntok5 1 ntok6 1
PAIR bbaaaa baaabb len 6 6 ntok5 1 ntok6 1
PAIR bbaaaa abaabb len 6 6 ntok5 1 ntok6 1
PAIR bbaaaa bbaabb len 6 6 ntok5 1 ntok6 1
PAIR bbaaaa baabbb len 6 6 ntok5 1 ntok6 1
PAIR babaaa bbaa len 6 4 ntok5 1 ntok6 1
PAIR babaaa baab len 6 4 ntok5 1 ntok6 1
PAIR babaaa bbaaa len 6 5 ntok5 1 ntok6 1
PAIR babaaa abbaa len 6 5 ntok5 1 ntok6 1
PAIR babaaa bbbaa len 6 5 ntok5 1 ntok6 1
PAIR babaaa baaba len 6 5 ntok5 1 ntok6 1
PAIR babaaa babba len 6 5 ntok5 1 ntok6 1
PAIR babaaa bbaab len 6 5 ntok5 1 ntok6 1
PAIR babaaa baabb len 6 5 ntok5 1 ntok6 1
PAIR babaaa bbaaaa len 6 6 ntok5 1 ntok6 1
PAIR babaaa abbaaa len 6 6 ntok5 1 ntok6 1
PAIR babaaa bbbaaa len 6 6 ntok5 1 ntok6 1
PAIR babaaa babbaa len 6 6 ntok5 1 ntok6 1
PAIR babaaa bbbbaa len 6 6 ntok5 1 ntok6 1
PAIR babaaa bbaaba len 6 6 ntok5 1 ntok6 1
PAIR babaaa abbaba len 6 6 ntok5 1 ntok6 1
PAIR babaaa baabba len 6 6 ntok5 1 ntok6 1
PAIR babaaa bbaaab len 6 6 ntok5 1 ntok6 1
PAIR babaaa babaab len 6 6 ntok5 1 ntok6 1
PAIR babaaa bbbaab len 6 6 ntok5 1 ntok6 1
PAIR babaaa baabab len 6 6 ntok5 1 ntok6 1
PAIR babaaa abaabb len 6 6 ntok5 1 ntok6 1
PAIR babaaa bbaabb len 6 6 ntok5 1 ntok6 1
PAIR babaaa baabbb len 6 6 ntok5 1 ntok6 1
PAIR abbaaa abaaa len 6 5 ntok5 1 ntok6 1
PAIR abbaaa baaba len 6 5 ntok5 1 ntok6 1
PAIR abbaaa baaaaa len 6 6 ntok5 1 ntok6 1
PAIR abbaaa abaaaa len 6 6 ntok5 1 ntok6 1
PAIR abbaaa babaaa len 6 6 ntok5 1 ntok6 1
PAIR abbaaa bbbaaa len 6 6 ntok5 1 ntok6 1
PAIR abbaaa bbaaba len 6 6 ntok5 1 ntok6 1
PAIR abbaaa abbaba len 6 6 ntok5 1 ntok6 1
PAIR abbaaa abaaab len 6 6 ntok5 1 ntok6 1
PAIR abbaaa baabab len 6 6 ntok5 1 ntok6 1
PAIR abbaaa baabbb len 6 6 ntok5 1 ntok6 1
PAIR bbbaaa baab len 6 4 ntok5 1 ntok6 1
PAIR bbbaaa abaaa len 6 5 ntok5 1 ntok6 1
PAIR bbbaaa babaa len 6 5 ntok5 1 ntok6 1
PAIR bbbaaa abbaa len 6 5 ntok5 1 ntok6 1
PAIR bbbaaa baaba len 6 5 ntok5 1 ntok6 1
PAIR bbbaaa babba len 6 5 ntok5 1 ntok6 1
PAIR bbbaaa bbaab len 6 5 ntok5 1 ntok6 1
PAIR bbbaaa baabb len 6 5 ntok5 1 ntok6 1
PAIR bbbaaa abaaaa len 6 6 ntok5 1 ntok6 1
PAIR bbbaaa babaaa len 6 6 ntok5 1 ntok6 1
PAIR bbbaaa abbaaa len 6 6 ntok5 1 ntok6 1
PAIR bbbaaa bbabaa len 6 6 ntok5 1 ntok6 1
PAIR bbbaaa babbaa len 6 6 ntok5 1 ntok6 1
PAIR bbbaaa bbaaba len 6 6 ntok5 1 ntok6 1
PAIR bbbaaa abbaba len 6 6 ntok5 1 ntok6 1
PAIR bbbaaa baabba len 6 6 ntok5 1 ntok6 1
PAIR bbbaaa abaaab len 6 6 ntok5 1 ntok6 1
PAIR bbbaaa babaab len 6 6 ntok5 1 ntok6 1
PAIR bbbaaa bbbaab len 6 6 ntok5 1 ntok6 1
PAIR bbbaaa baabab len 6 6 ntok5 1 ntok6 1
PAIR bbbaaa abaabb len 6 6 ntok5 1 ntok6 1
PAIR bbbaaa bbaabb len 6 6 ntok5 1 ntok6 1
PAIR bbbaaa baabbb len 6 6 ntok5 1 ntok6 1
PAIR aaabaa bbaab len 6 5 ntok5 1 ntok6 1
PAIR aaabaa aaabb len 6 5 ntok5 1 ntok6 1
PAIR aaabaa bbaaba len 6 6 ntok5 1 ntok6 1
PAIR aaabaa abbaba len 6 6 ntok5 1 ntok6 1
PAIR aaabaa aaabba len 6 6 ntok5 1 ntok6 1
PAIR aaabaa babaab len 6 6 ntok5 1 ntok6 1
PAIR aaabaa bbbaab len 6 6 ntok5 1 ntok6 1
PAIR aaabaa aaabab len 6 6 ntok5 1 ntok6 1
PAIR aaabaa aabbab len 6 6 ntok5 1 ntok6 1
PAIR aaabaa aaaabb len 6 6 ntok5 1 ntok6 1
PAIR aaabaa baaabb len 6 6 ntok5 1 ntok6 1
PAIR aaabaa bbaabb len 6 6 ntok5 1 ntok6 1
PAIR aaabaa aaabbb len 6 6 ntok5 1 ntok6 1
PAIR bbabaa bbaa len 6 4 ntok5 1 ntok6 1
PAIR bbabaa bbaaa len 6 5 ntok5 1 ntok6 1
PAIR bbabaa bbbaa len 6 5 ntok5 1 ntok6 1
PAIR bbabaa bbaab len 6 5 ntok5 1 ntok6 1
PAIR bbabaa bbaaaa len 6 6 ntok5 1 ntok6 1
PAIR bbabaa bbbaaa len 6 6 ntok5 1 ntok6 1
PAIR bbabaa babbaa len 6 6 ntok5 1 ntok6 1
PAIR bbabaa bbbbaa len 6 6 ntok5 1 ntok6 1
PAIR bbabaa bbaaba len 6 6 ntok5 1 ntok6 1
PAIR bbabaa bbaaab len 6 6 ntok5 1 ntok6 1
PAIR bbabaa bbbaab len 6 6 ntok5 1 ntok6 1
PAIR bbabaa bbaabb len 6 6 ntok5 1 ntok6 1
PAIR babbaa baaa len 6 4 ntok5 1 ntok6 1
PAIR babbaa baaaa len 6 5 ntok5 1 ntok6 1
PAIR babbaa abaaa len 6 5 ntok5 1 ntok6 1
PAIR babbaa babaa len 6 5 ntok5 1 ntok6 1
PAIR babbaa bbbaa len 6 5 ntok5 1 ntok6 1
PAIR babbaa baaab len 6 5 ntok5 1 ntok6 1
PAIR babbaa baaaaa len 6 6 ntok5 1 ntok6 1
PAIR babbaa abaaaa len 6 6 ntok5 1 ntok6 1
PAIR babbaa babaaa len 6 6 ntok5 1 ntok6 1
PAIR babbaa bbbaaa len 6 6 ntok5 1 ntok6 1
PAIR babbaa bbabaa len 6 6 ntok5 1 ntok6 1
PAIR babbaa bbbbaa len 6 6 ntok5 1 ntok6 1
PAIR babbaa baaaba len 6 6 ntok5 1 ntok6 1
PAIR babbaa abbaba len 6 6 ntok5 1 ntok6 1
PAIR babbaa baabba len 6 6 ntok5 1 ntok6 1
PAIR babbaa baaaab len 6 6 ntok5 1 ntok6 1
PAIR babbaa abaaab len 6 6 ntok5 1 ntok6 1
PAIR babbaa babaab len 6 6 ntok5 1 ntok6 1
PAIR babbaa bbbaab len 6 6 ntok5 1 ntok6 1
PAIR babbaa baaabb len 6 6 ntok5 1 ntok6 1
PAIR babbaa abaabb len 6 6 ntok5 1 ntok6 1
PAIR bbbbaa babaa len 6 5 ntok5 1 ntok6 1
PAIR bbbbaa babba len 6 5 ntok5 1 ntok6 1
PAIR bbbbaa babaaa len 6 6 ntok5 1 ntok6 1
PAIR bbbbaa bbabaa len 6 6 ntok5 1 ntok6 1
PAIR bbbbaa babbaa len 6 6 ntok5 1 ntok6 1
PAIR bbbbaa babaab len 6 6 ntok5 1 ntok6 1
PAIR aaaaba baab len 6 4 ntok5 1 ntok6 1
PAIR aaaaba aabb len 6 4 ntok5 1 ntok6 1
PAIR aaaaba baaba len 6 5 ntok5 1 ntok6 1
PAIR aaaaba aabba len 6 5 ntok5 1 ntok6 1
PAIR aaaaba baaab len 6 5 ntok5 1 ntok6 1
PAIR aaaaba bbaab len 6 5 ntok5 1 ntok6 1
PAIR aaaaba aaabb len 6 5 ntok5 1 ntok6 1
PAIR aaaaba baabb len 6 5 ntok5 1 ntok6 1
PAIR aaaaba aabbb len 6 5 ntok5 1 ntok6 1
PAIR aaaaba baaaba len 6 6 ntok5 1 ntok6 1
PAIR aaaaba bbaaba len 6 6 ntok5 1 ntok6 1
PAIR aaaaba abbaba len 6 6 ntok5 1 ntok6 1
PAIR aaaaba aaabba len 6 6 ntok5 1 ntok6 1
PAIR aaaaba baabba len 6 6 ntok5 1 ntok6 1
PAIR aaaaba aabbba len 6 6 ntok5 1 ntok6 1
PAIR aaaaba abaaab len 6 6 ntok5 1 ntok6 1
PAIR aaaaba bbaaab len 6 6 ntok5 1 ntok6 1
PAIR aaaaba babaab len 6 6 ntok5 1 ntok6 1
PAIR aaaaba bbbaab len 6 6 ntok5 1 ntok6 1
PAIR aaaaba baabab len 6 6 ntok5 1 ntok6 1
PAIR aaaaba aabbab len 6 6 ntok5 1 ntok6 1
PAIR aaaaba aaaabb len 6 6 ntok5 1 ntok6 1
PAIR aaaaba baaabb len 6 6 ntok5 1 ntok6 1
PAIR aaaaba abaabb len 6 6 ntok5 1 ntok6 1
PAIR aaaaba bbaabb len 6 6 ntok5 1 ntok6 1
PAIR aaaaba aaabbb len 6 6 ntok5 1 ntok6 1
PAIR aaaaba baabbb len 6 6 ntok5 1 ntok6 1
PAIR aaaaba aabbbb len 6 6 ntok5 1 ntok6 1
PAIR baaaba baab len 6 4 ntok5 1 ntok6 1
PAIR baaaba aabb len 6 4 ntok5 1 ntok6 1
PAIR baaaba baaaa len 6 5 ntok5 1 ntok6 1
PAIR baaaba abbaa len 6 5 ntok5 1 ntok6 1
PAIR baaaba baaba len 6 5 ntok5 1 ntok6 1
PAIR baaaba aabba len 6 5 ntok5 1 ntok6 1
PAIR baaaba babba len 6 5 ntok5 1 ntok6 1
PAIR baaaba aaaab len 6 5 ntok5 1 ntok6 1
PAIR baaaba bbaab len 6 5 ntok5 1 ntok6 1
PAIR baaaba aaabb len 6 5 ntok5 1 ntok6 1
PAIR baaaba baabb len 6 5 ntok5 1 ntok6 1
PAIR baaaba aabbb len 6 5 ntok5 1 ntok6 1
PAIR baaaba baaaaa len 6 6 ntok5 1 ntok6 1
PAIR baaaba abaaaa len 6 6 ntok5 1 ntok6 1
PAIR baaaba bbaaaa len 6 6 ntok5 1 ntok6 1
PAIR baaaba babbaa len 6 6 ntok5 1 ntok6 1
PAIR baaaba aaaaba len 6 6 ntok5 1 ntok6 1
PAIR baaaba bbaaba len 6 6 ntok5 1 ntok6 1
PAIR baaaba abbaba len 6 6 ntok5 1 ntok6 1
PAIR baaaba aaabba len 6 6 ntok5 1 ntok6 1
PAIR baaaba baabba len 6 6 ntok5 1 ntok6 1
PAIR baaaba aabbba len 6 6 ntok5 1 ntok6 1
PAIR baaaba aaaaab len 6 6 ntok5 1 ntok6 1
PAIR baaaba baaaab len 6 6 ntok5 1 ntok6 1
PAIR baaaba babaab len 6 6 ntok5 1 ntok6 1
PAIR baaaba bbbaab len 6 6 ntok5 1 ntok6 1
PAIR baaaba baabab len 6 6 ntok5 1 ntok6 1
PAIR baaaba aabbab len 6 6 ntok5 1 ntok6 1
PAIR baaaba aaaabb len 6 6 ntok5 1 ntok6 1
PAIR baaaba baaabb len 6 6 ntok5 1 ntok6 1
PAIR baaaba abaabb len 6 6 ntok5 1 ntok6 1
PAIR baaaba bbaabb len 6 6 ntok5 1 ntok6 1
PAIR baaaba aaabbb len 6 6 ntok5 1 ntok6 1
PAIR baaaba baabbb len 6 6 ntok5 1 ntok6 1
PAIR baaaba aabbbb len 6 6 ntok5 1 ntok6 1
PAIR bbaaba baaa len 6 4 ntok5 1 ntok6 1
PAIR bbaaba aaab len 6 4 ntok5 1 ntok6 1
PAIR bbaaba aabb len 6 4 ntok5 1 ntok6 1
PAIR bbaaba baaaa len 6 5 ntok5 1 ntok6 1
PAIR bbaaba bbaaa len 6 5 ntok5 1 ntok6 1
PAIR bbaaba babaa len 6 5 ntok5 1 ntok6 1
PAIR bbaaba aaaba len 6 5 ntok5 1 ntok6 1
PAIR bbaaba aabba len 6 5 ntok5 1 ntok6 1
PAIR bbaaba aaaab len 6 5 ntok5 1 ntok6 1
PAIR bbaaba baaab len 6 5 ntok5 1 ntok6 1
PAIR bbaaba aaabb len 6 5 ntok5 1 ntok6 1
PAIR bbaaba baabb len 6 5 ntok5 1 ntok6 1
PAIR bbaaba aabbb len 6 5 ntok5 1 ntok6 1
PAIR bbaaba baaaaa len 6 6 ntok5 1 ntok6 1
PAIR bbaaba bbaaaa len 6 6 ntok5 1 ntok6 1
PAIR bbaaba babaaa len 6 6 ntok5 1 ntok6 1
PAIR bbaaba abbaaa len 6 6 ntok5 1 ntok6 1
PAIR bbaaba bbbaaa len 6 6 ntok5 1 ntok6 1
PAIR bbaaba aaabaa len 6 6 ntok5 1 ntok6 1
PAIR bbaaba bbabaa len 6 6 ntok5 1 ntok6 1
PAIR bbaaba aaaaba len 6 6 ntok5 1 ntok6 1
PAIR bbaaba baaaba len 6 6 ntok5 1 ntok6 1
PAIR bbaaba abbaba len 6 6 ntok5 1 ntok6 1
PAIR bbaaba aaabba len 6 6 ntok5 1 ntok6 1
PAIR bbaaba baabba len 6 6 ntok5 1 ntok6 1
PAIR bbaaba aabbba len 6 6 ntok5 1 ntok6 1
PAIR bbaaba aaaaab len 6 6 ntok5 1 ntok6 1
PAIR bbaaba baaaab len 6 6 ntok5 1 ntok6 1
PAIR bbaaba bbaaab len 6 6 ntok5 1 ntok6 1
PAIR bbaaba babaab len 6 6 ntok5 1 ntok6 1
PAIR bbaaba aaabab len 6 6 ntok5 1 ntok6 1
PAIR bbaaba aabbab len 6 6 ntok5 1 ntok6 1
PAIR bbaaba aaaabb len 6 6 ntok5 1 ntok6 1
PAIR bbaaba baaabb len 6 6 ntok5 1 ntok6 1
PAIR bbaaba bbaabb len 6 6 ntok5 1 ntok6 1
PAIR bbaaba aaabbb len 6 6 ntok5 1 ntok6 1
PAIR bbaaba baabbb len 6 6 ntok5 1 ntok6 1
PAIR bbaaba aabbbb len 6 6 ntok5 1 ntok6 1
PAIR aababa aabb len 6 4 ntok5 1 ntok6 1
PAIR aababa aabba len 6 5 ntok5 1 ntok6 1
PAIR aababa aaaab len 6 5 ntok5 1 ntok6 1
PAIR aababa aaabb len 6 5 ntok5 1 ntok6 1
PAIR aababa baabb len 6 5 ntok5 1 ntok6 1
PAIR aababa aabbb len 6 5 ntok5 1 ntok6 1
PAIR aababa abbaba len 6 6 ntok5 1 ntok6 1
PAIR aababa aaabba len 6 6 ntok5 1 ntok6 1
PAIR aababa baabba len 6 6 ntok5 1 ntok6 1
PAIR aababa aabbba len 6 6 ntok5 1 ntok6 1
PAIR aababa aaaaab len 6 6 ntok5 1 ntok6 1
PAIR aababa baaaab len 6 6 ntok5 1 ntok6 1
PAIR aababa babaab len 6 6 ntok5 1 ntok6 1
PAIR aababa aabbab len 6 6 ntok5 1 ntok6 1
PAIR aababa aaaabb len 6 6 ntok5 1 ntok6 1
PAIR aababa baaabb len 6 6 ntok5 1 ntok6 1
PAIR aababa abaabb len 6 6 ntok5 1 ntok6 1
PAIR aababa bbaabb len 6 6 ntok5 1 ntok6 1
PAIR aababa aababb len 6 6 ntok5 1 ntok6 1
PAIR aababa aaabbb len 6 6 ntok5 1 ntok6 1
PAIR aababa baabbb len 6 6 ntok5 1 ntok6 1
PAIR aababa aabbbb len 6 6 ntok5 1 ntok6 1
PAIR abbaba baaa len 6 4 ntok5 1 ntok6 1
PAIR abbaba aaba len 6 4 ntok5 1 ntok6 1
PAIR abbaba baaaa len 6 5 ntok5 1 ntok6 1
PAIR abbaba bbaaa len 6 5 ntok5 1 ntok6 1
PAIR abbaba abbaa len 6 5 ntok5 1 ntok6 1
PAIR abbaba aaaba len 6 5 ntok5 1 ntok6 1
PAIR abbaba baaba len 6 5 ntok5 1 ntok6 1
PAIR abbaba aaabb len 6 5 ntok5 1 ntok6 1
PAIR abbaba aabbb len 6 5 ntok5 1 ntok6 1
PAIR abbaba baaaaa len 6 6 ntok5 1 ntok6 1
PAIR abbaba bbaaaa len 6 6 ntok5 1 ntok6 1
PAIR abbaba babaaa len 6 6 ntok5 1 ntok6 1
PAIR abbaba abbaaa len 6 6 ntok5 1 ntok6 1
PAIR abbaba bbbaaa len 6 6 ntok5 1 ntok6 1
PAIR abbaba aaabaa len 6 6 ntok5 1 ntok6 1
PAIR abbaba babbaa len 6 6 ntok5 1 ntok6 1
PAIR abbaba aaaaba len 6 6 ntok5 1 ntok6 1
PAIR abbaba baaaba len 6 6 ntok5 1 ntok6 1
PAIR abbaba bbaaba len 6 6 ntok5 1 ntok6 1
PAIR abbaba aababa len 6 6 ntok5 1 ntok6 1
PAIR abbaba aabbba len 6 6 ntok5 1 ntok6 1
PAIR abbaba aaaabb len 6 6 ntok5 1 ntok6 1
PAIR abbaba baaabb len 6 6 ntok5 1 ntok6 1
PAIR abbaba aababb len 6 6 ntok5 1 ntok6 1
PAIR abbaba aaabbb len 6 6 ntok5 1 ntok6 1
PAIR abbaba baabbb len 6 6 ntok5 1 ntok6 1
PAIR abbaba aabbbb len 6 6 ntok5 1 ntok6 1
PAIR aaabba aaba len 6 4 ntok5 1 ntok6 1
PAIR aaabba baab len 6 4 ntok5 1 ntok6 1
PAIR aaabba aaaba len 6 5 ntok5 1 ntok6 1
PAIR aaabba baaba len 6 5 ntok5 1 ntok6 1
PAIR aaabba bbaab len 6 5 ntok5 1 ntok6 1
PAIR aaabba aabab len 6 5 ntok5 1 ntok6 1
PAIR aaabba baabb len 6 5 ntok5 1 ntok6 1
PAIR aaabba aabbb len 6 5 ntok5 1 ntok6 1
PAIR aaabba aaabaa len 6 6 ntok5 1 ntok6 1
PAIR aaabba aaaaba len 6 6 ntok5 1 ntok6 1
PAIR aaabba baaaba len 6 6 ntok5 1 ntok6 1
PAIR aaabba bbaaba len 6 6 ntok5 1 ntok6 1
PAIR aaabba aababa len 6 6 ntok5 1 ntok6 1
PAIR aaabba baabba len 6 6 ntok5 1 ntok6 1
PAIR aaabba aabbba len 6 6 ntok5 1 ntok6 1
PAIR aaabba babaab len 6 6 ntok5 1 ntok6 1
PAIR aaabba bbbaab len 6 6 ntok5 1 ntok6 1
PAIR aaabba aaabab len 6 6 ntok5 1 ntok6 1
PAIR aaabba baabab len 6 6 ntok5 1 ntok6 1
PAIR aaabba abaabb len 6 6 ntok5 1 ntok6 1
PAIR aaabba bbaabb len 6 6 ntok5 1 ntok6 1
PAIR aaabba aababb len 6 6 ntok5 1 ntok6 1
PAIR aaabba aaabbb len 6 6 ntok5 1 ntok6 1
PAIR aaabba baabbb len 6 6 ntok5 1 ntok6 1
PAIR aaabba aabbbb len 6 6 ntok5 1 ntok6 1
PAIR baabba baaa len 6 4 ntok5 1 ntok6 1
PAIR baabba aaba len 6 4 ntok5 1 ntok6 1
PAIR baabba aaab len 6 4 ntok5 1 ntok6 1
PAIR baabba baaaa len 6 5 ntok5 1 ntok6 1
PAIR baabba abaaa len 6 5 ntok5 1 ntok6 1
PAIR baabba bbaaa len 6 5 ntok5 1 ntok6 1
PAIR baabba aaaba len 6 5 ntok5 1 ntok6 1
PAIR baabba baaba len 6 5 ntok5 1 ntok6 1
PAIR baabba babba len 6 5 ntok5 1 ntok6 1
PAIR baabba aaaab len 6 5 ntok5 1 ntok6 1
PAIR baabba baaab len 6 5 ntok5 1 ntok6 1
PAIR baabba aabab len 6 5 ntok5 1 ntok6 1
PAIR baabba aaabb len 6 5 ntok5 1 ntok6 1
PAIR baabba aabbb len 6 5 ntok5 1 ntok6 1
PAIR baabba baaaaa len 6 6 ntok5 1 ntok6 1
PAIR baabba abaaaa len 6 6 ntok5 1 ntok6 1
PAIR baabba bbaaaa len 6 6 ntok5 1 ntok6 1
PAIR baabba babaaa len 6 6 ntok5 1 ntok6 1
PAIR baabba bbbaaa len 6 6 ntok5 1 ntok6 1
PAIR baabba babbaa len 6 6 ntok5 1 ntok6 1
PAIR baabba aaaaba len 6 6 ntok5 1 ntok6 1
PAIR baabba baaaba len 6 6 ntok5 1 ntok6 1
PAIR baabba bbaaba len 6 6 ntok5 1 ntok6 1
PAIR baabba aababa len 6 6 ntok5 1 ntok6 1
PAIR baabba aaabba len 6 6 ntok5 1 ntok6 1
PAIR baabba aabbba len 6 6 ntok5 1 ntok6 1
PAIR baabba aaaaab len 6 6 ntok5 1 ntok6 1
PAIR baabba baaaab len 6 6 ntok5 1 ntok6 1
PAIR baabba abaaab len 6 6 ntok5 1 ntok6 1
PAIR baabba bbaaab len 6 6 ntok5 1 ntok6 1
PAIR baabba aaabab len 6 6 ntok5 1 ntok6 1
PAIR baabba baabab len 6 6 ntok5 1 ntok6 1
PAIR baabba aaaabb len 6 6 ntok5 1 ntok6 1
PAIR baabba baaabb len 6 6 ntok5 1 ntok6 1
PAIR baabba aababb len 6 6 ntok5 1 ntok6 1
PAIR baabba aaabbb len 6 6 ntok5 1 ntok6 1
PAIR baabba baabbb len 6 6 ntok5 1 ntok6 1
PAIR baabba aabbbb len 6 6 ntok5 1 ntok6 1
PAIR aabbba aaba len 6 4 ntok5 1 ntok6 1
PAIR aabbba aaaba len 6 5 ntok5 1 ntok6 1
PAIR aabbba baaba len 6 5 ntok5 1 ntok6 1
PAIR aabbba aabba len 6 5 ntok5 1 ntok6 1
PAIR aabbba aabab len 6 5 ntok5 1 ntok6 1
PAIR aabbba aaaaba len 6 6 ntok5 1 ntok6 1
PAIR aabbba baaaba len 6 6 ntok5 1 ntok6 1
PAIR aabbba bbaaba len 6 6 ntok5 1 ntok6 1
PAIR aabbba aababa len 6 6 ntok5 1 ntok6 1
PAIR aabbba abbaba len 6 6 ntok5 1 ntok6 1
PAIR aabbba aaabba len 6 6 ntok5 1 ntok6 1
PAIR aabbba baabba len 6 6 ntok5 1 ntok6 1
PAIR aabbba aaabab len 6 6 ntok5 1 ntok6 1
PAIR aabbba baabab len 6 6 ntok5 1 ntok6 1
PAIR aabbba aabbab len 6 6 ntok5 1 ntok6 1
PAIR aabbba aababb len 6 6 ntok5 1 ntok6 1
PAIR aabbba aabbbb len 6 6 ntok5 1 ntok6 1
PAIR aaaaab baab len 6 4 ntok5 1 ntok6 1
PAIR aaaaab baaba len 6 5 ntok5 1 ntok6 1
PAIR aaaaab baaab len 6 5 ntok5 1 ntok6 1
PAIR aaaaab bbaab len 6 5 ntok5 1 ntok6 1
PAIR aaaaab aabab len 6 5 ntok5 1 ntok6 1
PAIR aaaaab baabb len 6 5 ntok5 1 ntok6 1
PAIR aaaaab baaaba len 6 6 ntok5 1 ntok6 1
PAIR aaaaab bbaaba len 6 6 ntok5 1 ntok6 1
PAIR aaaaab aababa len 6 6 ntok5 1 ntok6 1
PAIR aaaaab baabba len 6 6 ntok5 1 ntok6 1
PAIR aaaaab baaaab len 6 6 ntok5 1 ntok6 1
PAIR aaaaab abaaab len 6 6 ntok5 1 ntok6 1
PAIR aaaaab bbaaab len 6 6 ntok5 1 ntok6 1
PAIR aaaaab babaab len 6 6 ntok5 1 ntok6 1
PAIR aaaaab bbbaab len 6 6 ntok5 1 ntok6 1
PAIR aaaaab aaabab len 6 6 ntok5 1 ntok6 1
PAIR aaaaab baabab len 6 6 ntok5 1 ntok6 1
PAIR aaaaab baaabb len 6 6 ntok5 1 ntok6 1
PAIR aaaaab abaabb len 6 6 ntok5 1 ntok6 1
PAIR aaaaab bbaabb len 6 6 ntok5 1 ntok6 1
PAIR aaaaab aababb len 6 6 ntok5 1 ntok6 1
PAIR aaaaab baabbb len 6 6 ntok5 1 ntok6 1
PAIR baaaab baab len 6 4 ntok5 1 ntok6 1
PAIR baaaab baaba len 6 5 ntok5 1 ntok6 1
PAIR baaaab babba len 6 5 ntok5 1 ntok6 1
PAIR baaaab baaab len 6 5 ntok5 1 ntok6 1
PAIR baaaab bbaab len 6 5 ntok5 1 ntok6 1
PAIR baaaab aabab len 6 5 ntok5 1 ntok6 1
PAIR baaaab baabb len 6 5 ntok5 1 ntok6 1
PAIR baaaab baaaaa len 6 6 ntok5 1 ntok6 1
PAIR baaaab babbaa len 6 6 ntok5 1 ntok6 1
PAIR baaaab baaaba len 6 6 ntok5 1 ntok6 1
PAIR baaaab bbaaba len 6 6 ntok5 1 ntok6 1
PAIR baaaab aababa len 6 6 ntok5 1 ntok6 1
PAIR baaaab baabba len 6 6 ntok5 1 ntok6 1
PAIR baaaab aaaaab len 6 6 ntok5 1 ntok6 1
PAIR baaaab abaaab len 6 6 ntok5 1 ntok6 1
PAIR baaaab bbaaab len 6 6 ntok5 1 ntok6 1
PAIR baaaab babaab len 6 6 ntok5 1 ntok6 1
PAIR baaaab bbbaab len 6 6 ntok5 1 ntok6 1
PAIR baaaab baabab len 6 6 ntok5 1 ntok6 1
PAIR baaaab baaabb len 6 6 ntok5 1 ntok6 1
PAIR baaaab abaabb len 6 6 ntok5 1 ntok6 1
PAIR baaaab bbaabb len 6 6 ntok5 1 ntok6 1
PAIR baaaab aababb len 6 6 ntok5 1 ntok6 1
PAIR baaaab baabbb len 6 6 ntok5 1 ntok6 1
PAIR abaaab baaaa len 6 5 ntok5 1 ntok6 1
PAIR abaaab bbaaa len 6 5 ntok5 1 ntok6 1
PAIR abaaab aaaab len 6 5 ntok5 1 ntok6 1
PAIR abaaab baabb len 6 5 ntok5 1 ntok6 1
PAIR abaaab baaaaa len 6 6 ntok5 1 ntok6 1
PAIR abaaab abaaaa len 6 6 ntok5 1 ntok6 1
PAIR abaaab bbaaaa len 6 6 ntok5 1 ntok6 1
PAIR abaaab abbaaa len 6 6 ntok5 1 ntok6 1
PAIR abaaab bbbaaa len 6 6 ntok5 1 ntok6 1
PAIR abaaab babbaa len 6 6 ntok5 1 ntok6 1
PAIR abaaab aaaaba len 6 6 ntok5 1 ntok6 1
PAIR abaaab baabba len 6 6 ntok5 1 ntok6 1
PAIR abaaab aaaaab len 6 6 ntok5 1 ntok6 1
PAIR abaaab baaaab len 6 6 ntok5 1 ntok6 1
PAIR abaaab bbaaab len 6 6 ntok5 1 ntok6 1
PAIR abaaab baabab len 6 6 ntok5 1 ntok6 1
PAIR abaaab aaaabb len 6 6 ntok5 1 ntok6 1
PAIR abaaab abaabb len 6 6 ntok5 1 ntok6 1
PAIR abaaab bbaabb len 6 6 ntok5 1 ntok6 1
PAIR abaaab baabbb len 6 6 ntok5 1 ntok6 1
PAIR bbaaab baab len 6 4 ntok5 1 ntok6 1
PAIR bbaaab baaaa len 6 5 ntok5 1 ntok6 1
PAIR bbaaab abaaa len 6 5 ntok5 1 ntok6 1
PAIR bbaaab babaa len 6 5 ntok5 1 ntok6 1
PAIR bbaaab baaba len 6 5 ntok5 1 ntok6 1
PAIR bbaaab aaaab len 6 5 ntok5 1 ntok6 1
PAIR bbaaab bbaab len 6 5 ntok5 1 ntok6 1
PAIR bbaaab baabb len 6 5 ntok5 1 ntok6 1
PAIR bbaaab baaaaa len 6 6 ntok5 1 ntok6 1
PAIR bbaaab abaaaa len 6 6 ntok5 1 ntok6 1
PAIR bbaaab bbaaaa len 6 6 ntok5 1 ntok6 1
PAIR bbaaab babaaa len 6 6 ntok5 1 ntok6 1
PAIR bbaaab bbabaa len 6 6 ntok5 1 ntok6 1
PAIR bbaaab aaaaba len 6 6 ntok5 1 ntok6 1
PAIR bbaaab bbaaba len 6 6 ntok5 1 ntok6 1
PAIR bbaaab baabba len 6 6 ntok5 1 ntok6 1
PAIR bbaaab aaaaab len 6 6 ntok5 1 ntok6 1
PAIR bbaaab baaaab len 6 6 ntok5 1 ntok6 1
PAIR bbaaab abaaab len 6 6 ntok5 1 ntok6 1
PAIR bbaaab babaab len 6 6 ntok5 1 ntok6 1
PAIR bbaaab bbbaab len 6 6 ntok5 1 ntok6 1
PAIR bbaaab baabab len 6 6 ntok5 1 ntok6 1
PAIR bbaaab aaaabb len 6 6 ntok5 1 ntok6 1
PAIR bbaaab abaabb len 6 6 ntok5 1 ntok6 1
PAIR bbaaab bbaabb len 6 6 ntok5 1 ntok6 1
PAIR bbaaab baabbb len 6 6 ntok5 1 ntok6 1
PAIR babaab baaa len 6 4 ntok5 1 ntok6 1
PAIR babaab bbaa len 6 4 ntok5 1 ntok6 1
PAIR babaab aaab len 6 4 ntok5 1 ntok6 1
PAIR babaab baaaa len 6 5 ntok5 1 ntok6 1
PAIR babaab bbaaa len 6 5 ntok5 1 ntok6 1
PAIR babaab bbbaa len 6 5 ntok5 1 ntok6 1
PAIR babaab aaaba len 6 5 ntok5 1 ntok6 1
PAIR babaab babba len 6 5 ntok5 1 ntok6 1
PAIR babaab aaaab len 6 5 ntok5 1 ntok6 1
PAIR babaab baaab len 6 5 ntok5 1 ntok6 1
PAIR babaab bbaab len 6 5 ntok5 1 ntok6 1
PAIR babaab aaabb len 6 5 ntok5 1 ntok6 1
PAIR babaab baaaaa len 6 6 ntok5 1 ntok6 1
PAIR babaab bbaaaa len 6 6 ntok5 1 ntok6 1
PAIR babaab babaaa len 6 6 ntok5 1 ntok6 1
PAIR babaab bbbaaa len 6 6 ntok5 1 ntok6 1
PAIR babaab aaabaa len 6 6 ntok5 1 ntok6 1
PAIR babaab babbaa len 6 6 ntok5 1 ntok6 1
PAIR babaab bbbbaa len 6 6 ntok5 1 ntok6 1
PAIR babaab aaaaba len 6 6 ntok5 1 ntok6 1
PAIR babaab baaaba len 6 6 ntok5 1 ntok6 1
PAIR babaab bbaaba len 6 6 ntok5 1 ntok6 1
PAIR babaab aababa len 6 6 ntok5 1 ntok6 1
PAIR babaab aaabba len 6 6 ntok5 1 ntok6 1
PAIR babaab aaaaab len 6 6 ntok5 1 ntok6 1
PAIR babaab baaaab len 6 6 ntok5 1 ntok6 1
PAIR babaab bbaaab len 6 6 ntok5 1 ntok6 1
PAIR babaab bbbaab len 6 6 ntok5 1 ntok6 1
PAIR babaab aaabab len 6 6 ntok5 1 ntok6 1
PAIR babaab aaaabb len 6 6 ntok5 1 ntok6 1
PAIR babaab baaabb len 6 6 ntok5 1 ntok6 1
PAIR babaab bbaabb len 6 6 ntok5 1 ntok6 1
PAIR babaab aababb len 6 6 ntok5 1 ntok6 1
PAIR babaab aaabbb len 6 6 ntok5 1 ntok6 1
PAIR bbbaab baaa len 6 4 ntok5 1 ntok6 1
PAIR bbbaab aaab len 6 4 ntok5 1 ntok6 1
PAIR bbbaab baaaa len 6 5 ntok5 1 ntok6 1
PAIR bbbaab bbaaa len 6 5 ntok5 1 ntok6 1
PAIR bbbaab babaa len 6 5 ntok5 1 ntok6 1
PAIR bbbaab aaaba len 6 5 ntok5 1 ntok6 1
PAIR bbbaab babba len 6 5 ntok5 1 ntok6 1
PAIR bbbaab aaaab len 6 5 ntok5 1 ntok6 1
PAIR bbbaab baaab len 6 5 ntok5 1 ntok6 1
PAIR bbbaab aaabb len 6 5 ntok5 1 ntok6 1
PAIR bbbaab baaaaa len 6 6 ntok5 1 ntok6 1
PAIR bbbaab bbaaaa len 6 6 ntok5 1 ntok6 1
PAIR bbbaab babaaa len 6 6 ntok5 1 ntok6 1
PAIR bbbaab bbbaaa len 6 6 ntok5 1 ntok6 1
PAIR bbbaab aaabaa len 6 6 ntok5 1 ntok6 1
PAIR bbbaab bbabaa len 6 6 ntok5 1 ntok6 1
PAIR bbbaab babbaa len 6 6 ntok5 1 ntok6 1
PAIR bbbaab aaaaba len 6 6 ntok5 1 ntok6 1
PAIR bbbaab baaaba len 6 6 ntok5 1 ntok6 1
PAIR bbbaab aaabba len 6 6 ntok5 1 ntok6 1
PAIR bbbaab aaaaab len 6 6 ntok5 1 ntok6 1
PAIR bbbaab baaaab len 6 6 ntok5 1 ntok6 1
PAIR bbbaab bbaaab len 6 6 ntok5 1 ntok6 1
PAIR bbbaab babaab len 6 6 ntok5 1 ntok6 1
PAIR bbbaab aaabab len 6 6 ntok5 1 ntok6 1
PAIR bbbaab aaaabb len 6 6 ntok5 1 ntok6 1
PAIR bbbaab baaabb len 6 6 ntok5 1 ntok6 1
PAIR bbbaab aaabbb len 6 6 ntok5 1 ntok6 1
PAIR aaabab baab len 6 4 ntok5 1 ntok6 1
PAIR aaabab aabb len 6 4 ntok5 1 ntok6 1
PAIR aaabab baaba len 6 5 ntok5 1 ntok6 1
PAIR aaabab aabba len 6 5 ntok5 1 ntok6 1
PAIR aaabab bbaab len 6 5 ntok5 1 ntok6 1
PAIR aaabab aaabb len 6 5 ntok5 1 ntok6 1
PAIR aaabab baabb len 6 5 ntok5 1 ntok6 1
PAIR aaabab aabbb len 6 5 ntok5 1 ntok6 1
PAIR aaabab aaabaa len 6 6 ntok5 1 ntok6 1
PAIR aaabab bbaaba len 6 6 ntok5 1 ntok6 1
PAIR aaabab aaabba len 6 6 ntok5 1 ntok6 1
PAIR aaabab baabba len 6 6 ntok5 1 ntok6 1
PAIR aaabab aabbba len 6 6 ntok5 1 ntok6 1
PAIR aaabab aaaaab len 6 6 ntok5 1 ntok6 1
PAIR aaabab babaab len 6 6 ntok5 1 ntok6 1
PAIR aaabab bbbaab len 6 6 ntok5 1 ntok6 1
PAIR aaabab baabab len 6 6 ntok5 1 ntok6 1
PAIR aaabab aabbab len 6 6 ntok5 1 ntok6 1
PAIR aaabab aaaabb len 6 6 ntok5 1 ntok6 1
PAIR aaabab baaabb len 6 6 ntok5 1 ntok6 1
PAIR aaabab abaabb len 6 6 ntok5 1 ntok6 1
PAIR aaabab bbaabb len 6 6 ntok5 1 ntok6 1
PAIR aaabab aaabbb len 6 6 ntok5 1 ntok6 1
PAIR aaabab baabbb len 6 6 ntok5 1 ntok6 1
PAIR aaabab aabbbb len 6 6 ntok5 1 ntok6 1
PAIR baabab baaa len 6 4 ntok5 1 ntok6 1
PAIR baabab aaab len 6 4 ntok5 1 ntok6 1
PAIR baabab aabb len 6 4 ntok5 1 ntok6 1
PAIR baabab baaaa len 6 5 ntok5 1 ntok6 1
PAIR baabab abaaa len 6 5 ntok5 1 ntok6 1
PAIR baabab bbaaa len 6 5 ntok5 1 ntok6 1
PAIR baabab aaaba len 6 5 ntok5 1 ntok6 1
PAIR baabab aabba len 6 5 ntok5 1 ntok6 1
PAIR baabab aaaab len 6 5 ntok5 1 ntok6 1
PAIR baabab baaab len 6 5 ntok5 1 ntok6 1
PAIR baabab aaabb len 6 5 ntok5 1 ntok6 1
PAIR baabab baabb len 6 5 ntok5 1 ntok6 1
PAIR baabab aabbb len 6 5 ntok5 1 ntok6 1
PAIR baabab baaaaa len 6 6 ntok5 1 ntok6 1
PAIR baabab abaaaa len 6 6 ntok5 1 ntok6 1
PAIR baabab bbaaaa len 6 6 ntok5 1 ntok6 1
PAIR baabab babaaa len 6 6 ntok5 1 ntok6 1
PAIR baabab abbaaa len 6 6 ntok5 1 ntok6 1
PAIR baabab bbbaaa len 6 6 ntok5 1 ntok6 1
PAIR baabab aaaaba len 6 6 ntok5 1 ntok6 1
PAIR baabab baaaba len 6 6 ntok5 1 ntok6 1
PAIR baabab aaabba len 6 6 ntok5 1 ntok6 1
PAIR baabab baabba len 6 6 ntok5 1 ntok6 1
PAIR baabab aabbba len 6 6 ntok5 1 ntok6 1
PAIR baabab aaaaab len 6 6 ntok5 1 ntok6 1
PAIR baabab baaaab len 6 6 ntok5 1 ntok6 1
PAIR baabab abaaab len 6 6 ntok5 1 ntok6 1
PAIR baabab bbaaab len 6 6 ntok5 1 ntok6 1
PAIR baabab aaabab len 6 6 ntok5 1 ntok6 1
PAIR baabab aabbab len 6 6 ntok5 1 ntok6 1
PAIR baabab aaaabb len 6 6 ntok5 1 ntok6 1
PAIR baabab baaabb len 6 6 ntok5 1 ntok6 1
PAIR baabab abaabb len 6 6 ntok5 1 ntok6 1
PAIR baabab bbaabb len 6 6 ntok5 1 ntok6 1
PAIR baabab aaabbb len 6 6 ntok5 1 ntok6 1
PAIR baabab baabbb len 6 6 ntok5 1 ntok6 1
PAIR baabab aabbbb len 6 6 ntok5 1 ntok6 1
PAIR aabbab aaba len 6 4 ntok5 1 ntok6 1
PAIR aabbab baaaa len 6 5 ntok5 1 ntok6 1
PAIR aabbab aaaba len 6 5 ntok5 1 ntok6 1
PAIR aabbab baaba len 6 5 ntok5 1 ntok6 1
PAIR aabbab aabab len 6 5 ntok5 1 ntok6 1
PAIR aabbab aabbb len 6 5 ntok5 1 ntok6 1
PAIR aabbab baaaaa len 6 6 ntok5 1 ntok6 1
PAIR aabbab bbaaaa len 6 6 ntok5 1 ntok6 1
PAIR aabbab aaabaa len 6 6 ntok5 1 ntok6 1
PAIR aabbab aaaaba len 6 6 ntok5 1 ntok6 1
PAIR aabbab baaaba len 6 6 ntok5 1 ntok6 1
PAIR aabbab bbaaba len 6 6 ntok5 1 ntok6 1
PAIR aabbab aababa len 6 6 ntok5 1 ntok6 1
PAIR aabbab aabbba len 6 6 ntok5 1 ntok6 1
PAIR aabbab aaabab len 6 6 ntok5 1 ntok6 1
PAIR aabbab baabab len 6 6 ntok5 1 ntok6 1
PAIR aabbab aaaabb len 6 6 ntok5 1 ntok6 1
PAIR aabbab aababb len 6 6 ntok5 1 ntok6 1
PAIR aabbab aaabbb len 6 6 ntok5 1 ntok6 1
PAIR aabbab baabbb len 6 6 ntok5 1 ntok6 1
PAIR aabbab aabbbb len 6 6 ntok5 1 ntok6 1
PAIR aaaabb aaba len 6 4 ntok5 1 ntok6 1
PAIR aaaabb baab len 6 4 ntok5 1 ntok6 1
PAIR aaaabb aaaba len 6 5 ntok5 1 ntok6 1
PAIR aaaabb baaba len 6 5 ntok5 1 ntok6 1
PAIR aaaabb baaab len 6 5 ntok5 1 ntok6 1
PAIR aaaabb bbaab len 6 5 ntok5 1 ntok6 1
PAIR aaaabb aabab len 6 5 ntok5 1 ntok6 1
PAIR aaaabb baabb len 6 5 ntok5 1 ntok6 1
PAIR aaaabb aaabaa len 6 6 ntok5 1 ntok6 1
PAIR aaaabb aaaaba len 6 6 ntok5 1 ntok6 1
PAIR aaaabb baaaba len 6 6 ntok5 1 ntok6 1
PAIR aaaabb bbaaba len 6 6 ntok5 1 ntok6 1
PAIR aaaabb aababa len 6 6 ntok5 1 ntok6 1
PAIR aaaabb abbaba len 6 6 ntok5 1 ntok6 1
PAIR aaaabb baabba len 6 6 ntok5 1 ntok6 1
PAIR aaaabb abaaab len 6 6 ntok5 1 ntok6 1
PAIR aaaabb bbaaab len 6 6 ntok5 1 ntok6 1
PAIR aaaabb babaab len 6 6 ntok5 1 ntok6 1
PAIR aaaabb bbbaab len 6 6 ntok5 1 ntok6 1
PAIR aaaabb aaabab len 6 6 ntok5 1 ntok6 1
PAIR aaaabb baabab len 6 6 ntok5 1 ntok6 1
PAIR aaaabb aabbab len 6 6 ntok5 1 ntok6 1
PAIR aaaabb baaabb len 6 6 ntok5 1 ntok6 1
PAIR aaaabb abaabb len 6 6 ntok5 1 ntok6 1
PAIR aaaabb bbaabb len 6 6 ntok5 1 ntok6 1
PAIR aaaabb aababb len 6 6 ntok5 1 ntok6 1
PAIR aaaabb baabbb len 6 6 ntok5 1 ntok6 1
PAIR baaabb aaba len 6 4 ntok5 1 ntok6 1
PAIR baaabb baab len 6 4 ntok5 1 ntok6 1
PAIR baaabb baaaa len 6 5 ntok5 1 ntok6 1
PAIR baaabb aaaba len 6 5 ntok5 1 ntok6 1
PAIR baaabb baaba len 6 5 ntok5 1 ntok6 1
PAIR baaabb babba len 6 5 ntok5 1 ntok6 1
PAIR baaabb aaaab len 6 5 ntok5 1 ntok6 1
PAIR baaabb bbaab len 6 5 ntok5 1 ntok6 1
PAIR baaabb aabab len 6 5 ntok5 1 ntok6 1
PAIR baaabb baabb len 6 5 ntok5 1 ntok6 1
PAIR baaabb baaaaa len 6 6 ntok5 1 ntok6 1
PAIR baaabb abaaaa len 6 6 ntok5 1 ntok6 1
PAIR baaabb bbaaaa len 6 6 ntok5 1 ntok6 1
PAIR baaabb aaabaa len 6 6 ntok5 1 ntok6 1
PAIR baaabb babbaa len 6 6 ntok5 1 ntok6 1
PAIR baaabb aaaaba len 6 6 ntok5 1 ntok6 1
PAIR baaabb baaaba len 6 6 ntok5 1 ntok6 1
PAIR baaabb bbaaba len 6 6 ntok5 1 ntok6 1
PAIR baaabb aababa len 6 6 ntok5 1 ntok6 1
PAIR baaabb abbaba len 6 6 ntok5 1 ntok6 1
PAIR baaabb baabba len 6 6 ntok5 1 ntok6 1
PAIR baaabb aaaaab len 6 6 ntok5 1 ntok6 1
PAIR baaabb baaaab len 6 6 ntok5 1 ntok6 1
PAIR baaabb babaab len 6 6 ntok5 1 ntok6 1
PAIR baaabb bbbaab len 6 6 ntok5 1 ntok6 1
PAIR baaabb aaabab len 6 6 ntok5 1 ntok6 1
PAIR baaabb baabab len 6 6 ntok5 1 ntok6 1
PAIR baaabb aaaabb len 6 6 ntok5 1 ntok6 1
PAIR baaabb abaabb len 6 6 ntok5 1 ntok6 1
PAIR baaabb bbaabb len 6 6 ntok5 1 ntok6 1
PAIR baaabb aababb len 6 6 ntok5 1 ntok6 1
PAIR baaabb baabbb len 6 6 ntok5 1 ntok6 1
PAIR abaabb baaa len 6 4 ntok5 1 ntok6 1
PAIR abaabb aaab len 6 4 ntok5 1 ntok6 1
PAIR abaabb baaaa len 6 5 ntok5 1 ntok6 1
PAIR abaabb abaaa len 6 5 ntok5 1 ntok6 1
PAIR abaabb bbaaa len 6 5 ntok5 1 ntok6 1
PAIR abaabb aaaba len 6 5 ntok5 1 ntok6 1
PAIR abaabb aaaab len 6 5 ntok5 1 ntok6 1
PAIR abaabb baaab len 6 5 ntok5 1 ntok6 1
PAIR abaabb aabab len 6 5 ntok5 1 ntok6 1
PAIR abaabb aaabb len 6 5 ntok5 1 ntok6 1
PAIR abaabb baaaaa len 6 6 ntok5 1 ntok6 1
PAIR abaabb abaaaa len 6 6 ntok5 1 ntok6 1
PAIR abaabb bbaaaa len 6 6 ntok5 1 ntok6 1
PAIR abaabb babaaa len 6 6 ntok5 1 ntok6 1
PAIR abaabb bbbaaa len 6 6 ntok5 1 ntok6 1
PAIR abaabb babbaa len 6 6 ntok5 1 ntok6 1
PAIR abaabb aaaaba len 6 6 ntok5 1 ntok6 1
PAIR abaabb baaaba len 6 6 ntok5 1 ntok6 1
PAIR abaabb aababa len 6 6 ntok5 1 ntok6 1
PAIR abaabb aaabba len 6 6 ntok5 1 ntok6 1
PAIR abaabb aaaaab len 6 6 ntok5 1 ntok6 1
PAIR abaabb baaaab len 6 6 ntok5 1 ntok6 1
PAIR abaabb abaaab len 6 6 ntok5 1 ntok6 1
PAIR abaabb bbaaab len 6 6 ntok5 1 ntok6 1
PAIR abaabb aaabab len 6 6 ntok5 1 ntok6 1
PAIR abaabb baabab len 6 6 ntok5 1 ntok6 1
PAIR abaabb aaaabb len 6 6 ntok5 1 ntok6 1
PAIR abaabb baaabb len 6 6 ntok5 1 ntok6 1
PAIR abaabb bbaabb len 6 6 ntok5 1 ntok6 1
PAIR abaabb aababb len 6 6 ntok5 1 ntok6 1
PAIR abaabb aaabbb len 6 6 ntok5 1 ntok6 1
PAIR bbaabb baaa len 6 4 ntok5 1 ntok6 1
PAIR bbaabb aaba len 6 4 ntok5 1 ntok6 1
PAIR bbaabb aaab len 6 4 ntok5 1 ntok6 1
PAIR bbaabb baaaa len 6 5 ntok5 1 ntok6 1
PAIR bbaabb abaaa len 6 5 ntok5 1 ntok6 1
PAIR bbaabb bbaaa len 6 5 ntok5 1 ntok6 1
PAIR bbaabb babaa len 6 5 ntok5 1 ntok6 1
PAIR bbaabb aaaba len 6 5 ntok5 1 ntok6 1
PAIR bbaabb baaba len 6 5 ntok5 1 ntok6 1
PAIR bbaabb aaaab len 6 5 ntok5 1 ntok6 1
PAIR bbaabb baaab len 6 5 ntok5 1 ntok6 1
PAIR bbaabb aabab len 6 5 ntok5 1 ntok6 1
PAIR bbaabb aaabb len 6 5 ntok5 1 ntok6 1
PAIR bbaabb baaaaa len 6 6 ntok5 1 ntok6 1
PAIR bbaabb abaaaa len 6 6 ntok5 1 ntok6 1
PAIR bbaabb bbaaaa len 6 6 ntok5 1 ntok6 1
PAIR bbaabb babaaa len 6 6 ntok5 1 ntok6 1
PAIR bbaabb bbbaaa len 6 6 ntok5 1 ntok6 1
PAIR bbaabb aaabaa len 6 6 ntok5 1 ntok6 1
PAIR bbaabb bbabaa len 6 6 ntok5 1 ntok6 1
PAIR bbaabb aaaaba len 6 6 ntok5 1 ntok6 1
PAIR bbaabb baaaba len 6 6 ntok5 1 ntok6 1
PAIR bbaabb bbaaba len 6 6 ntok5 1 ntok6 1
PAIR bbaabb aababa len 6 6 ntok5 1 ntok6 1
PAIR bbaabb aaabba len 6 6 ntok5 1 ntok6 1
PAIR bbaabb aaaaab len 6 6 ntok5 1 ntok6 1
PAIR bbaabb baaaab len 6 6 ntok5 1 ntok6 1
PAIR bbaabb abaaab len 6 6 ntok5 1 ntok6 1
PAIR bbaabb bbaaab len 6 6 ntok5 1 ntok6 1
PAIR bbaabb babaab len 6 6 ntok5 1 ntok6 1
PAIR bbaabb aaabab len 6 6 ntok5 1 ntok6 1
PAIR bbaabb baabab len 6 6 ntok5 1 ntok6 1
PAIR bbaabb aaaabb len 6 6 ntok5 1 ntok6 1
PAIR bbaabb baaabb len 6 6 ntok5 1 ntok6 1
PAIR bbaabb abaabb len 6 6 ntok5 1 ntok6 1
PAIR bbaabb aababb len 6 6 ntok5 1 ntok6 1
PAIR bbaabb aaabbb len 6 6 ntok5 1 ntok6 1
PAIR aababb aabb len 6 4 ntok5 1 ntok6 1
PAIR aababb aabba len 6 5 ntok5 1 ntok6 1
PAIR aababb aaaab len 6 5 ntok5 1 ntok6 1
PAIR aababb aaabb len 6 5 ntok5 1 ntok6 1
PAIR aababb baabb len 6 5 ntok5 1 ntok6 1
PAIR aababb aabbb len 6 5 ntok5 1 ntok6 1
PAIR aababb aababa len 6 6 ntok5 1 ntok6 1
PAIR aababb abbaba len 6 6 ntok5 1 ntok6 1
PAIR aababb aaabba len 6 6 ntok5 1 ntok6 1
PAIR aababb baabba len 6 6 ntok5 1 ntok6 1
PAIR aababb aabbba len 6 6 ntok5 1 ntok6 1
PAIR aababb aaaaab len 6 6 ntok5 1 ntok6 1
PAIR aababb baaaab len 6 6 ntok5 1 ntok6 1
PAIR aababb babaab len 6 6 ntok5 1 ntok6 1
PAIR aababb aabbab len 6 6 ntok5 1 ntok6 1
PAIR aababb aaaabb len 6 6 ntok5 1 ntok6 1
PAIR aababb baaabb len 6 6 ntok5 1 ntok6 1
PAIR aababb abaabb len 6 6 ntok5 1 ntok6 1
PAIR aababb bbaabb len 6 6 ntok5 1 ntok6 1
PAIR aababb aaabbb len 6 6 ntok5 1 ntok6 1
PAIR aababb baabbb len 6 6 ntok5 1 ntok6 1
PAIR aababb aabbbb len 6 6 ntok5 1 ntok6 1
PAIR aaabbb aaba len 6 4 ntok5 1 ntok6 1
PAIR aaabbb baab len 6 4 ntok5 1 ntok6 1
PAIR aaabbb aaaba len 6 5 ntok5 1 ntok6 1
PAIR aaabbb baaba len 6 5 ntok5 1 ntok6 1
PAIR aaabbb aabba len 6 5 ntok5 1 ntok6 1
PAIR aaabbb bbaab len 6 5 ntok5 1 ntok6 1
PAIR aaabbb aabab len 6 5 ntok5 1 ntok6 1
PAIR aaabbb baabb len 6 5 ntok5 1 ntok6 1
PAIR aaabbb aaabaa len 6 6 ntok5 1 ntok6 1
PAIR aaabbb aaaaba len 6 6 ntok5 1 ntok6 1
PAIR aaabbb baaaba len 6 6 ntok5 1 ntok6 1
PAIR aaabbb bbaaba len 6 6 ntok5 1 ntok6 1
PAIR aaabbb aababa len 6 6 ntok5 1 ntok6 1
PAIR aaabbb abbaba len 6 6 ntok5 1 ntok6 1
PAIR aaabbb aaabba len 6 6 ntok5 1 ntok6 1
PAIR aaabbb baabba len 6 6 ntok5 1 ntok6 1
PAIR aaabbb babaab len 6 6 ntok5 1 ntok6 1
PAIR aaabbb bbbaab len 6 6 ntok5 1 ntok6 1
PAIR aaabbb aaabab len 6 6 ntok5 1 ntok6 1
PAIR aaabbb baabab len 6 6 ntok5 1 ntok6 1
PAIR aaabbb aabbab len 6 6 ntok5 1 ntok6 1
PAIR aaabbb abaabb len 6 6 ntok5 1 ntok6 1
PAIR aaabbb bbaabb len 6 6 ntok5 1 ntok6 1
PAIR aaabbb aababb len 6 6 ntok5 1 ntok6 1
PAIR aaabbb baabbb len 6 6 ntok5 1 ntok6 1
PAIR baabbb baaa len 6 4 ntok5 1 ntok6 1
PAIR baabbb aaba len 6 4 ntok5 1 ntok6 1
PAIR baabbb aaab len 6 4 ntok5 1 ntok6 1
PAIR baabbb baaaa len 6 5 ntok5 1 ntok6 1
PAIR baabbb abaaa len 6 5 ntok5 1 ntok6 1
PAIR baabbb bbaaa len 6 5 ntok5 1 ntok6 1
PAIR baabbb aaaba len 6 5 ntok5 1 ntok6 1
PAIR baabbb baaba len 6 5 ntok5 1 ntok6 1
PAIR baabbb aabba len 6 5 ntok5 1 ntok6 1
PAIR baabbb babba len 6 5 ntok5 1 ntok6 1
PAIR baabbb aaaab len 6 5 ntok5 1 ntok6 1
PAIR baabbb baaab len 6 5 ntok5 1 ntok6 1
PAIR baabbb aabab len 6 5 ntok5 1 ntok6 1
PAIR baabbb aaabb len 6 5 ntok5 1 ntok6 1
PAIR baabbb baaaaa len 6 6 ntok5 1 ntok6 1
PAIR baabbb abaaaa len 6 6 ntok5 1 ntok6 1
PAIR baabbb bbaaaa len 6 6 ntok5 1 ntok6 1
PAIR baabbb babaaa len 6 6 ntok5 1 ntok6 1
PAIR baabbb abbaaa len 6 6 ntok5 1 ntok6 1
PAIR baabbb bbbaaa len 6 6 ntok5 1 ntok6 1
PAIR baabbb aaaaba len 6 6 ntok5 1 ntok6 1
PAIR baabbb baaaba len 6 6 ntok5 1 ntok6 1
PAIR baabbb bbaaba len 6 6 ntok5 1 ntok6 1
PAIR baabbb aababa len 6 6 ntok5 1 ntok6 1
PAIR baabbb abbaba len 6 6 ntok5 1 ntok6 1
PAIR baabbb aaabba len 6 6 ntok5 1 ntok6 1
PAIR baabbb baabba len 6 6 ntok5 1 ntok6 1
PAIR baabbb aaaaab len 6 6 ntok5 1 ntok6 1
PAIR baabbb baaaab len 6 6 ntok5 1 ntok6 1
PAIR baabbb abaaab len 6 6 ntok5 1 ntok6 1
PAIR baabbb bbaaab len 6 6 ntok5 1 ntok6 1
PAIR baabbb aaabab len 6 6 ntok5 1 ntok6 1
PAIR baabbb baabab len 6 6 ntok5 1 ntok6 1
PAIR baabbb aabbab len 6 6 ntok5 1 ntok6 1
PAIR baabbb aaaabb len 6 6 ntok5 1 ntok6 1
PAIR baabbb baaabb len 6 6 ntok5 1 ntok6 1
PAIR baabbb aababb len 6 6 ntok5 1 ntok6 1
PAIR baabbb aaabbb len 6 6 ntok5 1 ntok6 1
PAIR aabbbb aaba len 6 4 ntok5 1 ntok6 1
PAIR aabbbb aaaba len 6 5 ntok5 1 ntok6 1
PAIR aabbbb baaba len 6 5 ntok5 1 ntok6 1
PAIR aabbbb aabba len 6 5 ntok5 1 ntok6 1
PAIR aabbbb aabab len 6 5 ntok5 1 ntok6 1
PAIR aabbbb aaaaba len 6 6 ntok5 1 ntok6 1
PAIR aabbbb baaaba len 6 6 ntok5 1 ntok6 1
PAIR aabbbb bbaaba len 6 6 ntok5 1 ntok6 1
PAIR aabbbb aababa len 6 6 ntok5 1 ntok6 1
PAIR aabbbb abbaba len 6 6 ntok5 1 ntok6 1
PAIR aabbbb aaabba len 6 6 ntok5 1 ntok6 1
PAIR aabbbb baabba len 6 6 ntok5 1 ntok6 1
PAIR aabbbb aabbba len 6 6 ntok5 1 ntok6 1
PAIR aabbbb aaabab len 6 6 ntok5 1 ntok6 1
PAIR aabbbb baabab len 6 6 ntok5 1 ntok6 1
PAIR aabbbb aabbab len 6 6 ntok5 1 ntok6 1
PAIR aabbbb aababb len 6 6 ntok5 1 ntok6 1
# pairs with |M|,|A0| <= 5: 142 (cross-check vs find_constants)
