/usr/bin/time -v python3 -W ignore ../rev-try/verify_r20_ol1.py   (cwd=rev/, evaluator prov.py+lcore.py; wall-clock below)
T1 Lemma M (match condition: firing set, output string, planted depth BotSum(s)+t*Delta-p0+rho_j, inherited BotSum(j)+t*Delta, locality), 20 (p0,p1,R) cases x k=4..6: VERIFIED
T2a I(a,b)+I(c,d)=I(e,f), exponents <= 8: solutions are exactly consecutive merges (empty sides allowed): VERIFIED
T2b I(a,b)-I(c,d)=I(e,f): solutions are exactly bottom/top sub-interval removals: VERIFIED
T2c scaling 3*I(a,b) = I(a+1,b+1) (the carry generator): VERIFIED
T2d vanishing collected signed sums (support <= 4, exponents <= 8, sum|coef| <= 6): 113826 checked, 542 vanishing, all carry-generated: VERIFIED
T3 channel rigidity (k=7,8; 2025 distinct constants: ladders, site terms, ALL two-interval differences, small, random): multi-hit channels are exactly the bottom ladders; 2-hit channels are cross-pairs or truncated ladders: VERIFIED {0: 1717, 1: 157, 2: 142, 'ladder': 9}
T3d DRIFT VIOLATION -3 8 [(0, [(2, 2)]), (1, [(2, 2)]), (3, [(1, 3)]), (4, [(2, 4)])]
T3d DRIFT VIOLATION -9 8 [(0, [(2, 2)]), (1, [(1, 1)]), (2, [(1, 1)])]
T3d drifting channels (Delta x c battery): |hits| <= 2: ANOMALY
T4i the bottom-ladder pass [baa/aba]X plants at I(1,s) at every firing (k=4..7), and the ladder is magnitude-capped below 3^k (all mirror targets are >= 3^k): VERIFIED
T4ii small patterns (p0,p1 <= 9, R-mass <= 9, 6500 passes) on D(5;3): no plant at any mirror depth I(t+1,5): VERIFIED
T4iii the double-exact-tuned pass (p0=3^{k-1}, p1=3^k; both top runs fully consumed = TWO scale slots) plants a separator at depth exactly 3^k = I(k,k) = rev-first-separator depth, k=4..6, byte-exact: VERIFIED
ROUND 20 MACHINE VERDICT: match condition + kernel + rigidity VERIFIED; the mirror family demands per-target channels (ROUND20_REPORT.md)
WALL 2.13 s  MAXRSS 12676 KB  EXIT 0

================ RUN 2 (post-anomaly fix; the honest anomaly record) ===========
/usr/bin/time -v python3 -W ignore ../rev-try/verify_r20_ol1.py   (cwd=rev/, evaluator prov.py+lcore.py; wall-clock below)
CONTEXT: run 1 flagged two T3d drifting-channel violations: (delta=-3,c=8) 4
hits, (delta=-9,c=8) 3 hits.  HAND ANALYSIS (recorded before re-running; see
ROUND20_REPORT.md sec 5): both are ARITHMETIC GHOSTS -- no pass can realize
them.  Realizability (the pattern side of the two-sided match): the channel
constant is c = rho_j - p0 with 0 <= rho_j <= M_R = Delta+p0+p1, and at the
first firing s0 the flanks must fit: p1 <= 3^{s0+1}, p0 <= 3^{s0}; hence the
NECESSARY fit bounds  c <= Delta + 3^{s0+1}  and  -c <= 3^{s0}.  Violation 1
needs c=8 <= -3+3^1 = 0: false.  Violation 2 needs 8 <= -9+3 = -6: false.
So both are killed by the fit window; the drift claims as originally stated
tested unconstrained (Delta,c) pairs, which is the wrong domain.  FIX: T3 and
T3d now apply the realizability filter (necessary conditions only, so the
verified statement is the STRONGER one: channels satisfying the necessary fit
bounds alone are rigid); T4iv added (the mirror-target forcing: for every
s <= k-2 the mirror channel constant exceeds the fit window 3^{s+1}, so the
firing is forced to sigma = k-1, where the trailing bite p1 lies in the exact
top-scale window [c, 3^k] with leftover 3^k - c = BotSum(u-1)).
(T1/T2/T4 unchanged from run 1 and re-verified byte-identically.)
T1 Lemma M (match condition: firing set, output string, planted depth BotSum(s)+t*Delta-p0+rho_j, inherited BotSum(j)+t*Delta, locality), 20 (p0,p1,R) cases x k=4..6: VERIFIED
T2a I(a,b)+I(c,d)=I(e,f), exponents <= 8: solutions are exactly consecutive merges (empty sides allowed): VERIFIED
T2b I(a,b)-I(c,d)=I(e,f): solutions are exactly bottom/top sub-interval removals: VERIFIED
T2c scaling 3*I(a,b) = I(a+1,b+1) (the carry generator): VERIFIED
T2d vanishing collected signed sums (support <= 4, exponents <= 8, sum|coef| <= 6): 113826 checked, 542 vanishing, all carry-generated: VERIFIED
T3 channel rigidity WITH the two-sided match (realizability filter; k=7,8; 2025 distinct constants: ladders, site terms, ALL two-interval differences, small, random): every REALIZABLE channel with >= 2 non-inherited anchored hits is exactly the bottom-fixed ladder; the cross-pair arithmetic families are fit-killed ghosts: VERIFIED {0: 1717, 1: 17, 2: 0, 'ladder': 11, 'ghost': 280}
T3d drifting channels (Delta x c battery) WITH realizability filter, realizable |hits| <= 2 (30 grid points fit-killed): VERIFIED
T4iv mirror-target forcing: sigma = k-1 forced (s <= k-2 constants exceed the fit window 3^{s+1}); sigma = k-1 window [c, 3^k] nonempty with leftover 3^k - c = BotSum(u-1): VERIFIED
T4i the bottom-ladder pass [baa/aba]X plants at I(1,s) at every firing (k=4..7), and the ladder is magnitude-capped below 3^k (all mirror targets are >= 3^k): VERIFIED
T4ii small patterns (p0,p1 <= 9, R-mass <= 9, 6500 passes) on D(5;3): no plant at any mirror depth I(t+1,5): VERIFIED
T4iii the double-exact-tuned pass (p0=3^{k-1}, p1=3^k; both top runs fully consumed = TWO scale slots) plants a separator at depth exactly 3^k = I(k,k) = rev-first-separator depth, k=4..6, byte-exact: VERIFIED
ROUND 20 MACHINE VERDICT: match condition + kernel + rigidity VERIFIED; the mirror family demands per-target channels (ROUND20_REPORT.md)
WALL 0:02.15
MAXRSS 12824 KB
EXIT 0
